 libRVO

 Timestamp is 58ab58ef (Mon Feb 20 22:00:31 2017)

 Preferred load address is 0000000180000000

 Start         Length     Name                   Class
 0001:00000000 000000c0H .text$di                CODE
 0001:000000c0 00030570H .text$mn                CODE
 0001:00030630 00000020H .text$mn$00             CODE
 0001:00030650 000008b0H .text$x                 CODE
 0001:00030f00 000000b3H .text$yd                CODE
 0002:00000000 00000270H .idata$5                DATA
 0002:00000270 00000010H .00cfg                  DATA
 0002:00000280 00000008H .CRT$XCA                DATA
 0002:00000288 00000068H .CRT$XCU                DATA
 0002:000002f0 00000008H .CRT$XCZ                DATA
 0002:000002f8 00000008H .CRT$XIA                DATA
 0002:00000300 00000018H .CRT$XIC                DATA
 0002:00000318 00000008H .CRT$XIZ                DATA
 0002:00000320 00000008H .CRT$XPA                DATA
 0002:00000328 00000010H .CRT$XPX                DATA
 0002:00000338 00000008H .CRT$XPXA               DATA
 0002:00000340 00000008H .CRT$XPZ                DATA
 0002:00000348 00000008H .CRT$XTA                DATA
 0002:00000350 00000010H .CRT$XTZ                DATA
 0002:00000360 00010208H .rdata                  DATA
 0002:00010568 00000404H .rdata$r                DATA
 0002:0001096c 000003ecH .rdata$zzzdbg           DATA
 0002:00010d58 00000008H .rtc$IAA                DATA
 0002:00010d60 00000008H .rtc$IZZ                DATA
 0002:00010d68 00000008H .rtc$TAA                DATA
 0002:00010d70 00000010H .rtc$TZZ                DATA
 0002:00010d80 000023b0H .xdata                  DATA
 0002:00013130 00000294H .xdata$x                DATA
 0002:000133c4 00000020H .didat$2                DATA
 0002:000133e4 00000024H .didat$3                DATA
 0002:00013408 00000190H .didat$4                DATA
 0002:00013598 00000dc8H .didat$6                DATA
 0002:00014360 00000190H .didat$7                DATA
 0002:000144f0 00000050H .edata                  DATA
 0002:00014540 00000014H .idata$2                DATA
 0002:00014554 00000014H .idata$3                DATA
 0002:00014568 00000270H .idata$4                DATA
 0002:000147d8 000005b2H .idata$6                DATA
 0003:00000000 000010b0H .data                   DATA
 0003:000010b0 00000168H .data$r                 DATA
 0003:00001218 00000198H .didat$5                DATA
 0003:000013b0 0000135cH .bss                    DATA
 0004:00000000 00002448H .pdata                  DATA
 0005:00000000 00000084H .gfids$x                DATA
 0005:00000084 00000058H .gfids$y                DATA
 0006:00000000 00000060H .rsrc$01                DATA
 0006:00000060 00000180H .rsrc$02                DATA

  Address         Publics by Value              Rva+Base               Lib:Object

 0000:00000000       __guard_longjmp_count      0000000000000000     <absolute>
 0000:00000000       __guard_longjmp_table      0000000000000000     <absolute>
 0000:00000000       __guard_iat_table          0000000000000000     <absolute>
 0000:00000000       __guard_iat_count          0000000000000000     <absolute>
 0000:00000000       __dynamic_value_reloc_table 0000000000000000     <absolute>
 0000:00000000       __guard_fids_count         0000000000000000     <absolute>
 0000:00000000       ___safe_se_handler_table   0000000000000000     <absolute>
 0000:00000000       ___safe_se_handler_count   0000000000000000     <absolute>
 0000:00000000       __guard_fids_table         0000000000000000     <absolute>
 0000:00000100       __guard_flags              0000000000000100     <absolute>
 0000:00000000       __ImageBase                0000000180000000     <linker-defined>
 0001:000000c0       __local_stdio_printf_options 00000001800010c0 f i libRVO_wrap.obj
 0001:000000d0       sprintf                    00000001800010d0 f i libRVO_wrap.obj
 0001:00000130       ??0exception@stdext@@QEAA@AEBV01@@Z 0000000180001130 f i libRVO_wrap.obj
 0001:00000150       ?what@exception@stdext@@UEBAPEBDXZ 0000000180001150 f i libRVO_wrap.obj
 0001:00000170       __except_validate_context_record 0000000180001170 f i libvcruntime:jbcxrval.obj
 0001:00000170       _guard_check_icall_nop     0000000180001170 f i LIBCMT:guard_support.obj
 0001:00000170       ?_Doraise@exception@stdext@@MEBAXXZ 0000000180001170 f i libRVO_wrap.obj
 0001:00000180       ??_Eout_of_range@std@@UEAAPEAXI@Z 0000000180001180 f i * CIL library *:* CIL module *
 0001:00000180       ??_Gout_of_range@std@@UEAAPEAXI@Z 0000000180001180 f i libRVO_wrap.obj
 0001:00000180       ??_Elogic_error@std@@UEAAPEAXI@Z 0000000180001180 f i * CIL library *:* CIL module *
 0001:00000180       ??_Gexception@stdext@@UEAAPEAXI@Z 0000000180001180 f i libRVO_wrap.obj
 0001:00000180       ??_Glogic_error@std@@UEAAPEAXI@Z 0000000180001180 f i libRVO_wrap.obj
 0001:00000180       ??_Eexception@stdext@@UEAAPEAXI@Z 0000000180001180 f i * CIL library *:* CIL module *
 0001:000001b0       ??1out_of_range@std@@UEAA@XZ 00000001800011b0 f i libRVO_wrap.obj
 0001:00000330       ?error@V8ErrorHandler@@UEAAXHPEBD@Z 0000000180001330 f i libRVO_wrap.obj
 0001:00000390       ??_EV8ErrorHandler@@UEAAPEAXI@Z 0000000180001390 f i * CIL library *:* CIL module *
 0001:00000390       ??_GV8ErrorHandler@@UEAAPEAXI@Z 0000000180001390 f i libRVO_wrap.obj
 0001:000003c0       ?error@OverloadErrorHandler@@UEAAXHPEBD@Z 00000001800013c0 f i libRVO_wrap.obj
 0001:00000440       ??0SWIGV8_Proxy@@QEAA@XZ   0000000180001440 f i libRVO_wrap.obj
 0001:00000f70       ?distSqPointLineSegment@RVO@@YAMAEBVVector2@1@00@Z 0000000180001f70 f i libRVO_wrap.obj
 0001:00001180       ??0out_of_range@std@@QEAA@AEBV01@@Z 0000000180002180 f i libRVO_wrap.obj
 0001:000011a0       ??0logic_error@std@@QEAA@AEBV01@@Z 00000001800021a0 f i libRVO_wrap.obj
 0001:00001560       ??_GOverloadErrorHandler@@UEAAPEAXI@Z 0000000180002560 f i libRVO_wrap.obj
 0001:00001560       ??_EOverloadErrorHandler@@UEAAPEAXI@Z 0000000180002560 f i * CIL library *:* CIL module *
 0001:00012530       libRVO_initialize          0000000180013530 f   libRVO_wrap.obj
 0001:000157d0       ?push_back@?$vector@NV?$allocator@N@std@@@std@@QEAAXAEBN@Z 00000001800167d0 f i libRVO_wrap.obj
 0001:00015860       ??0?$vector@NV?$allocator@N@std@@@std@@QEAA@_K@Z 0000000180016860 f i libRVO_wrap.obj
 0001:000158e0       ?push_back@?$vector@HV?$allocator@H@std@@@std@@QEAAXAEBH@Z 00000001800168e0 f i libRVO_wrap.obj
 0001:00015970       ??0?$vector@HV?$allocator@H@std@@@std@@QEAA@_K@Z 0000000180016970 f i libRVO_wrap.obj
 0001:000159f0       ?push_back@?$vector@VLine@RVO@@V?$allocator@VLine@RVO@@@std@@@std@@QEAAXAEBVLine@RVO@@@Z 00000001800169f0 f i libRVO_wrap.obj
 0001:00015a80       ??0?$vector@VLine@RVO@@V?$allocator@VLine@RVO@@@std@@@std@@QEAA@_K@Z 0000000180016a80 f i libRVO_wrap.obj
 0001:00015b10       ?push_back@?$vector@VVector2@RVO@@V?$allocator@VVector2@RVO@@@std@@@std@@QEAAXAEBVVector2@RVO@@@Z 0000000180016b10 f i libRVO_wrap.obj
 0001:00015ba0       ??0?$vector@VVector2@RVO@@V?$allocator@VVector2@RVO@@@std@@@std@@QEAA@_K@Z 0000000180016ba0 f i libRVO_wrap.obj
 0001:00015c30       ?_Reserve@?$vector@PEAVObstacle@RVO@@V?$allocator@PEAVObstacle@RVO@@@std@@@std@@IEAAX_K@Z 0000000180016c30 f i KdTree.obj
 0001:00015c30       ?_Reserve@?$vector@NV?$allocator@N@std@@@std@@IEAAX_K@Z 0000000180016c30 f i libRVO_wrap.obj
 0001:00015c30       ?_Reserve@?$vector@PEAVAgent@RVO@@V?$allocator@PEAVAgent@RVO@@@std@@@std@@IEAAX_K@Z 0000000180016c30 f i KdTree.obj
 0001:00015cc0       ?_Reallocate@?$vector@PEAVAgent@RVO@@V?$allocator@PEAVAgent@RVO@@@std@@@std@@IEAAX_K@Z 0000000180016cc0 f i KdTree.obj
 0001:00015cc0       ?_Reallocate@?$vector@NV?$allocator@N@std@@@std@@IEAAX_K@Z 0000000180016cc0 f i libRVO_wrap.obj
 0001:00015cc0       ?_Reallocate@?$vector@PEAVObstacle@RVO@@V?$allocator@PEAVObstacle@RVO@@@std@@@std@@IEAAX_K@Z 0000000180016cc0 f i KdTree.obj
 0001:00015da0       ?_Reserve@?$vector@HV?$allocator@H@std@@@std@@IEAAX_K@Z 0000000180016da0 f i libRVO_wrap.obj
 0001:00015e30       ?_Reallocate@?$vector@HV?$allocator@H@std@@@std@@IEAAX_K@Z 0000000180016e30 f i libRVO_wrap.obj
 0001:00015f10       ?_Tidy@?$vector@VLine@RVO@@V?$allocator@VLine@RVO@@@std@@@std@@IEAAXXZ 0000000180016f10 f i libRVO_wrap.obj
 0001:00015f10       ?_Tidy@?$vector@U?$pair@MPEBVAgent@RVO@@@std@@V?$allocator@U?$pair@MPEBVAgent@RVO@@@std@@@2@@std@@IEAAXXZ 0000000180016f10 f i libRVO_wrap.obj
 0001:00015f10       ?_Tidy@?$vector@U?$pair@MPEBVObstacle@RVO@@@std@@V?$allocator@U?$pair@MPEBVObstacle@RVO@@@std@@@2@@std@@IEAAXXZ 0000000180016f10 f i libRVO_wrap.obj
 0001:00015fa0       ?_Reserve@?$vector@U?$pair@MPEBVAgent@RVO@@@std@@V?$allocator@U?$pair@MPEBVAgent@RVO@@@std@@@2@@std@@IEAAX_K@Z 0000000180016fa0 f i Agent.obj
 0001:00015fa0       ?_Reserve@?$vector@U?$pair@MPEBVObstacle@RVO@@@std@@V?$allocator@U?$pair@MPEBVObstacle@RVO@@@std@@@2@@std@@IEAAX_K@Z 0000000180016fa0 f i Agent.obj
 0001:00015fa0       ?_Reserve@?$vector@VLine@RVO@@V?$allocator@VLine@RVO@@@std@@@std@@IEAAX_K@Z 0000000180016fa0 f i libRVO_wrap.obj
 0001:00016030       ?_Reallocate@?$vector@U?$pair@MPEBVAgent@RVO@@@std@@V?$allocator@U?$pair@MPEBVAgent@RVO@@@std@@@2@@std@@IEAAX_K@Z 0000000180017030 f i Agent.obj
 0001:00016030       ?_Reallocate@?$vector@U?$pair@MPEBVObstacle@RVO@@@std@@V?$allocator@U?$pair@MPEBVObstacle@RVO@@@std@@@2@@std@@IEAAX_K@Z 0000000180017030 f i Agent.obj
 0001:00016030       ?_Reallocate@?$vector@VLine@RVO@@V?$allocator@VLine@RVO@@@std@@@std@@IEAAX_K@Z 0000000180017030 f i libRVO_wrap.obj
 0001:00016180       ?_Reserve@?$vector@VVector2@RVO@@V?$allocator@VVector2@RVO@@@std@@@std@@IEAAX_K@Z 0000000180017180 f i libRVO_wrap.obj
 0001:00016210       ?_Reallocate@?$vector@VVector2@RVO@@V?$allocator@VVector2@RVO@@@std@@@std@@IEAAX_K@Z 0000000180017210 f i libRVO_wrap.obj
 0001:00016310       ?deallocate@?$_Wrap_alloc@V?$allocator@N@std@@@std@@QEAAXPEAN_K@Z 0000000180017310 f i libRVO_wrap.obj
 0001:00016310       ?deallocate@?$_Wrap_alloc@V?$allocator@VVector2@RVO@@@std@@@std@@QEAAXPEAVVector2@RVO@@_K@Z 0000000180017310 f i libRVO_wrap.obj
 0001:00016310       ?deallocate@?$_Wrap_alloc@V?$allocator@PEAVAgent@RVO@@@std@@@std@@QEAAXPEAPEAVAgent@RVO@@_K@Z 0000000180017310 f i KdTree.obj
 0001:00016310       ?deallocate@?$_Wrap_alloc@V?$allocator@PEAVObstacle@RVO@@@std@@@std@@QEAAXPEAPEAVObstacle@RVO@@_K@Z 0000000180017310 f i KdTree.obj
 0001:00016380       ?allocate@?$_Wrap_alloc@V?$allocator@VVector2@RVO@@@std@@@std@@QEAAPEAVVector2@RVO@@_K@Z 0000000180017380 f i libRVO_wrap.obj
 0001:00016380       ?allocate@?$_Wrap_alloc@V?$allocator@PEAVObstacle@RVO@@@std@@@std@@QEAAPEAPEAVObstacle@RVO@@_K@Z 0000000180017380 f i KdTree.obj
 0001:00016380       ?allocate@?$_Wrap_alloc@V?$allocator@N@std@@@std@@QEAAPEAN_K@Z 0000000180017380 f i libRVO_wrap.obj
 0001:000163f0       ?deallocate@?$_Wrap_alloc@V?$allocator@H@std@@@std@@QEAAXPEAH_K@Z 00000001800173f0 f i libRVO_wrap.obj
 0001:00016460       ?allocate@?$_Wrap_alloc@V?$allocator@H@std@@@std@@QEAAPEAH_K@Z 0000000180017460 f i libRVO_wrap.obj
 0001:000164d0       ?allocate@?$_Wrap_alloc@V?$allocator@VLine@RVO@@@std@@@std@@QEAAPEAVLine@RVO@@_K@Z 00000001800174d0 f i libRVO_wrap.obj
 0001:00016540       ?computeNewVelocity@Agent@RVO@@AEAAXXZ 0000000180017540 f   Agent.obj
 0001:00017740       ?insertAgentNeighbor@Agent@RVO@@AEAAXPEBV12@AEAM@Z 0000000180018740 f   Agent.obj
 0001:000178b0       ?insertObstacleNeighbor@Agent@RVO@@AEAAXPEBVObstacle@2@M@Z 00000001800188b0 f   Agent.obj
 0001:000179f0       ?linearProgram1@RVO@@YA_NAEBV?$vector@VLine@RVO@@V?$allocator@VLine@RVO@@@std@@@std@@_KMAEBVVector2@1@_NAEAV41@@Z 00000001800189f0 f   Agent.obj
 0001:00017ce0       ?linearProgram2@RVO@@YA_KAEBV?$vector@VLine@RVO@@V?$allocator@VLine@RVO@@@std@@@std@@MAEBVVector2@1@_NAEAV41@@Z 0000000180018ce0 f   Agent.obj
 0001:00017e70       ?linearProgram3@RVO@@YAXAEBV?$vector@VLine@RVO@@V?$allocator@VLine@RVO@@@std@@@std@@_K1MAEAVVector2@1@@Z 0000000180018e70 f   Agent.obj
 0001:00018540       ??1KdTree@RVO@@AEAA@XZ     0000000180019540 f   KdTree.obj
 0001:000185f0       ?buildAgentTree@KdTree@RVO@@AEAAXXZ 00000001800195f0 f   KdTree.obj
 0001:00018710       ?buildAgentTreeRecursive@KdTree@RVO@@AEAAX_K00@Z 0000000180019710 f   KdTree.obj
 0001:00018cf0       ?buildObstacleTree@KdTree@RVO@@AEAAXXZ 0000000180019cf0 f   KdTree.obj
 0001:00018e90       ?buildObstacleTreeRecursive@KdTree@RVO@@AEAAPEAVObstacleTreeNode@12@AEBV?$vector@PEAVObstacle@RVO@@V?$allocator@PEAVObstacle@RVO@@@std@@@std@@@Z 0000000180019e90 f   KdTree.obj
 0001:00019b20       ?deleteObstacleTree@KdTree@RVO@@AEAAXPEAVObstacleTreeNode@12@@Z 000000018001ab20 f   KdTree.obj
 0001:00019b70       ?queryAgentTreeRecursive@KdTree@RVO@@AEBAXPEAVAgent@2@AEAM_K@Z 000000018001ab70 f   KdTree.obj
 0001:00019d80       ?queryObstacleTreeRecursive@KdTree@RVO@@AEBAXPEAVAgent@2@MPEBVObstacleTreeNode@12@@Z 000000018001ad80 f   KdTree.obj
 0001:00019ea0       ?queryVisibilityRecursive@KdTree@RVO@@AEBA_NAEBVVector2@2@0MPEBVObstacleTreeNode@12@@Z 000000018001aea0 f   KdTree.obj
 0001:0001a170       ?resize@?$vector@VAgentTreeNode@KdTree@RVO@@V?$allocator@VAgentTreeNode@KdTree@RVO@@@std@@@std@@QEAAX_K@Z 000000018001b170 f i KdTree.obj
 0001:0001a280       ?_Reserve@?$vector@VAgentTreeNode@KdTree@RVO@@V?$allocator@VAgentTreeNode@KdTree@RVO@@@std@@@std@@IEAAX_K@Z 000000018001b280 f i KdTree.obj
 0001:0001a350       ?deallocate@?$_Wrap_alloc@V?$allocator@VAgentTreeNode@KdTree@RVO@@@std@@@std@@QEAAXPEAVAgentTreeNode@KdTree@RVO@@_K@Z 000000018001b350 f i KdTree.obj
 0001:0001a3c0       ?_Reallocate@?$vector@VAgentTreeNode@KdTree@RVO@@V?$allocator@VAgentTreeNode@KdTree@RVO@@@std@@@std@@IEAAX_K@Z 000000018001b3c0 f i KdTree.obj
 0001:0001a4e0       ??0RVOSimulator@RVO@@QEAA@MM_KMMMMAEBVVector2@1@@Z 000000018001b4e0 f   RVOSimulator.obj
 0001:0001a630       ??1RVOSimulator@RVO@@QEAA@XZ 000000018001b630 f   RVOSimulator.obj
 0001:0001a860       ?addAgent@RVOSimulator@RVO@@QEAA_KAEBVVector2@2@@Z 000000018001b860 f   RVOSimulator.obj
 0001:0001aa00       ?addAgent@RVOSimulator@RVO@@QEAA_KAEBVVector2@2@M_KMMMM0@Z 000000018001ba00 f   RVOSimulator.obj
 0001:0001aba0       ?addObstacle@RVOSimulator@RVO@@QEAA_KAEBV?$vector@VVector2@RVO@@V?$allocator@VVector2@RVO@@@std@@@std@@@Z 000000018001bba0 f   RVOSimulator.obj
 0001:0001ae70       ?doStep@RVOSimulator@RVO@@QEAAXXZ 000000018001be70 f   RVOSimulator.obj
 0001:0001aff0       ?setAgentDefaults@RVOSimulator@RVO@@QEAAXM_KMMMMAEBVVector2@2@@Z 000000018001bff0 f   RVOSimulator.obj
 0001:0001b14c       __imp_load_?Global@Context@v8@@QEAA?AV?$Local@VObject@v8@@@2@XZ 000000018001c14c f   node:node.exe
 0001:0001b158       __tailMerge_node_exe       000000018001c158 f i node:node.exe
 0001:0001b1d1       __imp_load_?Value@External@v8@@QEBAPEAXXZ 000000018001c1d1 f   node:node.exe
 0001:0001b1dd       __imp_load_?New@External@v8@@SA?AV?$Local@VExternal@v8@@@2@PEAVIsolate@2@PEAX@Z 000000018001c1dd f   node:node.exe
 0001:0001b1e9       __imp_load_?NewFromUnsigned@Integer@v8@@SA?AV?$Local@VInteger@v8@@@2@PEAVIsolate@2@I@Z 000000018001c1e9 f   node:node.exe
 0001:0001b1f5       __imp_load_?New@Integer@v8@@SA?AV?$Local@VInteger@v8@@@2@PEAVIsolate@2@H@Z 000000018001c1f5 f   node:node.exe
 0001:0001b201       __imp_load_?ReportExternalAllocationLimitReached@Isolate@v8@@AEAAXXZ 000000018001c201 f   node:node.exe
 0001:0001b20d       __imp_load_?ThrowException@Isolate@v8@@QEAA?AV?$Local@VValue@v8@@@2@V32@@Z 000000018001c20d f   node:node.exe
 0001:0001b219       __imp_load_?GetCurrentContext@Isolate@v8@@QEAA?AV?$Local@VContext@v8@@@2@XZ 000000018001c219 f   node:node.exe
 0001:0001b225       __imp_load_?GetCurrent@Isolate@v8@@SAPEAV12@XZ 000000018001c225 f   node:node.exe
 0001:0001b231       __imp_load_?CreateHandle@HandleScope@v8@@KAPEAPEAVObject@internal@2@PEAVIsolate@42@PEAV342@@Z 000000018001c231 f   node:node.exe
 0001:0001b23d       __imp_load_??1HandleScope@v8@@QEAA@XZ 000000018001c23d f   node:node.exe
 0001:0001b249       __imp_load_??0HandleScope@v8@@QEAA@PEAVIsolate@1@@Z 000000018001c249 f   node:node.exe
 0001:0001b255       __imp_load_?Set@Template@v8@@QEAAXV?$Local@VName@v8@@@2@V?$Local@VData@v8@@@2@W4PropertyAttribute@2@@Z 000000018001c255 f   node:node.exe
 0001:0001b261       __imp_load_?Error@Exception@v8@@SA?AV?$Local@VValue@v8@@@2@V?$Local@VString@v8@@@2@@Z 000000018001c261 f   node:node.exe
 0001:0001b26d       __imp_load_?SetHiddenPrototype@FunctionTemplate@v8@@QEAAX_N@Z 000000018001c26d f   node:node.exe
 0001:0001b279       __imp_load_?SetClassName@FunctionTemplate@v8@@QEAAXV?$Local@VString@v8@@@2@@Z 000000018001c279 f   node:node.exe
 0001:0001b285       __imp_load_?PrototypeTemplate@FunctionTemplate@v8@@QEAA?AV?$Local@VObjectTemplate@v8@@@2@XZ 000000018001c285 f   node:node.exe
 0001:0001b291       __imp_load_?Inherit@FunctionTemplate@v8@@QEAAXV?$Local@VFunctionTemplate@v8@@@2@@Z 000000018001c291 f   node:node.exe
 0001:0001b29d       __imp_load_?InstanceTemplate@FunctionTemplate@v8@@QEAA?AV?$Local@VObjectTemplate@v8@@@2@XZ 000000018001c29d f   node:node.exe
 0001:0001b2a9       __imp_load_?SetCallHandler@FunctionTemplate@v8@@QEAAXP6AXAEBV?$FunctionCallbackInfo@VValue@v8@@@2@@ZV?$Local@VValue@v8@@@2@PEAVFastAccessorBuilder@experimental@2@@Z 000000018001c2a9 f   node:node.exe
 0001:0001b2b5       __imp_load_?GetFunction@FunctionTemplate@v8@@QEAA?AV?$Local@VFunction@v8@@@2@XZ 000000018001c2b5 f   node:node.exe
 0001:0001b2c1       __imp_load_?New@FunctionTemplate@v8@@SA?AV?$Local@VFunctionTemplate@v8@@@2@PEAVIsolate@2@P6AXAEBV?$FunctionCallbackInfo@VValue@v8@@@2@@ZV?$Local@VValue@v8@@@2@V?$Local@VSignature@v8@@@2@H@Z 000000018001c2c1 f   node:node.exe
 0001:0001b2cd       __imp_load_?ClearWeak@V8@v8@@CAPEAXPEAPEAVObject@internal@2@@Z 000000018001c2cd f   node:node.exe
 0001:0001b2d9       __imp_load_?MakeWeak@V8@v8@@CAXPEAPEAVObject@internal@2@PEAXP6AXAEBV?$WeakCallbackData@VValue@v8@@X@2@@Z@Z 000000018001c2d9 f   node:node.exe
 0001:0001b2e5       __imp_load_?DisposeGlobal@V8@v8@@CAXPEAPEAVObject@internal@2@@Z 000000018001c2e5 f   node:node.exe
 0001:0001b2f1       __imp_load_?GlobalizeReference@V8@v8@@CAPEAPEAVObject@internal@2@PEAVIsolate@42@PEAPEAV342@@Z 000000018001c2f1 f   node:node.exe
 0001:0001b2fd       __imp_load_?IntegerValue@Value@v8@@QEBA_JXZ 000000018001c2fd f   node:node.exe
 0001:0001b309       __imp_load_?NumberValue@Value@v8@@QEBANXZ 000000018001c309 f   node:node.exe
 0001:0001b315       __imp_load_?BooleanValue@Value@v8@@QEBA_NXZ 000000018001c315 f   node:node.exe
 0001:0001b321       __imp_load_?IsNumber@Value@v8@@QEBA_NXZ 000000018001c321 f   node:node.exe
 0001:0001b32d       __imp_load_?IsBoolean@Value@v8@@QEBA_NXZ 000000018001c32d f   node:node.exe
 0001:0001b339       __imp_load_?IsObject@Value@v8@@QEBA_NXZ 000000018001c339 f   node:node.exe
 0001:0001b345       __imp_load_?Escape@EscapableHandleScope@v8@@AEAAPEAPEAVObject@internal@2@PEAPEAV342@@Z 000000018001c345 f   node:node.exe
 0001:0001b351       __imp_load_??0EscapableHandleScope@v8@@QEAA@PEAVIsolate@1@@Z 000000018001c351 f   node:node.exe
 0001:0001b35d       __imp_load_?NewFromUtf8@String@v8@@SA?AV?$Local@VString@v8@@@2@PEAVIsolate@2@PEBDW4NewStringType@12@H@Z 000000018001c35d f   node:node.exe
 0001:0001b369       __imp_load_?WriteUtf8@String@v8@@QEBAHPEADHPEAHH@Z 000000018001c369 f   node:node.exe
 0001:0001b375       __imp_load_?New@Number@v8@@SA?AV?$Local@VNumber@v8@@@2@PEAVIsolate@2@N@Z 000000018001c375 f   node:node.exe
 0001:0001b381       __imp_load_?SlowGetAlignedPointerFromInternalField@Object@v8@@AEAAPEAXH@Z 000000018001c381 f   node:node.exe
 0001:0001b38d       __imp_load_?GetHiddenValue@Object@v8@@QEAA?AV?$Local@VValue@v8@@@2@V?$Local@VString@v8@@@2@@Z 000000018001c38d f   node:node.exe
 0001:0001b399       __imp_load_?SetHiddenValue@Object@v8@@QEAA_NV?$Local@VString@v8@@@2@V?$Local@VValue@v8@@@2@@Z 000000018001c399 f   node:node.exe
 0001:0001b3a5       __imp_load_?SetAlignedPointerInInternalField@Object@v8@@QEAAXHPEAX@Z 000000018001c3a5 f   node:node.exe
 0001:0001b3b1       __imp_load_?InternalFieldCount@Object@v8@@QEAAHXZ 000000018001c3b1 f   node:node.exe
 0001:0001b3bd       __imp_load_?SetAccessor@Object@v8@@QEAA_NV?$Local@VString@v8@@@2@P6AX0AEBV?$PropertyCallbackInfo@VValue@v8@@@2@@ZP6AX0V?$Local@VValue@v8@@@2@AEBV?$PropertyCallbackInfo@X@2@@Z3W4AccessControl@2@W4PropertyAttribute@2@@Z 000000018001c3bd f   node:node.exe
 0001:0001b3c9       __imp_load_?Set@Object@v8@@QEAA_NV?$Local@VValue@v8@@@2@0@Z 000000018001c3c9 f   node:node.exe
 0001:0001b3d5       __imp_load_?SetInternalFieldCount@ObjectTemplate@v8@@QEAAXH@Z 000000018001c3d5 f   node:node.exe
 0001:0001b3e1       __imp_load_?SetAccessor@ObjectTemplate@v8@@QEAAXV?$Local@VString@v8@@@2@P6AX0AEBV?$PropertyCallbackInfo@VValue@v8@@@2@@ZP6AX0V?$Local@VValue@v8@@@2@AEBV?$PropertyCallbackInfo@X@2@@Z3W4AccessControl@2@W4PropertyAttribute@2@V?$Local@VAccessorSignature@v8@@@2@@Z 000000018001c3e1 f   node:node.exe
 0001:0001b3ed       __imp_load_?NewInstance@ObjectTemplate@v8@@QEAA?AV?$Local@VObject@v8@@@2@XZ 000000018001c3ed f   node:node.exe
 0001:0001b3f9       __imp_load_node_module_register 000000018001c3f9 f   node:node.exe
 0001:0001b405       __imp_load_?ToObject@Value@v8@@QEBA?AV?$Local@VObject@v8@@@2@XZ 000000018001c405 f   node:node.exe
 0001:0001b414       ??0bad_alloc@std@@QEAA@AEBV01@@Z 000000018001c414 f i libcpmt:xthrow.obj
 0001:0001b454       ??0bad_alloc@std@@QEAA@XZ  000000018001c454 f i libcpmt:xthrow.obj
 0001:0001b474       ??0exception@std@@QEAA@AEBV01@@Z 000000018001c474 f i libcpmt:xthrow.obj
 0001:0001b4ac       ??0length_error@std@@QEAA@AEBV01@@Z 000000018001c4ac f i libcpmt:xthrow.obj
 0001:0001b4ec       ??0length_error@std@@QEAA@PEBD@Z 000000018001c4ec f i libcpmt:xthrow.obj
 0001:0001b538       ??1bad_alloc@std@@UEAA@XZ  000000018001c538 f i libcpmt:xthrow.obj
 0001:0001b538       ??1length_error@std@@UEAA@XZ 000000018001c538 f i libcpmt:xthrow.obj
 0001:0001b538       ??1bad_exception@std@@UEAA@XZ 000000018001c538 f i libvcruntime:frame.obj
 0001:0001b538       ??1bad_array_new_length@std@@UEAA@XZ 000000018001c538 f i LIBCMT:throw_bad_alloc.obj
 0001:0001b54c       ??_Ebad_exception@std@@UEAAPEAXI@Z 000000018001c54c f i libvcruntime:frame.obj
 0001:0001b54c       ??_Gbad_exception@std@@UEAAPEAXI@Z 000000018001c54c f i libvcruntime:frame.obj
 0001:0001b54c       ??_Ebad_alloc@std@@UEAAPEAXI@Z 000000018001c54c f i libcpmt:xthrow.obj
 0001:0001b54c       ??_Elength_error@std@@UEAAPEAXI@Z 000000018001c54c f i libcpmt:xthrow.obj
 0001:0001b54c       ??_Gbad_alloc@std@@UEAAPEAXI@Z 000000018001c54c f i libcpmt:xthrow.obj
 0001:0001b54c       ??_Eexception@std@@UEAAPEAXI@Z 000000018001c54c f i libcpmt:xthrow.obj
 0001:0001b54c       ??_Gbad_array_new_length@std@@UEAAPEAXI@Z 000000018001c54c f i LIBCMT:throw_bad_alloc.obj
 0001:0001b54c       ??_Glength_error@std@@UEAAPEAXI@Z 000000018001c54c f i libcpmt:xthrow.obj
 0001:0001b54c       ??_Ebad_array_new_length@std@@UEAAPEAXI@Z 000000018001c54c f i LIBCMT:throw_bad_alloc.obj
 0001:0001b54c       ??_Gexception@std@@UEAAPEAXI@Z 000000018001c54c f i libcpmt:xthrow.obj
 0001:0001b590       ?_Xbad_alloc@std@@YAXXZ    000000018001c590 f   libcpmt:xthrow.obj
 0001:0001b590       ?__scrt_throw_std_bad_alloc@@YAXXZ 000000018001c590 f   LIBCMT:throw_bad_alloc.obj
 0001:0001b5b0       ?_Xlength_error@std@@YAXPEBD@Z 000000018001c5b0 f   libcpmt:xthrow.obj
 0001:0001b5d4       ?what@exception@std@@UEBAPEBDXZ 000000018001c5d4 f i libcpmt:xthrow.obj
 0001:0001b600       __security_check_cookie    000000018001c600 f   LIBCMT:_amdsecgs_.obj
 0001:0001b624       ??2@YAPEAX_K@Z             000000018001c624 f   LIBCMT:new_scalar.obj
 0001:0001b660       __scrt_acquire_startup_lock 000000018001c660 f   LIBCMT:utility.obj
 0001:0001b69c       __scrt_dllmain_after_initialize_c 000000018001c69c f   LIBCMT:utility.obj
 0001:0001b6d0       __scrt_dllmain_before_initialize_c 000000018001c6d0 f   LIBCMT:utility.obj
 0001:0001b6e8       __scrt_dllmain_crt_thread_attach 000000018001c6e8 f   LIBCMT:utility.obj
 0001:0001b710       __scrt_dllmain_crt_thread_detach 000000018001c710 f   LIBCMT:utility.obj
 0001:0001b728       __scrt_dllmain_exception_filter 000000018001c728 f   LIBCMT:utility.obj
 0001:0001b78c       __scrt_dllmain_uninitialize_c 000000018001c78c f   LIBCMT:utility.obj
 0001:0001b7bc       __scrt_dllmain_uninitialize_critical 000000018001c7bc f   LIBCMT:utility.obj
 0001:0001b7d0       __scrt_initialize_crt      000000018001c7d0 f   LIBCMT:utility.obj
 0001:0001b81c       __scrt_initialize_onexit_tables 000000018001c81c f   LIBCMT:utility.obj
 0001:0001b8e8       __scrt_is_nonwritable_in_current_image 000000018001c8e8 f   LIBCMT:utility.obj
 0001:0001b984       __scrt_release_startup_lock 000000018001c984 f   LIBCMT:utility.obj
 0001:0001b9a8       __scrt_uninitialize_crt    000000018001c9a8 f   LIBCMT:utility.obj
 0001:0001b9d4       _onexit                    000000018001c9d4 f   LIBCMT:utility.obj
 0001:0001ba24       atexit                     000000018001ca24 f   LIBCMT:utility.obj
 0001:0001ba3c       ??3@YAXPEAX@Z              000000018001ca3c f   LIBCMT:delete_scalar.obj
 0001:0001ba44       ??3@YAXPEAX_K@Z            000000018001ca44 f   LIBCMT:delete_scalar_size.obj
 0001:0001ba4c       ??_Gtype_info@@UEAAPEAXI@Z 000000018001ca4c f i LIBCMT:std_type_info_static.obj
 0001:0001ba4c       ??_Etype_info@@UEAAPEAXI@Z 000000018001ca4c f i LIBCMT:std_type_info_static.obj
 0001:0001bdc4       _DllMainCRTStartup         000000018001cdc4 f   LIBCMT:dll_dllmain.obj
 0001:0001be04       __raise_securityfailure    000000018001ce04 f   LIBCMT:gs_report.obj
 0001:0001be38       __report_gsfailure         000000018001ce38 f   LIBCMT:gs_report.obj
 0001:0001bf0c       __report_rangecheckfailure 000000018001cf0c f   LIBCMT:gs_report.obj
 0001:0001bf20       __report_securityfailure   000000018001cf20 f   LIBCMT:gs_report.obj
 0001:0001c0a0       ??0bad_array_new_length@std@@QEAA@AEBV01@@Z 000000018001d0a0 f i LIBCMT:throw_bad_alloc.obj
 0001:0001c0e0       ??0bad_array_new_length@std@@QEAA@XZ 000000018001d0e0 f i LIBCMT:throw_bad_alloc.obj
 0001:0001c100       ?__scrt_throw_std_bad_array_new_length@@YAXXZ 000000018001d100 f   LIBCMT:throw_bad_alloc.obj
 0001:0001c120       __isa_available_init       000000018001d120 f   LIBCMT:_cpu_disp_.obj
 0001:0001c2e8       DllMain                    000000018001d2e8 f   LIBCMT:dll_dllmain_stub.obj
 0001:0001c2e8       _get_startup_argv_mode     000000018001d2e8 f   LIBCMT:argv_mode.obj
 0001:0001c2f0       __scrt_is_ucrt_dll_in_use  000000018001d2f0 f   LIBCMT:ucrt_detection.obj
 0001:0001c2fc       __crt_debugger_hook        000000018001d2fc f   LIBCMT:utility_desktop.obj
 0001:0001c304       __scrt_fastfail            000000018001d304 f   LIBCMT:utility_desktop.obj
 0001:0001c44c       _guard_check_icall         000000018001d44c f i LIBCMT:checkcfg.obj
 0001:0001c454       __security_init_cookie     000000018001d454 f   LIBCMT:gs_support.obj
 0001:0001c500       ?__scrt_initialize_type_info@@YAXXZ 000000018001d500 f   LIBCMT:tncleanup.obj
 0001:0001c510       ?__scrt_uninitialize_type_info@@YAXXZ 000000018001d510 f   LIBCMT:tncleanup.obj
 0001:0001c51c       __local_stdio_scanf_options 000000018001d51c f i LIBCMT:default_local_stdio_options.obj
 0001:0001c524       __scrt_initialize_default_local_stdio_options 000000018001d524 f   LIBCMT:default_local_stdio_options.obj
 0001:0001c540       __scrt_get_dyn_tls_init_callback 000000018001d540 f   LIBCMT:dyn_tls_init.obj
 0001:0001c548       _RTC_Initialize            000000018001d548 f   LIBCMT:_initsect_.obj
 0001:0001c594       _RTC_Terminate             000000018001d594 f   LIBCMT:_initsect_.obj
 0001:0001c5f0       memmove                    000000018001d5f0 f   libvcruntime:memcpy.obj
 0001:0001c5f0       memcpy                     000000018001d5f0 f   libvcruntime:memcpy.obj
 0001:0001ca28       __std_exception_copy       000000018001da28 f   libvcruntime:std_exception.obj
 0001:0001cab8       __std_exception_destroy    000000018001dab8 f   libvcruntime:std_exception.obj
 0001:0001cae0       _CxxThrowException         000000018001dae0 f   libvcruntime:throw.obj
 0001:0001cbb8       __vcrt_initialize          000000018001dbb8 f   libvcruntime:initialization.obj
 0001:0001cbec       __vcrt_thread_attach       000000018001dbec f   libvcruntime:initialization.obj
 0001:0001cc00       __vcrt_thread_detach       000000018001dc00 f   libvcruntime:initialization.obj
 0001:0001cc14       __vcrt_uninitialize        000000018001dc14 f   libvcruntime:initialization.obj
 0001:0001cc34       __vcrt_uninitialize_critical 000000018001dc34 f   libvcruntime:initialization.obj
 0001:0001cc44       __C_specific_handler       000000018001dc44 f   libvcruntime:_chandler_.obj
 0001:0001ce50       memset                     000000018001de50 f   libvcruntime:memset.obj
 0001:0001cff0       __std_type_info_compare    000000018001dff0 f   libvcruntime:std_type_info.obj
 0001:0001d018       __std_type_info_destroy_list 000000018001e018 f   libvcruntime:std_type_info.obj
 0001:0001d044       __vcrt_freefls             000000018001e044 f   libvcruntime:per_thread_data.obj
 0001:0001d064       __vcrt_freeptd             000000018001e064 f   libvcruntime:per_thread_data.obj
 0001:0001d0b4       __vcrt_getptd              000000018001e0b4 f   libvcruntime:per_thread_data.obj
 0001:0001d0d0       __vcrt_getptd_noexit       000000018001e0d0 f   libvcruntime:per_thread_data.obj
 0001:0001d188       __vcrt_initialize_ptd      000000018001e188 f   libvcruntime:per_thread_data.obj
 0001:0001d1c8       __vcrt_uninitialize_ptd    000000018001e1c8 f   libvcruntime:per_thread_data.obj
 0001:0001d1ec       __vcrt_initialize_locks    000000018001e1ec f   libvcruntime:locks.obj
 0001:0001d234       __vcrt_uninitialize_locks  000000018001e234 f   libvcruntime:locks.obj
 0001:0001d434       __vcrt_FlsAlloc            000000018001e434 f   libvcruntime:winapi_downlevel.obj
 0001:0001d488       __vcrt_FlsFree             000000018001e488 f   libvcruntime:winapi_downlevel.obj
 0001:0001d4dc       __vcrt_FlsGetValue         000000018001e4dc f   libvcruntime:winapi_downlevel.obj
 0001:0001d530       __vcrt_FlsSetValue         000000018001e530 f   libvcruntime:winapi_downlevel.obj
 0001:0001d598       __vcrt_InitializeCriticalSectionEx 000000018001e598 f   libvcruntime:winapi_downlevel.obj
 0001:0001d610       __vcrt_initialize_winapi_thunks 000000018001e610 f   libvcruntime:winapi_downlevel.obj
 0001:0001d65c       __vcrt_uninitialize_winapi_thunks 000000018001e65c f   libvcruntime:winapi_downlevel.obj
 0001:0001d69c       __vcrt_initialize_pure_virtual_call_handler 000000018001e69c f   libvcruntime:purevirt_data.obj
 0001:0001d6d0       _local_unwind              000000018001e6d0 f   libvcruntime:_jmpuwind_.obj
 0001:0001d700       _NLG_Notify                000000018001e700 f   libvcruntime:_jmpuwind_.obj
 0001:0001d720       __NLG_Dispatch2            000000018001e720 f   libvcruntime:_jmpuwind_.obj
 0001:0001d730       __NLG_Return2              000000018001e730 f   libvcruntime:_jmpuwind_.obj
 0001:0001d734       __acrt_call_reportfault    000000018001e734 f   libucrt:invalid_parameter.obj
 0001:0001d890       __acrt_initialize_invalid_parameter_handler 000000018001e890 f   libucrt:invalid_parameter.obj
 0001:0001d898       _invalid_parameter         000000018001e898 f   libucrt:invalid_parameter.obj
 0001:0001d940       _invalid_parameter_noinfo  000000018001e940 f   libucrt:invalid_parameter.obj
 0001:0001d960       _invalid_parameter_noinfo_noreturn 000000018001e960 f   libucrt:invalid_parameter.obj
 0001:0001d990       _invoke_watson             000000018001e990 f   libucrt:invalid_parameter.obj
 0001:0001d9d8       _finite                    000000018001e9d8 f   libucrt:_finite.obj
 0001:0001da04       ??$?RV<lambda_7b91131dde12e1c3dfc74ff76b3f2eac>@@AEAV<lambda_dd75445284c072d0bd3768540cc698fa>@@V<lambda_16bc4ecb55b4718497c16bceaea2ceaf>@@@?$__crt_seh_guarded_call@H@@QEAAH$$QEAV<lambda_7b91131dde12e1c3dfc74ff76b3f2eac>@@AEAV<lambda_dd75445284c072d0bd3768540cc698fa>@@$$QEAV<lambda_16bc4ecb55b4718497c16bceaea2ceaf>@@@Z 000000018001ea04 f i libucrt:output.obj
 0001:0001da44       ??$ensure_buffer_is_big_enough@D@formatting_buffer@__crt_stdio_output@@QEAA_N_K@Z 000000018001ea44 f i libucrt:output.obj
 0001:0001daf0       ??$is_wide_character_specifier@D@__crt_stdio_output@@YA_N_KDW4length_modifier@0@@Z 000000018001eaf0 f i libucrt:output.obj
 0001:0001db20       ??$is_wide_character_specifier@_W@__crt_stdio_output@@YA_N_K_WW4length_modifier@0@@Z 000000018001eb20 f i libucrt:output.obj
 0001:0001db64       ??$type_case_integer_parse_into_buffer@I@?$output_processor@_WV?$stream_output_adapter@_W@__crt_stdio_output@@V?$standard_base@_WV?$stream_output_adapter@_W@__crt_stdio_output@@@2@@__crt_stdio_output@@AEAAXII_N@Z 000000018001eb64 f i libucrt:output.obj
 0001:0001db64       ??$type_case_integer_parse_into_buffer@I@?$output_processor@DV?$string_output_adapter@D@__crt_stdio_output@@V?$standard_base@DV?$string_output_adapter@D@__crt_stdio_output@@@2@@__crt_stdio_output@@AEAAXII_N@Z 000000018001eb64 f i libucrt:output.obj
 0001:0001db64       ??$type_case_integer_parse_into_buffer@I@?$output_processor@_WV?$string_output_adapter@_W@__crt_stdio_output@@V?$standard_base@_WV?$string_output_adapter@_W@__crt_stdio_output@@@2@@__crt_stdio_output@@AEAAXII_N@Z 000000018001eb64 f i libucrt:output.obj
 0001:0001dc00       ??$type_case_integer_parse_into_buffer@_K@?$output_processor@_WV?$stream_output_adapter@_W@__crt_stdio_output@@V?$standard_base@_WV?$stream_output_adapter@_W@__crt_stdio_output@@@2@@__crt_stdio_output@@AEAAX_KI_N@Z 000000018001ec00 f i libucrt:output.obj
 0001:0001dc00       ??$type_case_integer_parse_into_buffer@_K@?$output_processor@_WV?$string_output_adapter@_W@__crt_stdio_output@@V?$standard_base@_WV?$string_output_adapter@_W@__crt_stdio_output@@@2@@__crt_stdio_output@@AEAAX_KI_N@Z 000000018001ec00 f i libucrt:output.obj
 0001:0001dc00       ??$type_case_integer_parse_into_buffer@_K@?$output_processor@DV?$string_output_adapter@D@__crt_stdio_output@@V?$standard_base@DV?$string_output_adapter@D@__crt_stdio_output@@@2@@__crt_stdio_output@@AEAAX_KI_N@Z 000000018001ec00 f i libucrt:output.obj
 0001:0001dc9c       ??$write_multiple_characters@V?$stream_output_adapter@_W@__crt_stdio_output@@D@__crt_stdio_output@@YAXAEBV?$stream_output_adapter@_W@0@DHQEAH@Z 000000018001ec9c f i libucrt:output.obj
 0001:0001dd2c       ??$write_multiple_characters@V?$string_output_adapter@D@__crt_stdio_output@@D@__crt_stdio_output@@YAXAEBV?$string_output_adapter@D@0@DHQEAH@Z 000000018001ed2c f i libucrt:output.obj
 0001:0001dd88       ??$write_multiple_characters@V?$string_output_adapter@_W@__crt_stdio_output@@D@__crt_stdio_output@@YAXAEBV?$string_output_adapter@_W@0@DHQEAH@Z 000000018001ed88 f i libucrt:output.obj
 0001:0001ddf8       ??0?$output_processor@DV?$string_output_adapter@D@__crt_stdio_output@@V?$standard_base@DV?$string_output_adapter@D@__crt_stdio_output@@@2@@__crt_stdio_output@@QEAA@AEBV?$string_output_adapter@D@1@_KQEBDQEAU__crt_locale_pointers@@QEAD@Z 000000018001edf8 f i libucrt:output.obj
 0001:0001de74       ??0?$output_processor@_WV?$string_output_adapter@_W@__crt_stdio_output@@V?$standard_base@_WV?$string_output_adapter@_W@__crt_stdio_output@@@2@@__crt_stdio_output@@QEAA@AEBV?$string_output_adapter@_W@1@_KQEB_WQEAU__crt_locale_pointers@@QEAD@Z 000000018001ee74 f i libucrt:output.obj
 0001:0001de74       ??0?$output_processor@_WV?$stream_output_adapter@_W@__crt_stdio_output@@V?$standard_base@_WV?$stream_output_adapter@_W@__crt_stdio_output@@@2@@__crt_stdio_output@@QEAA@AEBV?$stream_output_adapter@_W@1@_KQEB_WQEAU__crt_locale_pointers@@QEAD@Z 000000018001ee74 f i libucrt:output.obj
 0001:0001def4       ??0_LocaleUpdate@@QEAA@QEAU__crt_locale_pointers@@@Z 000000018001eef4 f i libucrt:output.obj
 0001:0001e074       ?force_decimal_point@__crt_stdio_output@@YAXPEADQEAU__crt_locale_pointers@@@Z 000000018001f074 f i libucrt:output.obj
 0001:0001e0e4       ?parse_int_from_format_string@?$output_processor@DV?$string_output_adapter@D@__crt_stdio_output@@V?$standard_base@DV?$string_output_adapter@D@__crt_stdio_output@@@2@@__crt_stdio_output@@AEAA_NQEAH@Z 000000018001f0e4 f i libucrt:output.obj
 0001:0001e168       ?parse_int_from_format_string@?$output_processor@_WV?$stream_output_adapter@_W@__crt_stdio_output@@V?$standard_base@_WV?$stream_output_adapter@_W@__crt_stdio_output@@@2@@__crt_stdio_output@@AEAA_NQEAH@Z 000000018001f168 f i libucrt:output.obj
 0001:0001e168       ?parse_int_from_format_string@?$output_processor@_WV?$string_output_adapter@_W@__crt_stdio_output@@V?$standard_base@_WV?$string_output_adapter@_W@__crt_stdio_output@@@2@@__crt_stdio_output@@AEAA_NQEAH@Z 000000018001f168 f i libucrt:output.obj
 0001:0001e1e8       ?process@?$output_processor@DV?$string_output_adapter@D@__crt_stdio_output@@V?$standard_base@DV?$string_output_adapter@D@__crt_stdio_output@@@2@@__crt_stdio_output@@QEAAHXZ 000000018001f1e8 f i libucrt:output.obj
 0001:0001e3ec       ?process@?$output_processor@_WV?$stream_output_adapter@_W@__crt_stdio_output@@V?$standard_base@_WV?$stream_output_adapter@_W@__crt_stdio_output@@@2@@__crt_stdio_output@@QEAAHXZ 000000018001f3ec f i libucrt:output.obj
 0001:0001e664       ?process@?$output_processor@_WV?$string_output_adapter@_W@__crt_stdio_output@@V?$standard_base@_WV?$string_output_adapter@_W@__crt_stdio_output@@@2@@__crt_stdio_output@@QEAAHXZ 000000018001f664 f i libucrt:output.obj
 0001:0001e8e0       ?state_case_normal@?$output_processor@DV?$string_output_adapter@D@__crt_stdio_output@@V?$standard_base@DV?$string_output_adapter@D@__crt_stdio_output@@@2@@__crt_stdio_output@@AEAA_NXZ 000000018001f8e0 f i libucrt:output.obj
 0001:0001e954       ?state_case_normal_tchar@?$output_processor@DV?$string_output_adapter@D@__crt_stdio_output@@V?$standard_base@DV?$string_output_adapter@D@__crt_stdio_output@@@2@@__crt_stdio_output@@AEAA_ND@Z 000000018001f954 f i libucrt:output.obj
 0001:0001e9ec       ?state_case_size@?$output_processor@DV?$string_output_adapter@D@__crt_stdio_output@@V?$standard_base@DV?$string_output_adapter@D@__crt_stdio_output@@@2@@__crt_stdio_output@@AEAA_NXZ 000000018001f9ec f i libucrt:output.obj
 0001:0001eb68       ?state_case_size@?$output_processor@_WV?$stream_output_adapter@_W@__crt_stdio_output@@V?$standard_base@_WV?$stream_output_adapter@_W@__crt_stdio_output@@@2@@__crt_stdio_output@@AEAA_NXZ 000000018001fb68 f i libucrt:output.obj
 0001:0001ed0c       ?state_case_size@?$output_processor@_WV?$string_output_adapter@_W@__crt_stdio_output@@V?$standard_base@_WV?$string_output_adapter@_W@__crt_stdio_output@@@2@@__crt_stdio_output@@AEAA_NXZ 000000018001fd0c f i libucrt:output.obj
 0001:0001eeb0       ?state_case_type@?$output_processor@DV?$string_output_adapter@D@__crt_stdio_output@@V?$standard_base@DV?$string_output_adapter@D@__crt_stdio_output@@@2@@__crt_stdio_output@@AEAA_NXZ 000000018001feb0 f i libucrt:output.obj
 0001:0001f12c       ?state_case_type@?$output_processor@_WV?$stream_output_adapter@_W@__crt_stdio_output@@V?$standard_base@_WV?$stream_output_adapter@_W@__crt_stdio_output@@@2@@__crt_stdio_output@@AEAA_NXZ 000000018002012c f i libucrt:output.obj
 0001:0001f3f8       ?state_case_type@?$output_processor@_WV?$string_output_adapter@_W@__crt_stdio_output@@V?$standard_base@_WV?$string_output_adapter@_W@__crt_stdio_output@@@2@@__crt_stdio_output@@AEAA_NXZ 00000001800203f8 f i libucrt:output.obj
 0001:0001f6c4       ?type_case_Z@?$output_processor@DV?$string_output_adapter@D@__crt_stdio_output@@V?$standard_base@DV?$string_output_adapter@D@__crt_stdio_output@@@2@@__crt_stdio_output@@AEAA_NXZ 00000001800206c4 f i libucrt:output.obj
 0001:0001f744       ?type_case_Z@?$output_processor@_WV?$stream_output_adapter@_W@__crt_stdio_output@@V?$standard_base@_WV?$stream_output_adapter@_W@__crt_stdio_output@@@2@@__crt_stdio_output@@AEAA_NXZ 0000000180020744 f i libucrt:output.obj
 0001:0001f744       ?type_case_Z@?$output_processor@_WV?$string_output_adapter@_W@__crt_stdio_output@@V?$standard_base@_WV?$string_output_adapter@_W@__crt_stdio_output@@@2@@__crt_stdio_output@@AEAA_NXZ 0000000180020744 f i libucrt:output.obj
 0001:0001f7c4       ?type_case_a@?$output_processor@DV?$string_output_adapter@D@__crt_stdio_output@@V?$standard_base@DV?$string_output_adapter@D@__crt_stdio_output@@@2@@__crt_stdio_output@@AEAA_NXZ 00000001800207c4 f i libucrt:output.obj
 0001:0001f9e0       ?type_case_a@?$output_processor@_WV?$string_output_adapter@_W@__crt_stdio_output@@V?$standard_base@_WV?$string_output_adapter@_W@__crt_stdio_output@@@2@@__crt_stdio_output@@AEAA_NXZ 00000001800209e0 f i libucrt:output.obj
 0001:0001f9e0       ?type_case_a@?$output_processor@_WV?$stream_output_adapter@_W@__crt_stdio_output@@V?$standard_base@_WV?$stream_output_adapter@_W@__crt_stdio_output@@@2@@__crt_stdio_output@@AEAA_NXZ 00000001800209e0 f i libucrt:output.obj
 0001:0001fc24       ?type_case_c_tchar@?$output_processor@DV?$string_output_adapter@D@__crt_stdio_output@@V?$standard_base@DV?$string_output_adapter@D@__crt_stdio_output@@@2@@__crt_stdio_output@@AEAA_ND@Z 0000000180020c24 f i libucrt:output.obj
 0001:0001fcd8       ?type_case_c_tchar@?$output_processor@_WV?$stream_output_adapter@_W@__crt_stdio_output@@V?$standard_base@_WV?$stream_output_adapter@_W@__crt_stdio_output@@@2@@__crt_stdio_output@@AEAA_N_W@Z 0000000180020cd8 f i libucrt:output.obj
 0001:0001fcd8       ?type_case_c_tchar@?$output_processor@_WV?$string_output_adapter@_W@__crt_stdio_output@@V?$standard_base@_WV?$string_output_adapter@_W@__crt_stdio_output@@@2@@__crt_stdio_output@@AEAA_N_W@Z 0000000180020cd8 f i libucrt:output.obj
 0001:0001fd80       ?type_case_integer@?$output_processor@DV?$string_output_adapter@D@__crt_stdio_output@@V?$standard_base@DV?$string_output_adapter@D@__crt_stdio_output@@@2@@__crt_stdio_output@@AEAA_NI_N@Z 0000000180020d80 f i libucrt:output.obj
 0001:0001fd80       ?type_case_integer@?$output_processor@_WV?$stream_output_adapter@_W@__crt_stdio_output@@V?$standard_base@_WV?$stream_output_adapter@_W@__crt_stdio_output@@@2@@__crt_stdio_output@@AEAA_NI_N@Z 0000000180020d80 f i libucrt:output.obj
 0001:0001fd80       ?type_case_integer@?$output_processor@_WV?$string_output_adapter@_W@__crt_stdio_output@@V?$standard_base@_WV?$string_output_adapter@_W@__crt_stdio_output@@@2@@__crt_stdio_output@@AEAA_NI_N@Z 0000000180020d80 f i libucrt:output.obj
 0001:0001ff20       ?type_case_n@?$output_processor@_WV?$string_output_adapter@_W@__crt_stdio_output@@V?$standard_base@_WV?$string_output_adapter@_W@__crt_stdio_output@@@2@@__crt_stdio_output@@AEAA_NXZ 0000000180020f20 f i libucrt:output.obj
 0001:0001ff20       ?type_case_n@?$output_processor@_WV?$stream_output_adapter@_W@__crt_stdio_output@@V?$standard_base@_WV?$stream_output_adapter@_W@__crt_stdio_output@@@2@@__crt_stdio_output@@AEAA_NXZ 0000000180020f20 f i libucrt:output.obj
 0001:0001ff20       ?type_case_n@?$output_processor@DV?$string_output_adapter@D@__crt_stdio_output@@V?$standard_base@DV?$string_output_adapter@D@__crt_stdio_output@@@2@@__crt_stdio_output@@AEAA_NXZ 0000000180020f20 f i libucrt:output.obj
 0001:0001fffc       ?type_case_s@?$output_processor@DV?$string_output_adapter@D@__crt_stdio_output@@V?$standard_base@DV?$string_output_adapter@D@__crt_stdio_output@@@2@@__crt_stdio_output@@AEAA_NXZ 0000000180020ffc f i libucrt:output.obj
 0001:0002008c       ?type_case_s@?$output_processor@_WV?$string_output_adapter@_W@__crt_stdio_output@@V?$standard_base@_WV?$string_output_adapter@_W@__crt_stdio_output@@@2@@__crt_stdio_output@@AEAA_NXZ 000000018002108c f i libucrt:output.obj
 0001:0002008c       ?type_case_s@?$output_processor@_WV?$stream_output_adapter@_W@__crt_stdio_output@@V?$standard_base@_WV?$stream_output_adapter@_W@__crt_stdio_output@@@2@@__crt_stdio_output@@AEAA_NXZ 000000018002108c f i libucrt:output.obj
 0001:00020154       ?write_stored_string_tchar@?$output_processor@DV?$string_output_adapter@D@__crt_stdio_output@@V?$standard_base@DV?$string_output_adapter@D@__crt_stdio_output@@@2@@__crt_stdio_output@@AEAA_ND@Z 0000000180021154 f i libucrt:output.obj
 0001:0002022c       ?write_stored_string_tchar@?$output_processor@_WV?$stream_output_adapter@_W@__crt_stdio_output@@V?$standard_base@_WV?$stream_output_adapter@_W@__crt_stdio_output@@@2@@__crt_stdio_output@@AEAA_N_W@Z 000000018002122c f i libucrt:output.obj
 0001:00020318       ?write_stored_string_tchar@?$output_processor@_WV?$string_output_adapter@_W@__crt_stdio_output@@V?$standard_base@_WV?$string_output_adapter@_W@__crt_stdio_output@@@2@@__crt_stdio_output@@AEAA_N_W@Z 0000000180021318 f i libucrt:output.obj
 0001:00020408       ?write_string@?$stream_output_adapter@_W@__crt_stdio_output@@QEBAXQEB_WHQEAH1@Z 0000000180021408 f i libucrt:output.obj
 0001:00020514       ?write_string@?$string_output_adapter@D@__crt_stdio_output@@QEBAXQEBDHQEAH1@Z 0000000180021514 f i libucrt:output.obj
 0001:000205d0       ?write_string@?$string_output_adapter@_W@__crt_stdio_output@@QEBAXQEB_WHQEAH1@Z 00000001800215d0 f i libucrt:output.obj
 0001:00020690       __stdio_common_vfwprintf   0000000180021690 f   libucrt:output.obj
 0001:0002071c       __stdio_common_vsprintf    000000018002171c f   libucrt:output.obj
 0001:00020950       __stdio_common_vswprintf   0000000180021950 f   libucrt:output.obj
 0001:00021570       ??$ftprintf@PEAU_iobuf@@PEB_WAEBQEB_WAEBQEB_WAEBI@?$__crt_char_traits@_W@@SAH$$QEAPEAU_iobuf@@$$QEAPEB_WAEBQEB_W2AEBI@Z 0000000180022570 f i libucrt:assert.obj
 0001:00021598       _wassert                   0000000180022598 f   libucrt:assert.obj
 0001:0002161c       fwprintf                   000000018002261c f i libucrt:assert.obj
 0001:00021660       swprintf                   0000000180022660 f i libucrt:assert.obj
 0001:000216b4       __ascii_stricmp            00000001800226b4 f   libucrt:stricmp.obj
 0001:000216f0       _stricmp                   00000001800226f0 f   libucrt:stricmp.obj
 0001:00021738       _stricmp_l                 0000000180022738 f   libucrt:stricmp.obj
 0001:000217ec       __acrt_initialize_new_handler 00000001800227ec f   libucrt:new_handler.obj
 0001:000217f4       _callnewh                  00000001800227f4 f   libucrt:new_handler.obj
 0001:00021834       _query_new_handler         0000000180022834 f   libucrt:new_handler.obj
 0001:00021868       malloc                     0000000180022868 f   libucrt:malloc.obj
 0001:00021870       _seh_filter_dll            0000000180022870 f   libucrt:exception_filter.obj
 0001:00021884       _seh_filter_exe            0000000180022884 f   libucrt:exception_filter.obj
 0001:00021c44       __acrt_initialize_thread_local_exit_callback 0000000180022c44 f   libucrt:exit.obj
 0001:00021c4c       _cexit                     0000000180022c4c f   libucrt:exit.obj
 0001:00021c5c       _exit                      0000000180022c5c f   libucrt:exit.obj
 0001:00021c68       _is_c_termination_complete 0000000180022c68 f   libucrt:exit.obj
 0001:00021e2c       __acrt_allocate_buffer_for_argv 0000000180022e2c f   libucrt:argv_parsing.obj
 0001:00021e90       _configure_narrow_argv     0000000180022e90 f   libucrt:argv_parsing.obj
 0001:000221ec       __dcrt_uninitialize_environments_nolock 00000001800231ec f   libucrt:environment_initialization.obj
 0001:00022224       _initialize_narrow_environment 0000000180023224 f   libucrt:environment_initialization.obj
 0001:0002222c       ??$?RV<lambda_b8c45f8f788dd370798f47cfe8ac3a86>@@AEAV<lambda_4e60a939b0d047cfe11ddc22648dfba9>@@V<lambda_332c3edc96d0294ec56c57d38c1cdfd5>@@@?$__crt_seh_guarded_call@H@@QEAAH$$QEAV<lambda_b8c45f8f788dd370798f47cfe8ac3a86>@@AEAV<lambda_4e60a939b0d047cfe11ddc22648dfba9>@@$$QEAV<lambda_332c3edc96d0294ec56c57d38c1cdfd5>@@@Z 000000018002322c f i libucrt:onexit.obj
 0001:00022268       ??$?RV<lambda_e24bbb7b643b32fcea6fa61b31d4c984>@@AEAV<lambda_275893d493268fdec8709772e3fcec0e>@@V<lambda_9d71df4d7cf3f480f8d633942495c3b0>@@@?$__crt_seh_guarded_call@H@@QEAAH$$QEAV<lambda_e24bbb7b643b32fcea6fa61b31d4c984>@@AEAV<lambda_275893d493268fdec8709772e3fcec0e>@@$$QEAV<lambda_9d71df4d7cf3f480f8d633942495c3b0>@@@Z 0000000180023268 f i libucrt:onexit.obj
 0001:000225e4       _crt_atexit                00000001800235e4 f   libucrt:onexit.obj
 0001:000225f4       _execute_onexit_table      00000001800235f4 f   libucrt:onexit.obj
 0001:00022630       _initialize_onexit_table   0000000180023630 f   libucrt:onexit.obj
 0001:00022670       _register_onexit_function  0000000180023670 f   libucrt:onexit.obj
 0001:00022700       __acrt_uninitialize_command_line 0000000180023700 f   libucrt:argv_data.obj
 0001:000227f0       __acrt_initialize          00000001800237f0 f   libucrt:initialization.obj
 0001:00022804       __acrt_thread_attach       0000000180023804 f   libucrt:initialization.obj
 0001:00022818       __acrt_thread_detach       0000000180023818 f   libucrt:initialization.obj
 0001:00022828       __acrt_uninitialize        0000000180023828 f   libucrt:initialization.obj
 0001:0002283c       __acrt_uninitialize_critical 000000018002383c f   libucrt:initialization.obj
 0001:0002284c       free                       000000018002384c f   libucrt:free.obj
 0001:00022854       _initterm                  0000000180023854 f   libucrt:initterm.obj
 0001:000228cc       _initterm_e                00000001800238cc f   libucrt:initterm.obj
 0001:00022918       terminate                  0000000180023918 f   libucrt:terminate.obj
 0001:00022940       strcpy_s                   0000000180023940 f   libucrt:strcpy_s.obj
 0001:000229a0       _free_base                 00000001800239a0 f   libucrt:free_base.obj
 0001:000229e0       _malloc_base               00000001800239e0 f   libucrt:malloc_base.obj
 0001:00022a40       abort                      0000000180023a40 f   libucrt:abort.obj
 0001:00022a98       _calloc_base               0000000180023a98 f   libucrt:calloc_base.obj
 0001:00022b10       ??$is_overflow_condition@K@__crt_strtox@@YA_NIK@Z 0000000180023b10 f i libucrt:atox.obj
 0001:00022b3c       ??$parse_integer@KV?$c_string_character_source@D@__crt_strtox@@@__crt_strtox@@YAKQEAU__crt_locale_pointers@@V?$c_string_character_source@D@0@H_N@Z 0000000180023b3c f i libucrt:atox.obj
 0001:00022e50       ??$parse_integer@KV?$c_string_character_source@_W@__crt_strtox@@@__crt_strtox@@YAKQEAU__crt_locale_pointers@@V?$c_string_character_source@_W@0@H_N@Z 0000000180023e50 f i libucrt:atox.obj
 0001:00023524       ??$?RV<lambda_46352004c1216016012b18bd6f87e700>@@AEAV<lambda_3bd07e1a1191394380780325891bf33f>@@V<lambda_334532d3f185bcaa59b5be82d7d22bff>@@@?$__crt_seh_guarded_call@X@@QEAAX$$QEAV<lambda_46352004c1216016012b18bd6f87e700>@@AEAV<lambda_3bd07e1a1191394380780325891bf33f>@@$$QEAV<lambda_334532d3f185bcaa59b5be82d7d22bff>@@@Z 0000000180024524 f i libucrt:per_thread_data.obj
 0001:00023584       ??$?RV<lambda_5e887d1dcbef67a5eb4283622ba103bf>@@AEAV<lambda_4466841279450cc726390878d4a41900>@@V<lambda_341c25c0346d94847f1f3c463c57e077>@@@?$__crt_seh_guarded_call@X@@QEAAX$$QEAV<lambda_5e887d1dcbef67a5eb4283622ba103bf>@@AEAV<lambda_4466841279450cc726390878d4a41900>@@$$QEAV<lambda_341c25c0346d94847f1f3c463c57e077>@@@Z 0000000180024584 f i libucrt:per_thread_data.obj
 0001:000235cc       ??$?RV<lambda_72d1df2b273a38828b1ce30cbf4cdab5>@@AEAV<lambda_876a65b173b8412d3a47c70a915b0cf4>@@V<lambda_41932305e351933ebe8f8be3ed8bb5dc>@@@?$__crt_seh_guarded_call@X@@QEAAX$$QEAV<lambda_72d1df2b273a38828b1ce30cbf4cdab5>@@AEAV<lambda_876a65b173b8412d3a47c70a915b0cf4>@@$$QEAV<lambda_41932305e351933ebe8f8be3ed8bb5dc>@@@Z 00000001800245cc f i libucrt:per_thread_data.obj
 0001:0002360c       ??$?RV<lambda_fb3a7dec4e47f37f22dae91bb15c9095>@@AEAV<lambda_698284760c8add0bfb0756c19673e34b>@@V<lambda_dfb8eca1e75fef3034a8fb18dd509707>@@@?$__crt_seh_guarded_call@X@@QEAAX$$QEAV<lambda_fb3a7dec4e47f37f22dae91bb15c9095>@@AEAV<lambda_698284760c8add0bfb0756c19673e34b>@@$$QEAV<lambda_dfb8eca1e75fef3034a8fb18dd509707>@@@Z 000000018002460c f i libucrt:per_thread_data.obj
 0001:0002389c       __acrt_freeptd             000000018002489c f   libucrt:per_thread_data.obj
 0001:000238e0       __acrt_getptd              00000001800248e0 f   libucrt:per_thread_data.obj
 0001:00023974       __acrt_getptd_noexit       0000000180024974 f   libucrt:per_thread_data.obj
 0001:00023a14       __acrt_initialize_ptd      0000000180024a14 f   libucrt:per_thread_data.obj
 0001:00023a50       __acrt_uninitialize_ptd    0000000180024a50 f   libucrt:per_thread_data.obj
 0001:00023a74       isdigit                    0000000180024a74 f i libucrt:_ctype.obj
 0001:00023b38       _tolower_l                 0000000180024b38 f   libucrt:tolower_toupper.obj
 0001:00023c78       tolower                    0000000180024c78 f   libucrt:tolower_toupper.obj
 0001:00023ca4       __acrt_errno_from_os_error 0000000180024ca4 f   libucrt:errno.obj
 0001:00023cec       __acrt_errno_map_os_error  0000000180024cec f   libucrt:errno.obj
 0001:00023d3c       __doserrno                 0000000180024d3c f   libucrt:errno.obj
 0001:00023d5c       _errno                     0000000180024d5c f   libucrt:errno.obj
 0001:00023d7c       ??$make_c_string_character_source@DPEAPEAD@__crt_strtox@@YA?AV?$c_string_character_source@D@0@QEBDQEAPEAD@Z 0000000180024d7c f i libucrt:strtox.obj
 0001:00023d7c       ??$make_c_string_character_source@_WPEAPEA_W@__crt_strtox@@YA?AV?$c_string_character_source@_W@0@QEB_WQEAPEA_W@Z 0000000180024d7c f i libucrt:strtox.obj
 0001:00023d90       strtol                     0000000180024d90 f   libucrt:strtox.obj
 0001:00023dc0       wcstol                     0000000180024dc0 f   libucrt:strtox.obj
 0001:00023df0       _mbtowc_l                  0000000180024df0 f   libucrt:mbtowc.obj
 0001:00023f38       mbtowc                     0000000180024f38 f   libucrt:mbtowc.obj
 0001:00023f40       _wctomb_s_l                0000000180024f40 f   libucrt:wctomb.obj
 0001:000240c4       wctomb_s                   00000001800250c4 f   libucrt:wctomb.obj
 0001:000240d8       strnlen                    00000001800250d8 f   libucrt:strnlen.obj
 0001:00024234       wcsnlen                    0000000180025234 f   libucrt:strnlen.obj
 0001:00024424       __acrt_update_locale_info  0000000180025424 f   libucrt:locale_update.obj
 0001:00024458       __acrt_update_multibyte_info 0000000180025458 f   libucrt:locale_update.obj
 0001:0002448c       ?__acrt_fp_classify@@YA?AW4__acrt_fp_class@@AEBN@Z 000000018002548c f i libucrt:cvt.obj
 0001:00024ec4       __acrt_fp_format           0000000180025ec4 f   libucrt:cvt.obj
 0001:00025108       _fputwc_nolock             0000000180026108 f   libucrt:fputwc.obj
 0001:00025284       _fileno                    0000000180026284 f   libucrt:fileno.obj
 0001:000252ac       __acrt_initialize_stdio    00000001800262ac f   libucrt:_file.obj
 0001:000253cc       __acrt_iob_func            00000001800263cc f   libucrt:_file.obj
 0001:000253e0       __acrt_uninitialize_stdio  00000001800263e0 f   libucrt:_file.obj
 0001:0002543c       _lock_file                 000000018002643c f   libucrt:_file.obj
 0001:00025448       _unlock_file               0000000180026448 f   libucrt:_file.obj
 0001:00025454       _fputc_nolock              0000000180026454 f   libucrt:fputc.obj
 0001:0002546c       _get_printf_count_output   000000018002646c f   libucrt:printf_count_output.obj
 0001:00025484       __acrt_stdio_begin_temporary_buffering_nolock 0000000180026484 f   libucrt:_sftbuf.obj
 0001:00025554       __acrt_stdio_end_temporary_buffering_nolock 0000000180026554 f   libucrt:_sftbuf.obj
 0001:00025590       __acrt_set_locale_changed  0000000180026590 f   libucrt:wsetlocale.obj
 0001:0002559c       __acrt_uninitialize_locale 000000018002659c f   libucrt:wsetlocale.obj
 0001:000257cc       __acrt_initialize_lowio    00000001800267cc f   libucrt:ioinit.obj
 0001:00025808       __acrt_uninitialize_lowio  0000000180026808 f   libucrt:ioinit.obj
 0001:00025848       _query_app_type            0000000180026848 f   libucrt:report_runtime_error.obj
 0001:00025978       _itow_s                    0000000180026978 f   libucrt:xtoa.obj
 0001:00025998       _set_error_mode            0000000180026998 f   libucrt:set_error_mode.obj
 0001:000259d8       wcscat_s                   00000001800269d8 f   libucrt:wcscat_s.obj
 0001:00025a58       wcscpy_s                   0000000180026a58 f   libucrt:wcscpy_s.obj
 0001:00025ac0       wcsncat_s                  0000000180026ac0 f   libucrt:wcsncat_s.obj
 0001:00025be8       __acrt_show_wide_message_box 0000000180026be8 f   libucrt:crtmbox.obj
 0001:00025d04       __acrt_stdio_flush_nolock  0000000180026d04 f   libucrt:fflush.obj
 0001:00025d7c       _fflush_nolock             0000000180026d7c f   libucrt:fflush.obj
 0001:00025dc8       _flushall                  0000000180026dc8 f   libucrt:fflush.obj
 0001:00025eb8       fflush                     0000000180026eb8 f   libucrt:fflush.obj
 0001:00025efc       ??$?RV<lambda_7a5ef57ff966f610505f1d28a3d40618>@@AEAV<lambda_b721fa326cdb32351d23dfa67958c160>@@V<lambda_5e0fb27672408a07956fe59e48ccb2aa>@@@?$__crt_seh_guarded_call@H@@QEAAH$$QEAV<lambda_7a5ef57ff966f610505f1d28a3d40618>@@AEAV<lambda_b721fa326cdb32351d23dfa67958c160>@@$$QEAV<lambda_5e0fb27672408a07956fe59e48ccb2aa>@@@Z 0000000180026efc f i libucrt:setvbuf.obj
 0001:0002602c       setvbuf                    000000018002702c f   libucrt:setvbuf.obj
 0001:000260cc       ??$?RV<lambda_c36588078e9f5dfd39652860aa6b3aaf>@@AEAV<lambda_ec61778202f4f5fc7e7711acc23c3bca>@@V<lambda_dc9d2797ccde5d239b4a0efae8ebd7db>@@@?$__crt_seh_guarded_call@P6AXH@Z@@QEAAP6AXH@Z$$QEAV<lambda_c36588078e9f5dfd39652860aa6b3aaf>@@AEAV<lambda_ec61778202f4f5fc7e7711acc23c3bca>@@$$QEAV<lambda_dc9d2797ccde5d239b4a0efae8ebd7db>@@@Z 00000001800270cc f i libucrt:signal.obj
 0001:00026114       __acrt_get_sigabrt_handler 0000000180027114 f   libucrt:signal.obj
 0001:00026144       __acrt_initialize_signal_handlers 0000000180027144 f   libucrt:signal.obj
 0001:00026164       raise                      0000000180027164 f   libucrt:signal.obj
 0001:00026400       __acrt_initialize_locks    0000000180027400 f   libucrt:locks.obj
 0001:00026448       __acrt_lock                0000000180027448 f   libucrt:locks.obj
 0001:00026464       __acrt_uninitialize_locks  0000000180027464 f   libucrt:locks.obj
 0001:0002649c       __acrt_unlock              000000018002749c f   libucrt:locks.obj
 0001:00026658       __acrt_FlsAlloc            0000000180027658 f   libucrt:winapi_thunks.obj
 0001:000266b0       __acrt_FlsFree             00000001800276b0 f   libucrt:winapi_thunks.obj
 0001:00026708       __acrt_FlsGetValue         0000000180027708 f   libucrt:winapi_thunks.obj
 0001:00026760       __acrt_FlsSetValue         0000000180027760 f   libucrt:winapi_thunks.obj
 0001:000267c8       __acrt_InitializeCriticalSectionEx 00000001800277c8 f   libucrt:winapi_thunks.obj
 0001:00026840       __acrt_LCMapStringEx       0000000180027840 f   libucrt:winapi_thunks.obj
 0001:00026930       __acrt_LocaleNameToLCID    0000000180027930 f   libucrt:winapi_thunks.obj
 0001:00026998       __acrt_MessageBoxW         0000000180027998 f   libucrt:winapi_thunks.obj
 0001:00026a20       __acrt_can_show_message_box 0000000180027a20 f   libucrt:winapi_thunks.obj
 0001:00026a7c       __acrt_get_parent_window   0000000180027a7c f   libucrt:winapi_thunks.obj
 0001:00026b0c       __acrt_initialize_winapi_thunks 0000000180027b0c f   libucrt:winapi_thunks.obj
 0001:00026b44       __acrt_is_interactive      0000000180027b44 f   libucrt:winapi_thunks.obj
 0001:00026c18       __acrt_is_packaged_app     0000000180027c18 f   libucrt:winapi_thunks.obj
 0001:00026ca0       __acrt_uninitialize_winapi_thunks 0000000180027ca0 f   libucrt:winapi_thunks.obj
 0001:000271c0       ?expand_if_necessary@?$argument_list@D@?A0xca0879c4@@AEAAHXZ 00000001800281c0 f i libucrt:argv_wildcards.obj
 0001:00027288       __acrt_expand_narrow_argv_wildcards 0000000180028288 f   libucrt:argv_wildcards.obj
 0001:00027290       ??$?RV<lambda_99476a1ad63dd22509b5d3e65b0ffc95>@@AEAV<lambda_ad1ced32f4ac17aa236e5ef05d6b3b7c>@@V<lambda_f7424dd8d45958661754dc4f2697e9c3>@@@?$__crt_seh_guarded_call@X@@QEAAX$$QEAV<lambda_99476a1ad63dd22509b5d3e65b0ffc95>@@AEAV<lambda_ad1ced32f4ac17aa236e5ef05d6b3b7c>@@$$QEAV<lambda_f7424dd8d45958661754dc4f2697e9c3>@@@Z 0000000180028290 f i libucrt:mbctype.obj
 0001:0002798c       __acrt_initialize_multibyte 000000018002898c f   libucrt:mbctype.obj
 0001:000279b4       __acrt_update_thread_multibyte_data 00000001800289b4 f   libucrt:mbctype.obj
 0001:00027a74       _setmbcp_nolock            0000000180028a74 f   libucrt:mbctype.obj
 0001:00027d94       _ismbblead                 0000000180028d94 f   libucrt:ismbbyte.obj
 0001:00027da8       __acrt_initialize_command_line 0000000180028da8 f   libucrt:argv_data.obj
 0001:00027dd0       __dcrt_get_narrow_environment_from_os 0000000180028dd0 f   libucrt:get_environment_from_os.obj
 0001:00027ed4       _recalloc                  0000000180028ed4 f   libucrt:recalloc.obj
 0001:00027edc       _recalloc_base             0000000180028edc f   libucrt:recalloc.obj
 0001:00027f74       __acrt_initialize_heap     0000000180028f74 f   libucrt:heap_handle.obj
 0001:00027f90       __acrt_uninitialize_heap   0000000180028f90 f   libucrt:heap_handle.obj
 0001:00027f9c       __acrt_execute_initializers 0000000180028f9c f   libucrt:shared_initialization.obj
 0001:00028030       __acrt_execute_uninitializers 0000000180029030 f   libucrt:shared_initialization.obj
 0001:00028080       __acrt_has_user_matherr    0000000180029080 f   libucrt:matherr.obj
 0001:000280a0       __acrt_initialize_user_matherr 00000001800290a0 f   libucrt:matherr.obj
 0001:000280a8       __acrt_invoke_user_matherr 00000001800290a8 f   libucrt:matherr.obj
 0001:000280f0       _query_new_mode            00000001800290f0 f   libucrt:new_mode.obj
 0001:000280f8       __pctype_func              00000001800290f8 f   libucrt:ctype.obj
 0001:00028128       iswctype                   0000000180029128 f   libucrt:iswctype.obj
 0001:00028198       _isctype_l                 0000000180029198 f   libucrt:isctype.obj
 0001:000282a8       __acrt_add_locale_ref      00000001800292a8 f   libucrt:locale_refcounting.obj
 0001:00028334       __acrt_free_locale         0000000180029334 f   libucrt:locale_refcounting.obj
 0001:000284ac       __acrt_locale_add_lc_time_reference 00000001800294ac f   libucrt:locale_refcounting.obj
 0001:000284d4       __acrt_locale_free_lc_time_if_unreferenced 00000001800294d4 f   libucrt:locale_refcounting.obj
 0001:0002850c       __acrt_locale_release_lc_time_reference 000000018002950c f   libucrt:locale_refcounting.obj
 0001:00028534       __acrt_release_locale_ref  0000000180029534 f   libucrt:locale_refcounting.obj
 0001:000285dc       __acrt_update_thread_locale_data 00000001800295dc f   libucrt:locale_refcounting.obj
 0001:0002864c       _updatetlocinfoEx_nolock   000000018002964c f   libucrt:locale_refcounting.obj
 0001:000286b4       _isleadbyte_l              00000001800296b4 f i libucrt:_wctype.obj
 0001:00028a50       __acrt_LCMapStringA        0000000180029a50 f   libucrt:lcmapstringa.obj
 0001:00028ae8       __acrt_fp_strflt_to_string 0000000180029ae8 f   libucrt:_fptostr.obj
 0001:00028bb0       ?divide@__crt_strtox@@YA_KAEAUbig_integer@1@AEBU21@@Z 0000000180029bb0 f i libucrt:cfout.obj
 0001:00029080       __acrt_fltout              000000018002a080 f   libucrt:cfout.obj
 0001:0002a684       __acrt_stdio_flush_and_write_narrow_nolock 000000018002b684 f   libucrt:_flsbuf.obj
 0001:0002a76c       __acrt_stdio_flush_and_write_wide_nolock 000000018002b76c f   libucrt:_flsbuf.obj
 0001:0002a858       _fcloseall                 000000018002b858 f   libucrt:closeall.obj
 0001:0002a90c       __acrt_stdio_free_buffer_nolock 000000018002b90c f   libucrt:_freebuf.obj
 0001:0002a94c       _isatty                    000000018002b94c f   libucrt:isatty.obj
 0001:0002a9ac       __acrt_locale_free_monetary 000000018002b9ac f   libucrt:initmon.obj
 0001:0002aab8       __acrt_locale_free_numeric 000000018002bab8 f   libucrt:initnum.obj
 0001:0002ab7c       __acrt_locale_free_time    000000018002bb7c f   libucrt:inittime.obj
 0001:0002ac84       __acrt_GetStringTypeA      000000018002bc84 f   libucrt:getstringtypea.obj
 0001:0002ae38       __acrt_lowio_create_handle_array 000000018002be38 f   libucrt:osfinfo.obj
 0001:0002aed0       __acrt_lowio_destroy_handle_array 000000018002bed0 f   libucrt:osfinfo.obj
 0001:0002af20       __acrt_lowio_ensure_fh_exists 000000018002bf20 f   libucrt:osfinfo.obj
 0001:0002afd8       __acrt_lowio_lock_fh       000000018002bfd8 f   libucrt:osfinfo.obj
 0001:0002affc       __acrt_lowio_unlock_fh     000000018002bffc f   libucrt:osfinfo.obj
 0001:0002b020       _free_osfhnd               000000018002c020 f   libucrt:osfinfo.obj
 0001:0002b0dc       _get_osfhandle             000000018002c0dc f   libucrt:osfinfo.obj
 0001:0002b154       ??$?RV<lambda_b521505b218e5242e90febf6bfebc422>@@AEAV<lambda_6978c1fb23f02e42e1d9e99668cc68aa>@@V<lambda_314360699dd331753a4119843814e9a7>@@@?$__crt_seh_guarded_call@H@@QEAAH$$QEAV<lambda_b521505b218e5242e90febf6bfebc422>@@AEAV<lambda_6978c1fb23f02e42e1d9e99668cc68aa>@@$$QEAV<lambda_314360699dd331753a4119843814e9a7>@@@Z 000000018002c154 f i libucrt:commit.obj
 0001:0002b1e0       _commit                    000000018002c1e0 f   libucrt:commit.obj
 0001:0002b814       _write                     000000018002c814 f   libucrt:write.obj
 0001:0002b900       _write_nolock              000000018002c900 f   libucrt:write.obj
 0001:0002bcac       __acrt_DownlevelLocaleNameToLCID 000000018002ccac f   libucrt:lcidtoname_downlevel.obj
 0001:0002bdb0       qsort                      000000018002cdb0 f   libucrt:qsort.obj
 0001:0002c0e4       strncpy_s                  000000018002d0e4 f   libucrt:strncpy_s.obj
 0001:0002c1b8       strpbrk                    000000018002d1b8 f   libucrt:strpbrk.obj
 0001:0002c258       _mbsdec                    000000018002d258 f   libucrt:mbsdec.obj
 0001:0002c260       _mbsdec_l                  000000018002d260 f   libucrt:mbsdec.obj
 0001:0002c310       _msize                     000000018002d310 f   libucrt:msize.obj
 0001:0002c34c       _realloc_base              000000018002d34c f   libucrt:realloc_base.obj
 0001:0002c3d0       __strncnt                  000000018002d3d0 f   libucrt:strncnt.obj
 0001:0002c3e8       fegetenv                   000000018002d3e8 f   libucrt:fegetenv.obj
 0001:0002c408       fesetenv                   000000018002d408 f   libucrt:fesetenv.obj
 0001:0002c454       feholdexcept               000000018002d454 f   libucrt:feholdexcept.obj
 0001:0002c4a4       ceil                       000000018002d4a4 f   libucrt:ceil.obj
 0001:0002c570       log10                      000000018002d570 f   libucrt:log10.obj
 0001:0002cca8       _lseeki64                  000000018002dca8 f   libucrt:lseek.obj
 0001:0002ccb0       _lseeki64_nolock           000000018002dcb0 f   libucrt:lseek.obj
 0001:0002ccb8       __acrt_stdio_allocate_buffer_nolock 000000018002dcb8 f   libucrt:_getbuf.obj
 0001:0002cd1c       _fclose_nolock             000000018002dd1c f   libucrt:fclose.obj
 0001:0002cda0       fclose                     000000018002dda0 f   libucrt:fclose.obj
 0001:0002ce0c       _putwch_nolock             000000018002de0c f   libucrt:putwch.obj
 0001:0002ce68       _getfpcontrolword          000000018002de68 f   libucrt:_fenvutils.obj
 0001:0002ce80       _getfpstatusword           000000018002de80 f   libucrt:_fenvutils.obj
 0001:0002ce94       _setfpcontrolword          000000018002de94 f   libucrt:_fenvutils.obj
 0001:0002cea0       _setfpstatusword           000000018002dea0 f   libucrt:_fenvutils.obj
 0001:0002cef0       _clearfp                   000000018002def0 f   libucrt:ieee.obj
 0001:0002cf44       _controlfp                 000000018002df44 f   libucrt:ieee.obj
 0001:0002cf50       _statusfp                  000000018002df50 f   libucrt:ieee.obj
 0001:0002d354       _handle_error              000000018002e354 f   libucrt:libm_error.obj
 0001:0002d47c       _handle_errorf             000000018002e47c f   libucrt:libm_error.obj
 0001:0002d5b0       _handle_nan                000000018002e5b0 f   libucrt:libm_error.obj
 0001:0002d5cc       _handle_nanf               000000018002e5cc f   libucrt:libm_error.obj
 0001:0002d5e0       __acrt_initialize_fma3     000000018002e5e0 f   libucrt:fma3_available.obj
 0001:0002d650       _log10_special             000000018002e650 f   libucrt:log_special.obj
 0001:0002d708       ??$?RV<lambda_bfedae4ebbf01fab1bb6dcc6a9e276e0>@@AEAV<lambda_2fe9b910cf3cbf4a0ab98a02ba45b3ec>@@V<lambda_237c231691f317818eb88cc1d5d642d6>@@@?$__crt_seh_guarded_call@H@@QEAAH$$QEAV<lambda_bfedae4ebbf01fab1bb6dcc6a9e276e0>@@AEAV<lambda_2fe9b910cf3cbf4a0ab98a02ba45b3ec>@@$$QEAV<lambda_237c231691f317818eb88cc1d5d642d6>@@@Z 000000018002e708 f i libucrt:close.obj
 0001:0002d77c       _close                     000000018002e77c f   libucrt:close.obj
 0001:0002d820       _close_nolock              000000018002e820 f   libucrt:close.obj
 0001:0002d8dc       ?__acrt_stdio_free_stream@@YAXV__crt_stdio_stream@@@Z 000000018002e8dc f   libucrt:stream.obj
 0001:0002d920       __dcrt_lowio_initialize_console_output 000000018002e920 f   libucrt:initcon.obj
 0001:0002d95c       __dcrt_terminate_console_output 000000018002e95c f   libucrt:initcon.obj
 0001:0002d990       _get_fpsr                  000000018002e990 f   libucrt:fpsr.obj
 0001:0002d9a0       _set_fpsr                  000000018002e9a0 f   libucrt:fpsr.obj
 0001:0002d9aa       _fclrf                     000000018002e9aa f   libucrt:fpsr.obj
 0001:0002d9be       _frnd                      000000018002e9be f   libucrt:fpsr.obj
 0001:0002d9e0       _raise_exc                 000000018002e9e0 f   libucrt:fpexcept.obj
 0001:0002da08       _raise_exc_ex              000000018002ea08 f   libucrt:fpexcept.obj
 0001:0002dd10       _raise_excf                000000018002ed10 f   libucrt:fpexcept.obj
 0001:0002dd3c       _set_errno_from_matherr    000000018002ed3c f   libucrt:fpexcept.obj
 0001:0002dd6c       _clrfp                     000000018002ed6c f   libucrt:fpctrl.obj
 0001:0002dd8c       _ctrlfp                    000000018002ed8c f   libucrt:fpctrl.obj
 0001:0002de08       _set_statfp                000000018002ee08 f   libucrt:fpctrl.obj
 0001:0002de28       _statfp                    000000018002ee28 f   libucrt:fpctrl.obj
 0001:0002de3a       IsProcessorFeaturePresent  000000018002ee3a f   kernel32:KERNEL32.dll
 0001:0002de40       RtlUnwindEx                000000018002ee40 f   kernel32:KERNEL32.dll
 0001:0002de48       ?DloadAcquireSectionWriteAccess@@YAXXZ 000000018002ee48 f i DelayImp:delayhlp.obj
 0001:0002df04       ?DloadGetSRWLockFunctionPointers@@YAEXZ 000000018002ef04 f i DelayImp:delayhlp.obj
 0001:0002dfa0       ?DloadMakePermanentImageCommit@@YAXPEAX_K@Z 000000018002efa0 f i DelayImp:delayhlp.obj
 0001:0002e038       ?DloadObtainSection@@YAPEAXPEAK0@Z 000000018002f038 f i DelayImp:delayhlp.obj
 0001:0002e0d0       ?DloadProtectSection@@YAXKPEAK@Z 000000018002f0d0 f i DelayImp:delayhlp.obj
 0001:0002e160       ?DloadReleaseSectionWriteAccess@@YAXXZ 000000018002f160 f i DelayImp:delayhlp.obj
 0001:0002e204       __delayLoadHelper2         000000018002f204 f   DelayImp:delayhlp.obj
 0001:0002e500       _FindPESection             000000018002f500 f   LIBCMT:pesect.obj
 0001:0002e550       _IsNonwritableInCurrentImage 000000018002f550 f   LIBCMT:pesect.obj
 0001:0002e5a0       _ValidateImageBase         000000018002f5a0 f   LIBCMT:pesect.obj
 0001:0002e5d0       __GSHandlerCheck           000000018002f5d0 f   LIBCMT:_gshandler_.obj
 0001:0002e5f0       __GSHandlerCheckCommon     000000018002f5f0 f   LIBCMT:_gshandler_.obj
 0001:0002e660       __chkstk                   000000018002f660 f   LIBCMT:_chkstk_.obj
 0001:0002e660       _alloca_probe              000000018002f660 f   LIBCMT:_chkstk_.obj
 0001:0002e6b4       strrchr                    000000018002f6b4 f   libvcruntime:strrchr.obj
 0001:0002e810       memcmp                     000000018002f810 f   libvcruntime:memcmp.obj
 0001:0002e8d8       ?_ExecutionInCatch@@YAHPEAU_xDISPATCHER_CONTEXT@@PEBU_s_FuncInfo@@@Z 000000018002f8d8 f   libvcruntime:trnsctrl.obj
 0001:0002e94c       ?_GetEstablisherFrame@@YAPEA_KPEA_KPEAU_xDISPATCHER_CONTEXT@@PEBU_s_FuncInfo@@0@Z 000000018002f94c f   libvcruntime:trnsctrl.obj
 0001:0002ea18       ?_GetRangeOfTrysToCheck@@YAPEBU_s_TryBlockMapEntry@@PEA_KPEBU_s_FuncInfo@@HHPEAI2PEAU_xDISPATCHER_CONTEXT@@@Z 000000018002fa18 f   libvcruntime:trnsctrl.obj
 0001:0002eb44       ?__FrameUnwindToEmptyState@@YAXPEA_KPEAU_xDISPATCHER_CONTEXT@@PEBU_s_FuncInfo@@@Z 000000018002fb44 f   libvcruntime:trnsctrl.obj
 0001:0002ebd8       ?__SehTransFilter@@YAHPEAU_EXCEPTION_POINTERS@@PEAUEHExceptionRecord@@PEA_KPEAU_CONTEXT@@PEAU_xDISPATCHER_CONTEXT@@PEBU_s_FuncInfo@@PEAH@Z 000000018002fbd8 f   libvcruntime:trnsctrl.obj
 0001:0002ec70       _CallSETranslator          000000018002fc70 f   libvcruntime:trnsctrl.obj
 0001:0002ecc8       _CreateFrameInfo           000000018002fcc8 f   libvcruntime:trnsctrl.obj
 0001:0002ed04       _FindAndUnlinkFrame        000000018002fd04 f   libvcruntime:trnsctrl.obj
 0001:0002ed5c       _GetImageBase              000000018002fd5c f   libvcruntime:trnsctrl.obj
 0001:0002ed70       _GetThrowImageBase         000000018002fd70 f   libvcruntime:trnsctrl.obj
 0001:0002ed84       _IsExceptionObjectToBeDestroyed 000000018002fd84 f   libvcruntime:trnsctrl.obj
 0001:0002edb4       _SetImageBase              000000018002fdb4 f   libvcruntime:trnsctrl.obj
 0001:0002edcc       _SetThrowImageBase         000000018002fdcc f   libvcruntime:trnsctrl.obj
 0001:0002ede4       _UnwindNestedFrames        000000018002fde4 f   libvcruntime:trnsctrl.obj
 0001:0002ef08       __CxxFrameHandler3         000000018002ff08 f   libvcruntime:trnsctrl.obj
 0001:0002ef88       ?__GetCurrentState@@YAHPEA_KPEAU_xDISPATCHER_CONTEXT@@PEBU_s_FuncInfo@@@Z 000000018002ff88 f   libvcruntime:ehstate.obj
 0001:0002efb0       ?__GetUnwindTryBlock@@YAHPEA_KPEAU_xDISPATCHER_CONTEXT@@PEBU_s_FuncInfo@@@Z 000000018002ffb0 f   libvcruntime:ehstate.obj
 0001:0002efdc       ?__SetState@@YAXPEA_KPEAU_xDISPATCHER_CONTEXT@@PEBU_s_FuncInfo@@H@Z 000000018002ffdc f   libvcruntime:ehstate.obj
 0001:0002efe8       ?__SetUnwindTryBlock@@YAXPEA_KPEAU_xDISPATCHER_CONTEXT@@PEBU_s_FuncInfo@@H@Z 000000018002ffe8 f   libvcruntime:ehstate.obj
 0001:0002f024       ?__StateFromControlPc@@YAHPEBU_s_FuncInfo@@PEAU_xDISPATCHER_CONTEXT@@@Z 0000000180030024 f   libvcruntime:ehstate.obj
 0001:0002f02c       ?__StateFromIp@@YAHPEBU_s_FuncInfo@@PEAU_xDISPATCHER_CONTEXT@@_J@Z 000000018003002c f   libvcruntime:ehstate.obj
 0001:0002f098       __DestructExceptionObject  0000000180030098 f   libvcruntime:frame.obj
 0001:0002f120       ??0bad_exception@std@@QEAA@AEBV01@@Z 0000000180030120 f i libvcruntime:frame.obj
 0001:0002f160       ??0bad_exception@std@@QEAA@XZ 0000000180030160 f i libvcruntime:frame.obj
 0001:0002fadc       ?_CallMemberFunction0@@YAXPEAXP6AX0@Z@Z 0000000180030adc f i libvcruntime:frame.obj
 0001:0002fae0       ?_CallMemberFunction1@@YAXPEAXP6AX0@Z0@Z 0000000180030ae0 f i libvcruntime:frame.obj
 0001:0002faec       ?_CallMemberFunction2@@YAXPEAXP6AX0@Z0H@Z 0000000180030aec f i libvcruntime:frame.obj
 0001:0002fafc       __AdjustPointer            0000000180030afc f   libvcruntime:frame.obj
 0001:0002fb20       __BuildCatchObject         0000000180030b20 f   libvcruntime:frame.obj
 0001:0002fbe4       __BuildCatchObjectHelper   0000000180030be4 f   libvcruntime:frame.obj
 0001:0002fdc4       __CxxCallCatchBlock        0000000180030dc4 f   libvcruntime:frame.obj
 0001:0002ffb0       __FrameUnwindFilter        0000000180030fb0 f   libvcruntime:frame.obj
 0001:0002fffc       __FrameUnwindToState       0000000180030ffc f   libvcruntime:frame.obj
 0001:00030190       __InternalCxxFrameHandler  0000000180031190 f   libvcruntime:frame.obj
 0001:000303e8       __TypeMatch                00000001800313e8 f   libvcruntime:frame.obj
 0001:00030540       _CallSettingFrame          0000000180031540 f   libvcruntime:handlers.obj
 0001:00030580       sqrtf                      0000000180031580 f   libucrt:sqrtf.obj
 0001:00030640       _guard_dispatch_icall_nop  0000000180031640 f   LIBCMT:_guard_dispatch_.obj
 0002:00000000       __imp_GetModuleHandleA     0000000180032000     kernel32:KERNEL32.dll
 0002:00000008       __imp_RtlCaptureContext    0000000180032008     kernel32:KERNEL32.dll
 0002:00000010       __imp_RtlLookupFunctionEntry 0000000180032010     kernel32:KERNEL32.dll
 0002:00000018       __imp_RtlVirtualUnwind     0000000180032018     kernel32:KERNEL32.dll
 0002:00000020       __imp_UnhandledExceptionFilter 0000000180032020     kernel32:KERNEL32.dll
 0002:00000028       __imp_SetUnhandledExceptionFilter 0000000180032028     kernel32:KERNEL32.dll
 0002:00000030       __imp_GetCurrentProcess    0000000180032030     kernel32:KERNEL32.dll
 0002:00000038       __imp_TerminateProcess     0000000180032038     kernel32:KERNEL32.dll
 0002:00000040       __imp_IsProcessorFeaturePresent 0000000180032040     kernel32:KERNEL32.dll
 0002:00000048       __imp_IsDebuggerPresent    0000000180032048     kernel32:KERNEL32.dll
 0002:00000050       __imp_GetStartupInfoW      0000000180032050     kernel32:KERNEL32.dll
 0002:00000058       __imp_GetModuleHandleW     0000000180032058     kernel32:KERNEL32.dll
 0002:00000060       __imp_QueryPerformanceCounter 0000000180032060     kernel32:KERNEL32.dll
 0002:00000068       __imp_GetCurrentProcessId  0000000180032068     kernel32:KERNEL32.dll
 0002:00000070       __imp_GetCurrentThreadId   0000000180032070     kernel32:KERNEL32.dll
 0002:00000078       __imp_GetSystemTimeAsFileTime 0000000180032078     kernel32:KERNEL32.dll
 0002:00000080       __imp_InitializeSListHead  0000000180032080     kernel32:KERNEL32.dll
 0002:00000088       __imp_RtlPcToFileHeader    0000000180032088     kernel32:KERNEL32.dll
 0002:00000090       __imp_RaiseException       0000000180032090     kernel32:KERNEL32.dll
 0002:00000098       __imp_RtlUnwindEx          0000000180032098     kernel32:KERNEL32.dll
 0002:000000a0       __imp_InterlockedFlushSList 00000001800320a0     kernel32:KERNEL32.dll
 0002:000000a8       __imp_GetLastError         00000001800320a8     kernel32:KERNEL32.dll
 0002:000000b0       __imp_SetLastError         00000001800320b0     kernel32:KERNEL32.dll
 0002:000000b8       __imp_EnterCriticalSection 00000001800320b8     kernel32:KERNEL32.dll
 0002:000000c0       __imp_LeaveCriticalSection 00000001800320c0     kernel32:KERNEL32.dll
 0002:000000c8       __imp_DeleteCriticalSection 00000001800320c8     kernel32:KERNEL32.dll
 0002:000000d0       __imp_InitializeCriticalSectionAndSpinCount 00000001800320d0     kernel32:KERNEL32.dll
 0002:000000d8       __imp_TlsAlloc             00000001800320d8     kernel32:KERNEL32.dll
 0002:000000e0       __imp_TlsGetValue          00000001800320e0     kernel32:KERNEL32.dll
 0002:000000e8       __imp_TlsSetValue          00000001800320e8     kernel32:KERNEL32.dll
 0002:000000f0       __imp_TlsFree              00000001800320f0     kernel32:KERNEL32.dll
 0002:000000f8       __imp_FreeLibrary          00000001800320f8     kernel32:KERNEL32.dll
 0002:00000100       __imp_GetProcAddress       0000000180032100     kernel32:KERNEL32.dll
 0002:00000108       __imp_LoadLibraryExW       0000000180032108     kernel32:KERNEL32.dll
 0002:00000110       __imp_GetStdHandle         0000000180032110     kernel32:KERNEL32.dll
 0002:00000118       __imp_GetFileType          0000000180032118     kernel32:KERNEL32.dll
 0002:00000120       __imp_GetModuleFileNameA   0000000180032120     kernel32:KERNEL32.dll
 0002:00000128       __imp_GetModuleFileNameW   0000000180032128     kernel32:KERNEL32.dll
[...]
 0004:00001efc       $pdata$fclose              000000018004befc     libucrt:fclose.obj
 0004:00001f08       $pdata$_putwch_nolock      000000018004bf08     libucrt:putwch.obj
 0004:00001f14       $pdata$_getfpcontrolword   000000018004bf14     libucrt:_fenvutils.obj
 0004:00001f20       $pdata$_getfpstatusword    000000018004bf20     libucrt:_fenvutils.obj
 0004:00001f2c       $pdata$_setfpstatusword    000000018004bf2c     libucrt:_fenvutils.obj
 0004:00001f38       $pdata$_clearfp            000000018004bf38     libucrt:ieee.obj
 0004:00001f44       $pdata$common_control87    000000018004bf44     libucrt:ieee.obj
 0004:00001f50       $pdata$_call_matherr       000000018004bf50     libucrt:libm_error.obj
 0004:00001f5c       $pdata$_exception_enabled  000000018004bf5c     libucrt:libm_error.obj
 0004:00001f68       $pdata$_handle_error       000000018004bf68     libucrt:libm_error.obj
 0004:00001f74       $pdata$_handle_errorf      000000018004bf74     libucrt:libm_error.obj
 0004:00001f80       $pdata$__acrt_initialize_fma3 000000018004bf80     libucrt:fma3_available.obj
 0004:00001f8c       $pdata$_log10_special      000000018004bf8c     libucrt:log_special.obj
 0004:00001f98       $pdata$_log_special_common 000000018004bf98     libucrt:log_special.obj
 0004:00001fa4       $pdata$??$?RV<lambda_bfedae4ebbf01fab1bb6dcc6a9e276e0>@@AEAV<lambda_2fe9b910cf3cbf4a0ab98a02ba45b3ec>@@V<lambda_237c231691f317818eb88cc1d5d642d6>@@@?$__crt_seh_guarded_call@H@@QEAAH$$QEAV<lambda_bfedae4ebbf01fab1bb6dcc6a9e276e0>@@AEAV<lambda_2fe9b910cf3cbf4a0ab98a02ba45b3ec>@@$$QEAV<lambda_237c231691f317818eb88cc1d5d642d6>@@@Z 000000018004bfa4     libucrt:close.obj
 0004:00001fb0       $pdata$_close              000000018004bfb0     libucrt:close.obj
 0004:00001fbc       $pdata$_close_nolock       000000018004bfbc     libucrt:close.obj
 0004:00001fc8       $pdata$__dcrt_lowio_initialize_console_output 000000018004bfc8     libucrt:initcon.obj
 0004:00001fd4       $pdata$__dcrt_terminate_console_output 000000018004bfd4     libucrt:initcon.obj
 0004:00001fec       $pdata$_raise_exc          000000018004bfec     libucrt:fpexcept.obj
 0004:00001ff8       $pdata$_raise_exc_ex       000000018004bff8     libucrt:fpexcept.obj
 0004:00002004       $pdata$_raise_excf         000000018004c004     libucrt:fpexcept.obj
 0004:00002010       $pdata$_set_errno_from_matherr 000000018004c010     libucrt:fpexcept.obj
 0004:0000201c       $pdata$_clrfp              000000018004c01c     libucrt:fpctrl.obj
 0004:00002028       $pdata$_ctrlfp             000000018004c028     libucrt:fpctrl.obj
 0004:00002034       $pdata$_set_statfp         000000018004c034     libucrt:fpctrl.obj
 0004:00002040       $pdata$_statfp             000000018004c040     libucrt:fpctrl.obj
 0004:0000204c       $pdata$?DloadAcquireSectionWriteAccess@@YAXXZ 000000018004c04c     DelayImp:delayhlp.obj
 0004:00002058       $pdata$?DloadGetSRWLockFunctionPointers@@YAEXZ 000000018004c058     DelayImp:delayhlp.obj
 0004:00002064       $pdata$?DloadMakePermanentImageCommit@@YAXPEAX_K@Z 000000018004c064     DelayImp:delayhlp.obj
 0004:00002070       $pdata$?DloadObtainSection@@YAPEAXPEAK0@Z 000000018004c070     DelayImp:delayhlp.obj
 0004:0000207c       $pdata$?DloadProtectSection@@YAXKPEAK@Z 000000018004c07c     DelayImp:delayhlp.obj
 0004:00002088       $pdata$?DloadReleaseSectionWriteAccess@@YAXXZ 000000018004c088     DelayImp:delayhlp.obj
 0004:00002094       $pdata$__delayLoadHelper2  000000018004c094     DelayImp:delayhlp.obj
 0004:000020a0       $pdata$_IsNonwritableInCurrentImage 000000018004c0a0     LIBCMT:pesect.obj
 0004:000020ac       $pdata$__GSHandlerCheck    000000018004c0ac     LIBCMT:_gshandler_.obj
 0004:000020b8       $pdata$__GSHandlerCheckCommon 000000018004c0b8     LIBCMT:_gshandler_.obj
 0004:000020d0       $pdata$strrchr             000000018004c0d0     libvcruntime:strrchr.obj
 0004:000020e8       $pdata$?_ExecutionInCatch@@YAHPEAU_xDISPATCHER_CONTEXT@@PEBU_s_FuncInfo@@@Z 000000018004c0e8     libvcruntime:trnsctrl.obj
 0004:000020f4       $pdata$?_GetEstablisherFrame@@YAPEA_KPEA_KPEAU_xDISPATCHER_CONTEXT@@PEBU_s_FuncInfo@@0@Z 000000018004c0f4     libvcruntime:trnsctrl.obj
 0004:00002100       $pdata$?_GetRangeOfTrysToCheck@@YAPEBU_s_TryBlockMapEntry@@PEA_KPEBU_s_FuncInfo@@HHPEAI2PEAU_xDISPATCHER_CONTEXT@@@Z 000000018004c100     libvcruntime:trnsctrl.obj
 0004:0000210c       $pdata$?__FrameUnwindToEmptyState@@YAXPEA_KPEAU_xDISPATCHER_CONTEXT@@PEBU_s_FuncInfo@@@Z 000000018004c10c     libvcruntime:trnsctrl.obj
 0004:00002118       $pdata$?__SehTransFilter@@YAHPEAU_EXCEPTION_POINTERS@@PEAUEHExceptionRecord@@PEA_KPEAU_CONTEXT@@PEAU_xDISPATCHER_CONTEXT@@PEBU_s_FuncInfo@@PEAH@Z 000000018004c118     libvcruntime:trnsctrl.obj
 0004:00002124       $pdata$_CallSETranslator   000000018004c124     libvcruntime:trnsctrl.obj
 0004:00002130       $pdata$_CreateFrameInfo    000000018004c130     libvcruntime:trnsctrl.obj
 0004:0000213c       $pdata$_FindAndUnlinkFrame 000000018004c13c     libvcruntime:trnsctrl.obj
 0004:00002148       $pdata$_GetImageBase       000000018004c148     libvcruntime:trnsctrl.obj
 0004:00002154       $pdata$_GetThrowImageBase  000000018004c154     libvcruntime:trnsctrl.obj
 0004:00002160       $pdata$_IsExceptionObjectToBeDestroyed 000000018004c160     libvcruntime:trnsctrl.obj
 0004:0000216c       $pdata$_SetImageBase       000000018004c16c     libvcruntime:trnsctrl.obj
 0004:00002178       $pdata$_SetThrowImageBase  000000018004c178     libvcruntime:trnsctrl.obj
 0004:00002184       $pdata$_UnwindNestedFrames 000000018004c184     libvcruntime:trnsctrl.obj
 0004:00002190       $pdata$__CxxFrameHandler3  000000018004c190     libvcruntime:trnsctrl.obj
 0004:0000219c       $pdata$?__GetCurrentState@@YAHPEA_KPEAU_xDISPATCHER_CONTEXT@@PEBU_s_FuncInfo@@@Z 000000018004c19c     libvcruntime:ehstate.obj
 0004:000021a8       $pdata$?__GetUnwindTryBlock@@YAHPEA_KPEAU_xDISPATCHER_CONTEXT@@PEBU_s_FuncInfo@@@Z 000000018004c1a8     libvcruntime:ehstate.obj
 0004:000021b4       $pdata$?__SetUnwindTryBlock@@YAXPEA_KPEAU_xDISPATCHER_CONTEXT@@PEBU_s_FuncInfo@@H@Z 000000018004c1b4     libvcruntime:ehstate.obj
 0004:000021c0       $pdata$?__StateFromIp@@YAHPEBU_s_FuncInfo@@PEAU_xDISPATCHER_CONTEXT@@_J@Z 000000018004c1c0     libvcruntime:ehstate.obj
 0004:000021cc       $pdata$__DestructExceptionObject 000000018004c1cc     libvcruntime:frame.obj
 0004:000021d8       $pdata$??0bad_exception@std@@QEAA@AEBV01@@Z 000000018004c1d8     libvcruntime:frame.obj
 0004:000021e4       $pdata$?CatchIt@@YAXPEAUEHExceptionRecord@@PEA_KPEAU_CONTEXT@@PEAU_xDISPATCHER_CONTEXT@@PEBU_s_FuncInfo@@PEBU_s_HandlerType@@PEBU_s_CatchableType@@PEBU_s_TryBlockMapEntry@@H1EE@Z 000000018004c1e4     libvcruntime:frame.obj
 0004:000021f0       $pdata$?ExFilterRethrow@@YAHPEAU_EXCEPTION_POINTERS@@PEAUEHExceptionRecord@@PEAH@Z 000000018004c1f0     libvcruntime:frame.obj
 0004:000021fc       $pdata$?FindHandler@@YAXPEAUEHExceptionRecord@@PEA_KPEAU_CONTEXT@@PEAU_xDISPATCHER_CONTEXT@@PEBU_s_FuncInfo@@EH1@Z 000000018004c1fc     libvcruntime:frame.obj
 0004:00002208       $pdata$?FindHandlerForForeignException@@YAXPEAUEHExceptionRecord@@PEA_KPEAU_CONTEXT@@PEAU_xDISPATCHER_CONTEXT@@PEBU_s_FuncInfo@@HH1@Z 000000018004c208     libvcruntime:frame.obj
 0004:00002214       $pdata$?IsInExceptionSpec@@YAEPEAUEHExceptionRecord@@PEBU_s_ESTypeList@@@Z 000000018004c214     libvcruntime:frame.obj
 0004:00002220       $pdata$__BuildCatchObject  000000018004c220     libvcruntime:frame.obj
 0004:0000222c       $pdata$__BuildCatchObjectHelper 000000018004c22c     libvcruntime:frame.obj
 0004:00002238       $pdata$__CxxCallCatchBlock 000000018004c238     libvcruntime:frame.obj
 0004:00002244       $pdata$__FrameUnwindFilter 000000018004c244     libvcruntime:frame.obj
 0004:00002250       $pdata$__FrameUnwindToState 000000018004c250     libvcruntime:frame.obj
 0004:0000225c       $pdata$__InternalCxxFrameHandler 000000018004c25c     libvcruntime:frame.obj
 0004:00002268       $pdata$__TypeMatch         000000018004c268     libvcruntime:frame.obj
 0004:00002280       $pdata$sqrtf               000000018004c280     libucrt:sqrtf.obj
 0004:00002298       $pdata$?catch$0@?0??_wrap_vectori_get@@YAXAEBV?$FunctionCallbackInfo@VValue@v8@@@v8@@@Z@4HA 000000018004c298     libRVO_wrap.obj
 0004:000022a4       $pdata$?catch$0@?0??_wrap_vectori_set@@YAXAEBV?$FunctionCallbackInfo@VValue@v8@@@v8@@@Z@4HA 000000018004c2a4     libRVO_wrap.obj
 0004:000022b0       $pdata$?catch$0@?0??_wrap_vectord_get@@YAXAEBV?$FunctionCallbackInfo@VValue@v8@@@v8@@@Z@4HA 000000018004c2b0     libRVO_wrap.obj
 0004:000022bc       $pdata$?catch$0@?0??_wrap_vectord_set@@YAXAEBV?$FunctionCallbackInfo@VValue@v8@@@v8@@@Z@4HA 000000018004c2bc     libRVO_wrap.obj
 0004:000022c8       $pdata$?catch$0@?0??_wrap_vectorline_get@@YAXAEBV?$FunctionCallbackInfo@VValue@v8@@@v8@@@Z@4HA 000000018004c2c8     libRVO_wrap.obj
 0004:000022d4       $pdata$?catch$0@?0??_wrap_vectorline_set@@YAXAEBV?$FunctionCallbackInfo@VValue@v8@@@v8@@@Z@4HA 000000018004c2d4     libRVO_wrap.obj
 0004:000022e0       $pdata$?catch$0@?0??_wrap_vectorvector_get@@YAXAEBV?$FunctionCallbackInfo@VValue@v8@@@v8@@@Z@4HA 000000018004c2e0     libRVO_wrap.obj
 0004:000022ec       $pdata$?catch$0@?0??_wrap_vectorvector_set@@YAXAEBV?$FunctionCallbackInfo@VValue@v8@@@v8@@@Z@4HA 000000018004c2ec     libRVO_wrap.obj
 0004:000022f8       $pdata$__scrt_is_nonwritable_in_current_image$filt$0 000000018004c2f8     LIBCMT:utility.obj
 0004:00002304       $pdata$?fin$0@?0??dllmain_crt_process_attach@@YAHQEAUHINSTANCE__@@QEAX@Z@4HA 000000018004c304     LIBCMT:dll_dllmain.obj
 0004:00002310       $pdata$?fin$0@?0??dllmain_crt_process_detach@@YAH_N@Z@4HA 000000018004c310     LIBCMT:dll_dllmain.obj
 0004:0000231c       $pdata$?filt$0@?0??dllmain_dispatch@@YAHQEAUHINSTANCE__@@KQEAX@Z@4HA 000000018004c31c     LIBCMT:dll_dllmain.obj
 0004:00002328       $pdata$_query_new_handler$fin$0 000000018004c328     libucrt:new_handler.obj
 0004:00002334       $pdata$?filt$0@?0??common_exit@@YAXHW4_crt_exit_cleanup_mode@@W4_crt_exit_return_mode@@@Z@4HA 000000018004c334     libucrt:exit.obj
 0004:00002340       $pdata$?fin$1@?0??common_exit@@YAXHW4_crt_exit_cleanup_mode@@W4_crt_exit_return_mode@@@Z@4HA 000000018004c340     libucrt:exit.obj
 0004:0000234c       $pdata$?fin$0@?0???$?RV<lambda_e24bbb7b643b32fcea6fa61b31d4c984>@@AEAV<lambda_275893d493268fdec8709772e3fcec0e>@@V<lambda_9d71df4d7cf3f480f8d633942495c3b0>@@@?$__crt_seh_guarded_call@H@@QEAAH$$QEAV<lambda_e24bbb7b643b32fcea6fa61b31d4c984>@@AEAV<lambda_275893d493268fdec8709772e3fcec0e>@@$$QEAV<lambda_9d71df4d7cf3f480f8d633942495c3b0>@@@Z@4HA 000000018004c34c     libucrt:onexit.obj
 0004:00002358       $pdata$__acrt_lowio_ensure_fh_exists$fin$0 000000018004c358     libucrt:osfinfo.obj
 0004:00002358       $pdata$__acrt_initialize_lowio$fin$0 000000018004c358     libucrt:ioinit.obj
 0004:00002364       $pdata$common_flush_all$fin$0 000000018004c364     libucrt:fflush.obj
 0004:00002370       $pdata$common_flush_all$fin$1 000000018004c370     libucrt:fflush.obj
 0004:0000237c       $pdata$?fin$0@?0???$?RV<lambda_7a5ef57ff966f610505f1d28a3d40618>@@AEAV<lambda_b721fa326cdb32351d23dfa67958c160>@@V<lambda_5e0fb27672408a07956fe59e48ccb2aa>@@@?$__crt_seh_guarded_call@H@@QEAAH$$QEAV<lambda_7a5ef57ff966f610505f1d28a3d40618>@@AEAV<lambda_b721fa326cdb32351d23dfa67958c160>@@$$QEAV<lambda_5e0fb27672408a07956fe59e48ccb2aa>@@@Z@4HA 000000018004c37c     libucrt:setvbuf.obj
 0004:0000237c       $pdata$?fin$0@?0???$?RV<lambda_7b91131dde12e1c3dfc74ff76b3f2eac>@@AEAV<lambda_dd75445284c072d0bd3768540cc698fa>@@V<lambda_16bc4ecb55b4718497c16bceaea2ceaf>@@@?$__crt_seh_guarded_call@H@@QEAAH$$QEAV<lambda_7b91131dde12e1c3dfc74ff76b3f2eac>@@AEAV<lambda_dd75445284c072d0bd3768540cc698fa>@@$$QEAV<lambda_16bc4ecb55b4718497c16bceaea2ceaf>@@@Z@4HA 000000018004c37c     libucrt:output.obj
 0004:00002388       $pdata$?fin$0@?0???$?RV<lambda_99476a1ad63dd22509b5d3e65b0ffc95>@@AEAV<lambda_ad1ced32f4ac17aa236e5ef05d6b3b7c>@@V<lambda_f7424dd8d45958661754dc4f2697e9c3>@@@?$__crt_seh_guarded_call@X@@QEAAX$$QEAV<lambda_99476a1ad63dd22509b5d3e65b0ffc95>@@AEAV<lambda_ad1ced32f4ac17aa236e5ef05d6b3b7c>@@$$QEAV<lambda_f7424dd8d45958661754dc4f2697e9c3>@@@Z@4HA 000000018004c388     libucrt:mbctype.obj
 0004:00002388       $pdata$?fin$0@?0???$?RV<lambda_72d1df2b273a38828b1ce30cbf4cdab5>@@AEAV<lambda_876a65b173b8412d3a47c70a915b0cf4>@@V<lambda_41932305e351933ebe8f8be3ed8bb5dc>@@@?$__crt_seh_guarded_call@X@@QEAAX$$QEAV<lambda_72d1df2b273a38828b1ce30cbf4cdab5>@@AEAV<lambda_876a65b173b8412d3a47c70a915b0cf4>@@$$QEAV<lambda_41932305e351933ebe8f8be3ed8bb5dc>@@@Z@4HA 000000018004c388     libucrt:per_thread_data.obj
 0004:00002388       $pdata$?fin$0@?0???$?RV<lambda_b8c45f8f788dd370798f47cfe8ac3a86>@@AEAV<lambda_4e60a939b0d047cfe11ddc22648dfba9>@@V<lambda_332c3edc96d0294ec56c57d38c1cdfd5>@@@?$__crt_seh_guarded_call@H@@QEAAH$$QEAV<lambda_b8c45f8f788dd370798f47cfe8ac3a86>@@AEAV<lambda_4e60a939b0d047cfe11ddc22648dfba9>@@$$QEAV<lambda_332c3edc96d0294ec56c57d38c1cdfd5>@@@Z@4HA 000000018004c388     libucrt:onexit.obj
 0004:00002388       $pdata$?fin$0@?0???$?RV<lambda_5e887d1dcbef67a5eb4283622ba103bf>@@AEAV<lambda_4466841279450cc726390878d4a41900>@@V<lambda_341c25c0346d94847f1f3c463c57e077>@@@?$__crt_seh_guarded_call@X@@QEAAX$$QEAV<lambda_5e887d1dcbef67a5eb4283622ba103bf>@@AEAV<lambda_4466841279450cc726390878d4a41900>@@$$QEAV<lambda_341c25c0346d94847f1f3c463c57e077>@@@Z@4HA 000000018004c388     libucrt:per_thread_data.obj
 0004:00002388       $pdata$?fin$0@?0???$?RV<lambda_c36588078e9f5dfd39652860aa6b3aaf>@@AEAV<lambda_ec61778202f4f5fc7e7711acc23c3bca>@@V<lambda_dc9d2797ccde5d239b4a0efae8ebd7db>@@@?$__crt_seh_guarded_call@P6AXH@Z@@QEAAP6AXH@Z$$QEAV<lambda_c36588078e9f5dfd39652860aa6b3aaf>@@AEAV<lambda_ec61778202f4f5fc7e7711acc23c3bca>@@$$QEAV<lambda_dc9d2797ccde5d239b4a0efae8ebd7db>@@@Z@4HA 000000018004c388     libucrt:signal.obj
 0004:00002388       $pdata$?fin$0@?0???$?RV<lambda_fb3a7dec4e47f37f22dae91bb15c9095>@@AEAV<lambda_698284760c8add0bfb0756c19673e34b>@@V<lambda_dfb8eca1e75fef3034a8fb18dd509707>@@@?$__crt_seh_guarded_call@X@@QEAAX$$QEAV<lambda_fb3a7dec4e47f37f22dae91bb15c9095>@@AEAV<lambda_698284760c8add0bfb0756c19673e34b>@@$$QEAV<lambda_dfb8eca1e75fef3034a8fb18dd509707>@@@Z@4HA 000000018004c388     libucrt:per_thread_data.obj
 0004:00002388       $pdata$?fin$0@?0???$?RV<lambda_46352004c1216016012b18bd6f87e700>@@AEAV<lambda_3bd07e1a1191394380780325891bf33f>@@V<lambda_334532d3f185bcaa59b5be82d7d22bff>@@@?$__crt_seh_guarded_call@X@@QEAAX$$QEAV<lambda_46352004c1216016012b18bd6f87e700>@@AEAV<lambda_3bd07e1a1191394380780325891bf33f>@@$$QEAV<lambda_334532d3f185bcaa59b5be82d7d22bff>@@@Z@4HA 000000018004c388     libucrt:per_thread_data.obj
 0004:00002394       $pdata$raise$fin$0         000000018004c394     libucrt:signal.obj
 0004:000023a0       $pdata$__acrt_update_thread_multibyte_data$fin$0 000000018004c3a0     libucrt:mbctype.obj
 0004:000023ac       $pdata$__acrt_update_thread_locale_data$fin$0 000000018004c3ac     libucrt:locale_refcounting.obj
 0004:000023ac       $pdata$__acrt_uninitialize_locale$fin$0 000000018004c3ac     libucrt:wsetlocale.obj
 0004:000023b8       $pdata$_fcloseall$fin$0    000000018004c3b8     libucrt:closeall.obj
 0004:000023c4       $pdata$?fin$0@?0???$?RV<lambda_b521505b218e5242e90febf6bfebc422>@@AEAV<lambda_6978c1fb23f02e42e1d9e99668cc68aa>@@V<lambda_314360699dd331753a4119843814e9a7>@@@?$__crt_seh_guarded_call@H@@QEAAH$$QEAV<lambda_b521505b218e5242e90febf6bfebc422>@@AEAV<lambda_6978c1fb23f02e42e1d9e99668cc68aa>@@$$QEAV<lambda_314360699dd331753a4119843814e9a7>@@@Z@4HA 000000018004c3c4     libucrt:commit.obj
 0004:000023c4       $pdata$?fin$0@?0???$?RV<lambda_bfedae4ebbf01fab1bb6dcc6a9e276e0>@@AEAV<lambda_2fe9b910cf3cbf4a0ab98a02ba45b3ec>@@V<lambda_237c231691f317818eb88cc1d5d642d6>@@@?$__crt_seh_guarded_call@H@@QEAAH$$QEAV<lambda_bfedae4ebbf01fab1bb6dcc6a9e276e0>@@AEAV<lambda_2fe9b910cf3cbf4a0ab98a02ba45b3ec>@@$$QEAV<lambda_237c231691f317818eb88cc1d5d642d6>@@@Z@4HA 000000018004c3c4     libucrt:close.obj
 0004:000023d0       $pdata$?fin$0@?0???$common_lseek@_J@@YA_JH_JH@Z@4HA 000000018004c3d0     libucrt:lseek.obj
 0004:000023d0       $pdata$_write$fin$0        000000018004c3d0     libucrt:write.obj
 0004:000023dc       $pdata$fflush$fin$0        000000018004c3dc     libucrt:fflush.obj
 0004:000023dc       $pdata$fclose$fin$0        000000018004c3dc     libucrt:fclose.obj
 0004:000023e8       $pdata$common_control87$filt$0 000000018004c3e8     libucrt:ieee.obj
 0004:000023e8       $pdata$_ctrlfp$filt$0      000000018004c3e8     libucrt:fpctrl.obj
 0004:000023f4       $pdata$_IsNonwritableInCurrentImage$filt$0 000000018004c3f4     LIBCMT:pesect.obj
 0004:00002400       $pdata$_CallSETranslator$filt$0 000000018004c400     libvcruntime:trnsctrl.obj
 0004:0000240c       $pdata$__CxxCallCatchBlock$filt$0 000000018004c40c     libvcruntime:frame.obj
 0004:00002418       $pdata$__CxxCallCatchBlock$fin$1 000000018004c418     libvcruntime:frame.obj
 0004:00002424       $pdata$__DestructExceptionObject$filt$0 000000018004c424     libvcruntime:frame.obj
 0004:00002430       $pdata$__FrameUnwindToState$filt$0 000000018004c430     libvcruntime:frame.obj
 0004:0000243c       $pdata$__FrameUnwindToState$fin$1 000000018004c43c     libvcruntime:frame.obj
 0005:00000000       __guard_fids__             000000018004d000     libucrt:initialization.obj
 0005:00000060       __guard_fids___acrt_initialize_ptd 000000018004d060     libucrt:per_thread_data.obj
 0005:00000064       __guard_fids___acrt_show_wide_message_box 000000018004d064     libucrt:crtmbox.obj
 0005:00000068       __guard_fids_??$expand_argument_wildcards@D@@YAHQEAD0AEAV?$argument_list@D@?A0xca0879c4@@@Z 000000018004d068     libucrt:argv_wildcards.obj
 0005:0000006c       __guard_fids__             000000018004d06c     libucrt:stdio_initializer.obj
 0005:00000070       __guard_fids__             000000018004d070     libucrt:stdio_initializer.obj
 0005:00000074       __guard_fids__             000000018004d074     libucrt:locale_initializer.obj
 0005:00000078       __guard_fids__             000000018004d078     libucrt:multibyte_initializer.obj
 0005:0000007c       __guard_fids__             000000018004d07c     libucrt:fma3_initializer.obj
 0005:00000080       __guard_fids__             000000018004d080     libucrt:console_output_initializer.obj
 0005:00000084       __guard_fids__             000000018004d084     libcpmt:xthrow.obj
 0005:0000008c       __guard_fids__             000000018004d08c     libcpmt:xthrow.obj
 0005:00000094       __guard_fids__             000000018004d094     libcpmt:xthrow.obj
 0005:0000009c       __guard_fids__             000000018004d09c     libcpmt:xthrow.obj
 0005:000000a4       __guard_fids__             000000018004d0a4     libcpmt:xthrow.obj
 0005:000000ac       __guard_fids__             000000018004d0ac     LIBCMT:std_type_info_static.obj
 0005:000000b0       __guard_fids_?dllmain_crt_process_attach@@YAHQEAUHINSTANCE__@@QEAX@Z 000000018004d0b0     LIBCMT:dll_dllmain.obj
 0005:000000b8       __guard_fids_?dllmain_dispatch@@YAHQEAUHINSTANCE__@@KQEAX@Z 000000018004d0b8     LIBCMT:dll_dllmain.obj
 0005:000000bc       __guard_fids__             000000018004d0bc     LIBCMT:throw_bad_alloc.obj
 0005:000000c4       __guard_fids__             000000018004d0c4     LIBCMT:guard_support.obj
 0005:000000c8       __guard_fids___vcrt_initialize_ptd 000000018004d0c8     libvcruntime:per_thread_data.obj
 0005:000000cc       __guard_fids__UnwindNestedFrames 000000018004d0cc     libvcruntime:trnsctrl.obj
 0005:000000d0       __guard_fids__             000000018004d0d0     libvcruntime:frame.obj
 0005:000000d4       __guard_fids__             000000018004d0d4     libvcruntime:frame.obj
 0006:00000060       $R000000                   000000018004e060     * linker generated manifest res *

 Exports

  ordinal    name

        1    _register_libRVO_
