 rvo2

 Timestamp is 58abd92c (Tue Feb 21 07:07:40 2017)

 Preferred load address is 0000000180000000

 Start         Length     Name                   Class
 0001:00000000 000000c0H .text$di                CODE
 0001:000000c0 0002bbd0H .text$mn                CODE
 0001:0002bc90 00000020H .text$mn$00             CODE
 0001:0002bcb0 00000bb0H .text$x                 CODE
 0001:0002c860 00000161H .text$yd                CODE
 0002:00000000 00000270H .idata$5                DATA
 0002:00000270 00000010H .00cfg                  DATA
 0002:00000280 00000008H .CRT$XCA                DATA
 0002:00000288 00000068H .CRT$XCU                DATA
 0002:000002f0 00000008H .CRT$XCZ                DATA
 0002:000002f8 00000008H .CRT$XIA                DATA
 0002:00000300 00000018H .CRT$XIC                DATA
 0002:00000318 00000008H .CRT$XIZ                DATA
 0002:00000320 00000008H .CRT$XPA                DATA
 0002:00000328 00000010H .CRT$XPX                DATA
 0002:00000338 00000008H .CRT$XPXA               DATA
 0002:00000340 00000008H .CRT$XPZ                DATA
 0002:00000348 00000008H .CRT$XTA                DATA
 0002:00000350 00000010H .CRT$XTZ                DATA
 0002:00000360 00011648H .rdata                  DATA
 0002:000119a8 00000404H .rdata$r                DATA
 0002:00011dac 000003e4H .rdata$zzzdbg           DATA
 0002:00012190 00000008H .rtc$IAA                DATA
 0002:00012198 00000008H .rtc$IZZ                DATA
 0002:000121a0 00000008H .rtc$TAA                DATA
 0002:000121a8 00000008H .rtc$TZZ                DATA
 0002:000121b0 00003f28H .xdata                  DATA
 0002:000160d8 00000294H .xdata$x                DATA
 0002:0001636c 00000020H .didat$2                DATA
 0002:0001638c 00000024H .didat$3                DATA
 0002:000163b0 00000198H .didat$4                DATA
 0002:00016548 00000df0H .didat$6                DATA
 0002:00017338 00000198H .didat$7                DATA
 0002:000174d0 0000004cH .edata                  DATA
 0002:0001751c 00000014H .idata$2                DATA
 0002:00017530 00000018H .idata$3                DATA
 0002:00017548 00000270H .idata$4                DATA
 0002:000177b8 000005b2H .idata$6                DATA
 0003:00000000 000010a8H .data                   DATA
 0003:000010a8 00000168H .data$r                 DATA
 0003:00001210 000001a0H .didat$5                DATA
 0003:000013b0 00001354H .bss                    DATA
 0004:00000000 000021e4H .pdata                  DATA
 0005:00000000 00000084H .gfids$x                DATA
 0005:00000084 00000058H .gfids$y                DATA
 0006:00000000 00000060H .rsrc$01                DATA
 0006:00000060 00000180H .rsrc$02                DATA

  Address         Publics by Value              Rva+Base               Lib:Object

 0000:00000000       __guard_longjmp_count      0000000000000000     <absolute>
 0000:00000000       __guard_longjmp_table      0000000000000000     <absolute>
 0000:00000000       __guard_iat_table          0000000000000000     <absolute>
 0000:00000000       __guard_iat_count          0000000000000000     <absolute>
 0000:00000000       __dynamic_value_reloc_table 0000000000000000     <absolute>
 0000:00000000       __guard_fids_count         0000000000000000     <absolute>
 0000:00000000       ___safe_se_handler_table   0000000000000000     <absolute>
 0000:00000000       ___safe_se_handler_count   0000000000000000     <absolute>
 0000:00000000       __guard_fids_table         0000000000000000     <absolute>
 0000:00000100       __guard_flags              0000000000000100     <absolute>
 0000:00000000       __ImageBase                0000000180000000     <linker-defined>
 0001:000000c0       __local_stdio_printf_options 00000001800010c0 f i rvo2_wrap.obj
 0001:000000d0       sprintf                    00000001800010d0 f i rvo2_wrap.obj
 0001:00000130       ??0exception@stdext@@QEAA@AEBV01@@Z 0000000180001130 f i rvo2_wrap.obj
 0001:00000150       ?what@exception@stdext@@UEBAPEBDXZ 0000000180001150 f i rvo2_wrap.obj
 0001:00000170       ?_Doraise@exception@stdext@@MEBAXXZ 0000000180001170 f i rvo2_wrap.obj
 0001:00000170       __except_validate_context_record 0000000180001170 f i libvcruntime:jbcxrval.obj
 0001:00000170       _guard_check_icall_nop     0000000180001170 f i LIBCMT:guard_support.obj
 0001:00000180       ??_Eexception@stdext@@UEAAPEAXI@Z 0000000180001180 f i * CIL library *:* CIL module *
 0001:00000180       ??_Gout_of_range@std@@UEAAPEAXI@Z 0000000180001180 f i rvo2_wrap.obj
 0001:00000180       ??_Glogic_error@std@@UEAAPEAXI@Z 0000000180001180 f i rvo2_wrap.obj
 0001:00000180       ??_Gexception@stdext@@UEAAPEAXI@Z 0000000180001180 f i rvo2_wrap.obj
 0001:00000180       ??_Elogic_error@std@@UEAAPEAXI@Z 0000000180001180 f i * CIL library *:* CIL module *
 0001:00000180       ??_Eout_of_range@std@@UEAAPEAXI@Z 0000000180001180 f i * CIL library *:* CIL module *
 0001:000001b0       ??1out_of_range@std@@UEAA@XZ 00000001800011b0 f i rvo2_wrap.obj
 0001:00000330       ?error@V8ErrorHandler@@UEAAXHPEBD@Z 0000000180001330 f i rvo2_wrap.obj
 0001:00000390       ??_EV8ErrorHandler@@UEAAPEAXI@Z 0000000180001390 f i * CIL library *:* CIL module *
 0001:00000390       ??_GV8ErrorHandler@@UEAAPEAXI@Z 0000000180001390 f i rvo2_wrap.obj
 0001:000003c0       ?error@OverloadErrorHandler@@UEAAXHPEBD@Z 00000001800013c0 f i rvo2_wrap.obj
 0001:00000440       ??0SWIGV8_Proxy@@QEAA@XZ   0000000180001440 f i rvo2_wrap.obj
 0001:00000f90       ?distSqPointLineSegment@RVO@@YAMAEBVVector2@1@00@Z 0000000180001f90 f i rvo2_wrap.obj
 0001:000011a0       ??0out_of_range@std@@QEAA@AEBV01@@Z 00000001800021a0 f i rvo2_wrap.obj
 0001:000011c0       ??0logic_error@std@@QEAA@AEBV01@@Z 00000001800021c0 f i rvo2_wrap.obj
 0001:000015a0       ??1OverloadErrorHandler@@UEAA@XZ 00000001800025a0 f i rvo2_wrap.obj
 0001:000015b0       ??_GOverloadErrorHandler@@UEAAPEAXI@Z 00000001800025b0 f i rvo2_wrap.obj
 0001:000015b0       ??_EOverloadErrorHandler@@UEAAPEAXI@Z 00000001800025b0 f i * CIL library *:* CIL module *
 0001:0000e0a0       rvo2_initialize            000000018000f0a0 f   rvo2_wrap.obj
 0001:00011170       ?push_back@?$vector@NV?$allocator@N@std@@@std@@QEAAXAEBN@Z 0000000180012170 f i rvo2_wrap.obj
 0001:00011200       ??0?$vector@NV?$allocator@N@std@@@std@@QEAA@_K@Z 0000000180012200 f i rvo2_wrap.obj
 0001:00011280       ?push_back@?$vector@HV?$allocator@H@std@@@std@@QEAAXAEBH@Z 0000000180012280 f i rvo2_wrap.obj
 0001:00011310       ??0?$vector@HV?$allocator@H@std@@@std@@QEAA@_K@Z 0000000180012310 f i rvo2_wrap.obj
 0001:00011390       ?push_back@?$vector@VLine@RVO@@V?$allocator@VLine@RVO@@@std@@@std@@QEAAXAEBVLine@RVO@@@Z 0000000180012390 f i rvo2_wrap.obj
 0001:00011420       ??1?$vector@VLine@RVO@@V?$allocator@VLine@RVO@@@std@@@std@@QEAA@XZ 0000000180012420 f i rvo2_wrap.obj
 0001:00011430       ??0?$vector@VLine@RVO@@V?$allocator@VLine@RVO@@@std@@@std@@QEAA@_K@Z 0000000180012430 f i rvo2_wrap.obj
 0001:000114c0       ?push_back@?$vector@VVector2@RVO@@V?$allocator@VVector2@RVO@@@std@@@std@@QEAAXAEBVVector2@RVO@@@Z 00000001800124c0 f i rvo2_wrap.obj
 0001:00011550       ??0?$vector@VVector2@RVO@@V?$allocator@VVector2@RVO@@@std@@@std@@QEAA@_K@Z 0000000180012550 f i rvo2_wrap.obj
 0001:000115e0       ??1?$Persistent@VObject@v8@@V?$NonCopyablePersistentTraits@VObject@v8@@@2@@v8@@QEAA@XZ 00000001800125e0 f i rvo2_wrap.obj
 0001:00011600       ?_Reserve@?$vector@PEAVObstacle@RVO@@V?$allocator@PEAVObstacle@RVO@@@std@@@std@@IEAAX_K@Z 0000000180012600 f i KdTree.obj
 0001:00011600       ?_Reserve@?$vector@NV?$allocator@N@std@@@std@@IEAAX_K@Z 0000000180012600 f i rvo2_wrap.obj
 0001:00011600       ?_Reserve@?$vector@PEAVAgent@RVO@@V?$allocator@PEAVAgent@RVO@@@std@@@std@@IEAAX_K@Z 0000000180012600 f i KdTree.obj
 0001:00011690       ?_Reallocate@?$vector@PEAVAgent@RVO@@V?$allocator@PEAVAgent@RVO@@@std@@@std@@IEAAX_K@Z 0000000180012690 f i KdTree.obj
 0001:00011690       ?_Reallocate@?$vector@NV?$allocator@N@std@@@std@@IEAAX_K@Z 0000000180012690 f i rvo2_wrap.obj
 0001:00011690       ?_Reallocate@?$vector@PEAVObstacle@RVO@@V?$allocator@PEAVObstacle@RVO@@@std@@@std@@IEAAX_K@Z 0000000180012690 f i KdTree.obj
 0001:00011770       ?_Reserve@?$vector@HV?$allocator@H@std@@@std@@IEAAX_K@Z 0000000180012770 f i rvo2_wrap.obj
 0001:00011800       ?_Reallocate@?$vector@HV?$allocator@H@std@@@std@@IEAAX_K@Z 0000000180012800 f i rvo2_wrap.obj
 0001:000118e0       ?_Tidy@?$vector@U?$pair@MPEBVAgent@RVO@@@std@@V?$allocator@U?$pair@MPEBVAgent@RVO@@@std@@@2@@std@@IEAAXXZ 00000001800128e0 f i rvo2_wrap.obj
 0001:000118e0       ?_Tidy@?$vector@VLine@RVO@@V?$allocator@VLine@RVO@@@std@@@std@@IEAAXXZ 00000001800128e0 f i rvo2_wrap.obj
 0001:000118e0       ?_Tidy@?$vector@U?$pair@MPEBVObstacle@RVO@@@std@@V?$allocator@U?$pair@MPEBVObstacle@RVO@@@std@@@2@@std@@IEAAXXZ 00000001800128e0 f i rvo2_wrap.obj
 0001:00011970       ?_Reserve@?$vector@VLine@RVO@@V?$allocator@VLine@RVO@@@std@@@std@@IEAAX_K@Z 0000000180012970 f i rvo2_wrap.obj
 0001:00011970       ?_Reserve@?$vector@U?$pair@MPEBVAgent@RVO@@@std@@V?$allocator@U?$pair@MPEBVAgent@RVO@@@std@@@2@@std@@IEAAX_K@Z 0000000180012970 f i Agent.obj
 0001:00011970       ?_Reserve@?$vector@U?$pair@MPEBVObstacle@RVO@@@std@@V?$allocator@U?$pair@MPEBVObstacle@RVO@@@std@@@2@@std@@IEAAX_K@Z 0000000180012970 f i Agent.obj
 0001:00011a00       ?_Reallocate@?$vector@U?$pair@MPEBVAgent@RVO@@@std@@V?$allocator@U?$pair@MPEBVAgent@RVO@@@std@@@2@@std@@IEAAX_K@Z 0000000180012a00 f i Agent.obj
 0001:00011a00       ?_Reallocate@?$vector@VLine@RVO@@V?$allocator@VLine@RVO@@@std@@@std@@IEAAX_K@Z 0000000180012a00 f i rvo2_wrap.obj
 0001:00011a00       ?_Reallocate@?$vector@U?$pair@MPEBVObstacle@RVO@@@std@@V?$allocator@U?$pair@MPEBVObstacle@RVO@@@std@@@2@@std@@IEAAX_K@Z 0000000180012a00 f i Agent.obj
 0001:00011b50       ?_Reserve@?$vector@VVector2@RVO@@V?$allocator@VVector2@RVO@@@std@@@std@@IEAAX_K@Z 0000000180012b50 f i rvo2_wrap.obj
 0001:00011be0       ?_Reallocate@?$vector@VVector2@RVO@@V?$allocator@VVector2@RVO@@@std@@@std@@IEAAX_K@Z 0000000180012be0 f i rvo2_wrap.obj
 0001:00011ce0       ?deallocate@?$_Wrap_alloc@V?$allocator@VVector2@RVO@@@std@@@std@@QEAAXPEAVVector2@RVO@@_K@Z 0000000180012ce0 f i rvo2_wrap.obj
 0001:00011ce0       ?deallocate@?$_Wrap_alloc@V?$allocator@PEAVAgent@RVO@@@std@@@std@@QEAAXPEAPEAVAgent@RVO@@_K@Z 0000000180012ce0 f i KdTree.obj
 0001:00011ce0       ?deallocate@?$_Wrap_alloc@V?$allocator@N@std@@@std@@QEAAXPEAN_K@Z 0000000180012ce0 f i rvo2_wrap.obj
 0001:00011ce0       ?deallocate@?$_Wrap_alloc@V?$allocator@PEAVObstacle@RVO@@@std@@@std@@QEAAXPEAPEAVObstacle@RVO@@_K@Z 0000000180012ce0 f i KdTree.obj
 0001:00011d50       ?allocate@?$_Wrap_alloc@V?$allocator@PEAVObstacle@RVO@@@std@@@std@@QEAAPEAPEAVObstacle@RVO@@_K@Z 0000000180012d50 f i KdTree.obj
 0001:00011d50       ?allocate@?$_Wrap_alloc@V?$allocator@N@std@@@std@@QEAAPEAN_K@Z 0000000180012d50 f i rvo2_wrap.obj
 0001:00011d50       ?allocate@?$_Wrap_alloc@V?$allocator@VVector2@RVO@@@std@@@std@@QEAAPEAVVector2@RVO@@_K@Z 0000000180012d50 f i rvo2_wrap.obj
 0001:00011dc0       ?deallocate@?$_Wrap_alloc@V?$allocator@H@std@@@std@@QEAAXPEAH_K@Z 0000000180012dc0 f i rvo2_wrap.obj
 0001:00011e30       ?allocate@?$_Wrap_alloc@V?$allocator@H@std@@@std@@QEAAPEAH_K@Z 0000000180012e30 f i rvo2_wrap.obj
 0001:00011ea0       ?allocate@?$_Wrap_alloc@V?$allocator@VLine@RVO@@@std@@@std@@QEAAPEAVLine@RVO@@_K@Z 0000000180012ea0 f i rvo2_wrap.obj
 0001:00011f10       ?computeNewVelocity@Agent@RVO@@AEAAXXZ 0000000180012f10 f   Agent.obj
 0001:00013110       ?insertAgentNeighbor@Agent@RVO@@AEAAXPEBV12@AEAM@Z 0000000180014110 f   Agent.obj
 0001:00013280       ?insertObstacleNeighbor@Agent@RVO@@AEAAXPEBVObstacle@2@M@Z 0000000180014280 f   Agent.obj
 0001:000133c0       ?linearProgram1@RVO@@YA_NAEBV?$vector@VLine@RVO@@V?$allocator@VLine@RVO@@@std@@@std@@_KMAEBVVector2@1@_NAEAV41@@Z 00000001800143c0 f   Agent.obj
 0001:000136b0       ?linearProgram2@RVO@@YA_KAEBV?$vector@VLine@RVO@@V?$allocator@VLine@RVO@@@std@@@std@@MAEBVVector2@1@_NAEAV41@@Z 00000001800146b0 f   Agent.obj
 0001:00013840       ?linearProgram3@RVO@@YAXAEBV?$vector@VLine@RVO@@V?$allocator@VLine@RVO@@@std@@@std@@_K1MAEAVVector2@1@@Z 0000000180014840 f   Agent.obj
 0001:00013ec0       ??1KdTree@RVO@@AEAA@XZ     0000000180014ec0 f   KdTree.obj
 0001:00013f80       ?buildAgentTree@KdTree@RVO@@AEAAXXZ 0000000180014f80 f   KdTree.obj
 0001:000140a0       ?buildAgentTreeRecursive@KdTree@RVO@@AEAAX_K00@Z 00000001800150a0 f   KdTree.obj
 0001:00014680       ?buildObstacleTree@KdTree@RVO@@AEAAXXZ 0000000180015680 f   KdTree.obj
 0001:00014820       ?buildObstacleTreeRecursive@KdTree@RVO@@AEAAPEAVObstacleTreeNode@12@AEBV?$vector@PEAVObstacle@RVO@@V?$allocator@PEAVObstacle@RVO@@@std@@@std@@@Z 0000000180015820 f   KdTree.obj
 0001:00015080       ?deleteObstacleTree@KdTree@RVO@@AEAAXPEAVObstacleTreeNode@12@@Z 0000000180016080 f   KdTree.obj
 0001:000150d0       ?queryAgentTreeRecursive@KdTree@RVO@@AEBAXPEAVAgent@2@AEAM_K@Z 00000001800160d0 f   KdTree.obj
 0001:000152e0       ?queryObstacleTreeRecursive@KdTree@RVO@@AEBAXPEAVAgent@2@MPEBVObstacleTreeNode@12@@Z 00000001800162e0 f   KdTree.obj
 0001:00015400       ?queryVisibilityRecursive@KdTree@RVO@@AEBA_NAEBVVector2@2@0MPEBVObstacleTreeNode@12@@Z 0000000180016400 f   KdTree.obj
 0001:000156d0       ?resize@?$vector@VAgentTreeNode@KdTree@RVO@@V?$allocator@VAgentTreeNode@KdTree@RVO@@@std@@@std@@QEAAX_K@Z 00000001800166d0 f i KdTree.obj
 0001:000157e0       ??1?$vector@PEAVObstacle@RVO@@V?$allocator@PEAVObstacle@RVO@@@std@@@std@@QEAA@XZ 00000001800167e0 f i KdTree.obj
 0001:000157e0       ??1?$vector@PEAVAgent@RVO@@V?$allocator@PEAVAgent@RVO@@@std@@@std@@QEAA@XZ 00000001800167e0 f i KdTree.obj
 0001:00015820       ?_Reserve@?$vector@VAgentTreeNode@KdTree@RVO@@V?$allocator@VAgentTreeNode@KdTree@RVO@@@std@@@std@@IEAAX_K@Z 0000000180016820 f i KdTree.obj
 0001:000158f0       ?deallocate@?$_Wrap_alloc@V?$allocator@VAgentTreeNode@KdTree@RVO@@@std@@@std@@QEAAXPEAVAgentTreeNode@KdTree@RVO@@_K@Z 00000001800168f0 f i KdTree.obj
 0001:00015960       ?_Reallocate@?$vector@VAgentTreeNode@KdTree@RVO@@V?$allocator@VAgentTreeNode@KdTree@RVO@@@std@@@std@@IEAAX_K@Z 0000000180016960 f i KdTree.obj
 0001:00015a80       ??0RVOSimulator@RVO@@QEAA@XZ 0000000180016a80 f   RVOSimulator.obj
 0001:00015b00       ??0RVOSimulator@RVO@@QEAA@MM_KMMMMAEBVVector2@1@@Z 0000000180016b00 f   RVOSimulator.obj
 0001:00015c70       ??1RVOSimulator@RVO@@QEAA@XZ 0000000180016c70 f   RVOSimulator.obj
 0001:00015ea0       ?addAgent@RVOSimulator@RVO@@QEAA_KAEBVVector2@2@@Z 0000000180016ea0 f   RVOSimulator.obj
 0001:00016040       ?addAgent@RVOSimulator@RVO@@QEAA_KAEBVVector2@2@M_KMMMM0@Z 0000000180017040 f   RVOSimulator.obj
 0001:000161e0       ?addObstacle@RVOSimulator@RVO@@QEAA_KAEBV?$vector@VVector2@RVO@@V?$allocator@VVector2@RVO@@@std@@@std@@@Z 00000001800171e0 f   RVOSimulator.obj
 0001:000164c0       ?doStep@RVOSimulator@RVO@@QEAAXXZ 00000001800174c0 f   RVOSimulator.obj
 0001:00016640       ?setAgentDefaults@RVOSimulator@RVO@@QEAAXM_KMMMMAEBVVector2@2@@Z 0000000180017640 f   RVOSimulator.obj
 0001:0001679c       __imp_load_?Global@Context@v8@@QEAA?AV?$Local@VObject@v8@@@2@XZ 000000018001779c f   node:node.exe
 0001:000167a8       __tailMerge_node_exe       00000001800177a8 f i node:node.exe
 0001:00016821       __imp_load_?Value@External@v8@@QEBAPEAXXZ 0000000180017821 f   node:node.exe
 0001:0001682d       __imp_load_?New@External@v8@@SA?AV?$Local@VExternal@v8@@@2@PEAVIsolate@2@PEAX@Z 000000018001782d f   node:node.exe
 0001:00016839       __imp_load_?NewFromUnsigned@Integer@v8@@SA?AV?$Local@VInteger@v8@@@2@PEAVIsolate@2@I@Z 0000000180017839 f   node:node.exe
 0001:00016845       __imp_load_?New@Integer@v8@@SA?AV?$Local@VInteger@v8@@@2@PEAVIsolate@2@H@Z 0000000180017845 f   node:node.exe
 0001:00016851       __imp_load_?ReportExternalAllocationLimitReached@Isolate@v8@@AEAAXXZ 0000000180017851 f   node:node.exe
 0001:0001685d       __imp_load_?ThrowException@Isolate@v8@@QEAA?AV?$Local@VValue@v8@@@2@V32@@Z 000000018001785d f   node:node.exe
 0001:00016869       __imp_load_?GetCurrentContext@Isolate@v8@@QEAA?AV?$Local@VContext@v8@@@2@XZ 0000000180017869 f   node:node.exe
 0001:00016875       __imp_load_?GetCurrent@Isolate@v8@@SAPEAV12@XZ 0000000180017875 f   node:node.exe
 0001:00016881       __imp_load_?CreateHandle@HandleScope@v8@@KAPEAPEAVObject@internal@2@PEAVIsolate@42@PEAV342@@Z 0000000180017881 f   node:node.exe
 0001:0001688d       __imp_load_??1HandleScope@v8@@QEAA@XZ 000000018001788d f   node:node.exe
 0001:00016899       __imp_load_??0HandleScope@v8@@QEAA@PEAVIsolate@1@@Z 0000000180017899 f   node:node.exe
 0001:000168a5       __imp_load_?Set@Template@v8@@QEAAXV?$Local@VName@v8@@@2@V?$Local@VData@v8@@@2@W4PropertyAttribute@2@@Z 00000001800178a5 f   node:node.exe
 0001:000168b1       __imp_load_?Error@Exception@v8@@SA?AV?$Local@VValue@v8@@@2@V?$Local@VString@v8@@@2@@Z 00000001800178b1 f   node:node.exe
 0001:000168bd       __imp_load_?SetHiddenPrototype@FunctionTemplate@v8@@QEAAX_N@Z 00000001800178bd f   node:node.exe
 0001:000168c9       __imp_load_?SetClassName@FunctionTemplate@v8@@QEAAXV?$Local@VString@v8@@@2@@Z 00000001800178c9 f   node:node.exe
 0001:000168d5       __imp_load_?PrototypeTemplate@FunctionTemplate@v8@@QEAA?AV?$Local@VObjectTemplate@v8@@@2@XZ 00000001800178d5 f   node:node.exe
 0001:000168e1       __imp_load_?Inherit@FunctionTemplate@v8@@QEAAXV?$Local@VFunctionTemplate@v8@@@2@@Z 00000001800178e1 f   node:node.exe
 0001:000168ed       __imp_load_?InstanceTemplate@FunctionTemplate@v8@@QEAA?AV?$Local@VObjectTemplate@v8@@@2@XZ 00000001800178ed f   node:node.exe
 0001:000168f9       __imp_load_?SetCallHandler@FunctionTemplate@v8@@QEAAXP6AXAEBV?$FunctionCallbackInfo@VValue@v8@@@2@@ZV?$Local@VValue@v8@@@2@PEAVFastAccessorBuilder@experimental@2@@Z 00000001800178f9 f   node:node.exe
 0001:00016905       __imp_load_?GetFunction@FunctionTemplate@v8@@QEAA?AV?$Local@VFunction@v8@@@2@XZ 0000000180017905 f   node:node.exe
 0001:00016911       __imp_load_?New@FunctionTemplate@v8@@SA?AV?$Local@VFunctionTemplate@v8@@@2@PEAVIsolate@2@P6AXAEBV?$FunctionCallbackInfo@VValue@v8@@@2@@ZV?$Local@VValue@v8@@@2@V?$Local@VSignature@v8@@@2@H@Z 0000000180017911 f   node:node.exe
 0001:0001691d       __imp_load_?ClearWeak@V8@v8@@CAPEAXPEAPEAVObject@internal@2@@Z 000000018001791d f   node:node.exe
 0001:00016929       __imp_load_?MakeWeak@V8@v8@@CAXPEAPEAVObject@internal@2@PEAXP6AXAEBV?$WeakCallbackData@VValue@v8@@X@2@@Z@Z 0000000180017929 f   node:node.exe
 0001:00016935       __imp_load_?DisposeGlobal@V8@v8@@CAXPEAPEAVObject@internal@2@@Z 0000000180017935 f   node:node.exe
 0001:00016941       __imp_load_?GlobalizeReference@V8@v8@@CAPEAPEAVObject@internal@2@PEAVIsolate@42@PEAPEAV342@@Z 0000000180017941 f   node:node.exe
 0001:0001694d       __imp_load_?IntegerValue@Value@v8@@QEBA_JXZ 000000018001794d f   node:node.exe
 0001:00016959       __imp_load_?NumberValue@Value@v8@@QEBANXZ 0000000180017959 f   node:node.exe
 0001:00016965       __imp_load_?BooleanValue@Value@v8@@QEBA_NXZ 0000000180017965 f   node:node.exe
 0001:00016971       __imp_load_?IsNumber@Value@v8@@QEBA_NXZ 0000000180017971 f   node:node.exe
 0001:0001697d       __imp_load_?IsBoolean@Value@v8@@QEBA_NXZ 000000018001797d f   node:node.exe
 0001:00016989       __imp_load_?IsObject@Value@v8@@QEBA_NXZ 0000000180017989 f   node:node.exe
 0001:00016995       __imp_load_?Escape@EscapableHandleScope@v8@@AEAAPEAPEAVObject@internal@2@PEAPEAV342@@Z 0000000180017995 f   node:node.exe
 0001:000169a1       __imp_load_??0EscapableHandleScope@v8@@QEAA@PEAVIsolate@1@@Z 00000001800179a1 f   node:node.exe
 0001:000169ad       __imp_load_?NewFromUtf8@String@v8@@SA?AV?$Local@VString@v8@@@2@PEAVIsolate@2@PEBDW4NewStringType@12@H@Z 00000001800179ad f   node:node.exe
 0001:000169b9       __imp_load_?WriteUtf8@String@v8@@QEBAHPEADHPEAHH@Z 00000001800179b9 f   node:node.exe
 0001:000169c5       __imp_load_?New@Number@v8@@SA?AV?$Local@VNumber@v8@@@2@PEAVIsolate@2@N@Z 00000001800179c5 f   node:node.exe
 0001:000169d1       __imp_load_?SlowGetAlignedPointerFromInternalField@Object@v8@@AEAAPEAXH@Z 00000001800179d1 f   node:node.exe
 0001:000169dd       __imp_load_?GetHiddenValue@Object@v8@@QEAA?AV?$Local@VValue@v8@@@2@V?$Local@VString@v8@@@2@@Z 00000001800179dd f   node:node.exe
 0001:000169e9       __imp_load_?SetHiddenValue@Object@v8@@QEAA_NV?$Local@VString@v8@@@2@V?$Local@VValue@v8@@@2@@Z 00000001800179e9 f   node:node.exe
 0001:000169f5       __imp_load_?SetAlignedPointerInInternalField@Object@v8@@QEAAXHPEAX@Z 00000001800179f5 f   node:node.exe
 0001:00016a01       __imp_load_?InternalFieldCount@Object@v8@@QEAAHXZ 0000000180017a01 f   node:node.exe
 0001:00016a0d       __imp_load_?SetAccessor@Object@v8@@QEAA_NV?$Local@VString@v8@@@2@P6AX0AEBV?$PropertyCallbackInfo@VValue@v8@@@2@@ZP6AX0V?$Local@VValue@v8@@@2@AEBV?$PropertyCallbackInfo@X@2@@Z3W4AccessControl@2@W4PropertyAttribute@2@@Z 0000000180017a0d f   node:node.exe
 0001:00016a19       __imp_load_?Set@Object@v8@@QEAA_NV?$Local@VValue@v8@@@2@0@Z 0000000180017a19 f   node:node.exe
 0001:00016a25       __imp_load_?SetInternalFieldCount@ObjectTemplate@v8@@QEAAXH@Z 0000000180017a25 f   node:node.exe
 0001:00016a31       __imp_load_?SetAccessor@ObjectTemplate@v8@@QEAAXV?$Local@VString@v8@@@2@P6AX0AEBV?$PropertyCallbackInfo@VValue@v8@@@2@@ZP6AX0V?$Local@VValue@v8@@@2@AEBV?$PropertyCallbackInfo@X@2@@Z3W4AccessControl@2@W4PropertyAttribute@2@V?$Local@VAccessorSignature@v8@@@2@@Z 0000000180017a31 f   node:node.exe
 0001:00016a3d       __imp_load_?NewInstance@ObjectTemplate@v8@@QEAA?AV?$Local@VObject@v8@@@2@XZ 0000000180017a3d f   node:node.exe
 0001:00016a49       __imp_load_node_module_register 0000000180017a49 f   node:node.exe
 0001:00016a55       __imp_load_?ToObject@Value@v8@@QEBA?AV?$Local@VObject@v8@@@2@XZ 0000000180017a55 f   node:node.exe
 0001:00016a61       __imp_load_??1EscapableHandleScope@v8@@QEAA@XZ 0000000180017a61 f   node:node.exe
 0001:00016a70       ??0bad_alloc@std@@QEAA@AEBV01@@Z 0000000180017a70 f i libcpmt:xthrow.obj
 0001:00016ab0       ??0bad_alloc@std@@QEAA@XZ  0000000180017ab0 f i libcpmt:xthrow.obj
 0001:00016ad0       ??0exception@std@@QEAA@AEBV01@@Z 0000000180017ad0 f i libcpmt:xthrow.obj
 0001:00016b08       ??0length_error@std@@QEAA@AEBV01@@Z 0000000180017b08 f i libcpmt:xthrow.obj
 0001:00016b48       ??0length_error@std@@QEAA@PEBD@Z 0000000180017b48 f i libcpmt:xthrow.obj
 0001:00016b94       ??1length_error@std@@UEAA@XZ 0000000180017b94 f i libcpmt:xthrow.obj
 0001:00016b94       ??1bad_array_new_length@std@@UEAA@XZ 0000000180017b94 f i LIBCMT:throw_bad_alloc.obj
 0001:00016b94       ??1bad_exception@std@@UEAA@XZ 0000000180017b94 f i libvcruntime:frame.obj
 0001:00016b94       ??1bad_alloc@std@@UEAA@XZ  0000000180017b94 f i libcpmt:xthrow.obj
 0001:00016ba8       ?_Xbad_alloc@std@@YAXXZ    0000000180017ba8 f   libcpmt:xthrow.obj
 0001:00016ba8       ?__scrt_throw_std_bad_alloc@@YAXXZ 0000000180017ba8 f   LIBCMT:throw_bad_alloc.obj
 0001:00016bc8       ?_Xlength_error@std@@YAXPEBD@Z 0000000180017bc8 f   libcpmt:xthrow.obj
 0001:00016bec       ?what@exception@std@@UEBAPEBDXZ 0000000180017bec f i libcpmt:xthrow.obj
 0001:00016c10       __security_check_cookie    0000000180017c10 f   LIBCMT:_amdsecgs_.obj
 0001:00016c34       ??2@YAPEAX_K@Z             0000000180017c34 f   LIBCMT:new_scalar.obj
 0001:00016c70       __scrt_acquire_startup_lock 0000000180017c70 f   LIBCMT:utility.obj
 0001:00016cac       __scrt_dllmain_after_initialize_c 0000000180017cac f   LIBCMT:utility.obj
 0001:00016ce0       __scrt_dllmain_before_initialize_c 0000000180017ce0 f   LIBCMT:utility.obj
 0001:00016cf8       __scrt_dllmain_crt_thread_attach 0000000180017cf8 f   LIBCMT:utility.obj
 0001:00016d20       __scrt_dllmain_crt_thread_detach 0000000180017d20 f   LIBCMT:utility.obj
 0001:00016d38       __scrt_dllmain_exception_filter 0000000180017d38 f   LIBCMT:utility.obj
 0001:00016d9c       __scrt_dllmain_uninitialize_c 0000000180017d9c f   LIBCMT:utility.obj
 0001:00016dcc       __scrt_dllmain_uninitialize_critical 0000000180017dcc f   LIBCMT:utility.obj
 0001:00016de0       __scrt_initialize_crt      0000000180017de0 f   LIBCMT:utility.obj
 0001:00016e2c       __scrt_initialize_onexit_tables 0000000180017e2c f   LIBCMT:utility.obj
 0001:00016ef8       __scrt_is_nonwritable_in_current_image 0000000180017ef8 f   LIBCMT:utility.obj
 0001:00016f94       __scrt_release_startup_lock 0000000180017f94 f   LIBCMT:utility.obj
 0001:00016fb8       __scrt_uninitialize_crt    0000000180017fb8 f   LIBCMT:utility.obj
 0001:00016fe4       _onexit                    0000000180017fe4 f   LIBCMT:utility.obj
 0001:00017034       atexit                     0000000180018034 f   LIBCMT:utility.obj
 0001:0001704c       ??3@YAXPEAX@Z              000000018001804c f   LIBCMT:delete_scalar.obj
 0001:00017054       ??3@YAXPEAX_K@Z            0000000180018054 f   LIBCMT:delete_scalar_size.obj
 0001:0001705c       ??_Etype_info@@UEAAPEAXI@Z 000000018001805c f i LIBCMT:std_type_info_static.obj
 0001:0001705c       ??_Gtype_info@@UEAAPEAXI@Z 000000018001805c f i LIBCMT:std_type_info_static.obj
 0001:000173d4       _DllMainCRTStartup         00000001800183d4 f   LIBCMT:dll_dllmain.obj
 0001:00017414       __raise_securityfailure    0000000180018414 f   LIBCMT:gs_report.obj
 0001:00017448       __report_gsfailure         0000000180018448 f   LIBCMT:gs_report.obj
 0001:0001751c       __report_rangecheckfailure 000000018001851c f   LIBCMT:gs_report.obj
 0001:00017530       __report_securityfailure   0000000180018530 f   LIBCMT:gs_report.obj
 0001:000176b0       ??0bad_array_new_length@std@@QEAA@AEBV01@@Z 00000001800186b0 f i LIBCMT:throw_bad_alloc.obj
 0001:000176f0       ??0bad_array_new_length@std@@QEAA@XZ 00000001800186f0 f i LIBCMT:throw_bad_alloc.obj
 0001:00017710       ?__scrt_throw_std_bad_array_new_length@@YAXXZ 0000000180018710 f   LIBCMT:throw_bad_alloc.obj
 0001:00017730       __isa_available_init       0000000180018730 f   LIBCMT:_cpu_disp_.obj
 0001:000178f8       __scrt_is_ucrt_dll_in_use  00000001800188f8 f   LIBCMT:ucrt_detection.obj
 0001:00017904       __crt_debugger_hook        0000000180018904 f   LIBCMT:utility_desktop.obj
 0001:0001790c       __scrt_fastfail            000000018001890c f   LIBCMT:utility_desktop.obj
 0001:00017a54       _guard_check_icall         0000000180018a54 f i LIBCMT:checkcfg.obj
 0001:00017a5c       __security_init_cookie     0000000180018a5c f   LIBCMT:gs_support.obj
 0001:00017b08       _get_startup_argv_mode     0000000180018b08 f   LIBCMT:argv_mode.obj
 0001:00017b08       DllMain                    0000000180018b08 f   LIBCMT:dll_dllmain_stub.obj
 0001:00017b10       ?__scrt_initialize_type_info@@YAXXZ 0000000180018b10 f   LIBCMT:tncleanup.obj
 0001:00017b20       ?__scrt_uninitialize_type_info@@YAXXZ 0000000180018b20 f   LIBCMT:tncleanup.obj
 0001:00017b2c       __local_stdio_scanf_options 0000000180018b2c f i LIBCMT:default_local_stdio_options.obj
 0001:00017b34       __scrt_initialize_default_local_stdio_options 0000000180018b34 f   LIBCMT:default_local_stdio_options.obj
 0001:00017b50       __scrt_get_dyn_tls_init_callback 0000000180018b50 f   LIBCMT:dyn_tls_init.obj
 0001:00017b58       _RTC_Initialize            0000000180018b58 f   LIBCMT:_initsect_.obj
 0001:00017ba4       _RTC_Terminate             0000000180018ba4 f   LIBCMT:_initsect_.obj
 0001:00017c00       memmove                    0000000180018c00 f   libvcruntime:memcpy.obj
 0001:00017c00       memcpy                     0000000180018c00 f   libvcruntime:memcpy.obj
 0001:00018038       __DestructExceptionObject  0000000180019038 f   libvcruntime:frame.obj
 0001:000180c0       ??0bad_exception@std@@QEAA@AEBV01@@Z 00000001800190c0 f i libvcruntime:frame.obj
 0001:00018100       ??0bad_exception@std@@QEAA@XZ 0000000180019100 f i libvcruntime:frame.obj
 0001:00018120       ??_Glength_error@std@@UEAAPEAXI@Z 0000000180019120 f i libcpmt:xthrow.obj
 0001:00018120       ??_Elength_error@std@@UEAAPEAXI@Z 0000000180019120 f i libcpmt:xthrow.obj
 0001:00018120       ??_Eexception@std@@UEAAPEAXI@Z 0000000180019120 f i libcpmt:xthrow.obj
 0001:00018120       ??_Gbad_exception@std@@UEAAPEAXI@Z 0000000180019120 f i libvcruntime:frame.obj
 0001:00018120       ??_Gbad_alloc@std@@UEAAPEAXI@Z 0000000180019120 f i libcpmt:xthrow.obj
 0001:00018120       ??_Ebad_alloc@std@@UEAAPEAXI@Z 0000000180019120 f i libcpmt:xthrow.obj
 0001:00018120       ??_Ebad_exception@std@@UEAAPEAXI@Z 0000000180019120 f i libvcruntime:frame.obj
 0001:00018120       ??_Ebad_array_new_length@std@@UEAAPEAXI@Z 0000000180019120 f i LIBCMT:throw_bad_alloc.obj
 0001:00018120       ??_Gbad_array_new_length@std@@UEAAPEAXI@Z 0000000180019120 f i LIBCMT:throw_bad_alloc.obj
 0001:00018120       ??_Gexception@std@@UEAAPEAXI@Z 0000000180019120 f i libcpmt:xthrow.obj
 0001:00018ac0       ?_CallMemberFunction0@@YAXPEAXP6AX0@Z@Z 0000000180019ac0 f i libvcruntime:frame.obj
 0001:00018ac4       ?_CallMemberFunction1@@YAXPEAXP6AX0@Z0@Z 0000000180019ac4 f i libvcruntime:frame.obj
 0001:00018ad0       ?_CallMemberFunction2@@YAXPEAXP6AX0@Z0H@Z 0000000180019ad0 f i libvcruntime:frame.obj
 0001:00018ae0       __AdjustPointer            0000000180019ae0 f   libvcruntime:frame.obj
 0001:00018b04       __BuildCatchObject         0000000180019b04 f   libvcruntime:frame.obj
 0001:00018bc8       __BuildCatchObjectHelper   0000000180019bc8 f   libvcruntime:frame.obj
 0001:00018da8       __CxxCallCatchBlock        0000000180019da8 f   libvcruntime:frame.obj
 0001:00018f94       __FrameUnwindFilter        0000000180019f94 f   libvcruntime:frame.obj
 0001:00018fe0       __FrameUnwindToState       0000000180019fe0 f   libvcruntime:frame.obj
 0001:00019174       __InternalCxxFrameHandler  000000018001a174 f   libvcruntime:frame.obj
 0001:000193cc       __TypeMatch                000000018001a3cc f   libvcruntime:frame.obj
 0001:0001950c       __std_terminate            000000018001a50c f   libvcruntime:frame.obj
 0001:00019518       __std_exception_copy       000000018001a518 f   libvcruntime:std_exception.obj
 0001:000195a8       __std_exception_destroy    000000018001a5a8 f   libvcruntime:std_exception.obj
 0001:000195d0       _CxxThrowException         000000018001a5d0 f   libvcruntime:throw.obj
 0001:000196a8       __vcrt_initialize          000000018001a6a8 f   libvcruntime:initialization.obj
 0001:000196dc       __vcrt_thread_attach       000000018001a6dc f   libvcruntime:initialization.obj
 0001:000196f0       __vcrt_thread_detach       000000018001a6f0 f   libvcruntime:initialization.obj
 0001:00019704       __vcrt_uninitialize        000000018001a704 f   libvcruntime:initialization.obj
 0001:00019724       __vcrt_uninitialize_critical 000000018001a724 f   libvcruntime:initialization.obj
 0001:00019734       __C_specific_handler       000000018001a734 f   libvcruntime:_chandler_.obj
 0001:00019940       memset                     000000018001a940 f   libvcruntime:memset.obj
 0001:00019ae0       __std_type_info_compare    000000018001aae0 f   libvcruntime:std_type_info.obj
 0001:00019b08       __std_type_info_destroy_list 000000018001ab08 f   libvcruntime:std_type_info.obj
 0001:00019b34       __vcrt_freefls             000000018001ab34 f   libvcruntime:per_thread_data.obj
 0001:00019b54       __vcrt_freeptd             000000018001ab54 f   libvcruntime:per_thread_data.obj
 0001:00019ba4       __vcrt_getptd              000000018001aba4 f   libvcruntime:per_thread_data.obj
 0001:00019bc0       __vcrt_getptd_noexit       000000018001abc0 f   libvcruntime:per_thread_data.obj
 0001:00019c78       __vcrt_initialize_ptd      000000018001ac78 f   libvcruntime:per_thread_data.obj
 0001:00019cb8       __vcrt_uninitialize_ptd    000000018001acb8 f   libvcruntime:per_thread_data.obj
 0001:00019cdc       ?__GetCurrentState@@YAHPEA_KPEAU_xDISPATCHER_CONTEXT@@PEBU_s_FuncInfo@@@Z 000000018001acdc f   libvcruntime:ehstate.obj
 0001:00019d04       ?__GetUnwindTryBlock@@YAHPEA_KPEAU_xDISPATCHER_CONTEXT@@PEBU_s_FuncInfo@@@Z 000000018001ad04 f   libvcruntime:ehstate.obj
 0001:00019d30       ?__SetState@@YAXPEA_KPEAU_xDISPATCHER_CONTEXT@@PEBU_s_FuncInfo@@H@Z 000000018001ad30 f   libvcruntime:ehstate.obj
 0001:00019d3c       ?__SetUnwindTryBlock@@YAXPEA_KPEAU_xDISPATCHER_CONTEXT@@PEBU_s_FuncInfo@@H@Z 000000018001ad3c f   libvcruntime:ehstate.obj
 0001:00019d78       ?__StateFromControlPc@@YAHPEBU_s_FuncInfo@@PEAU_xDISPATCHER_CONTEXT@@@Z 000000018001ad78 f   libvcruntime:ehstate.obj
 0001:00019d80       ?__StateFromIp@@YAHPEBU_s_FuncInfo@@PEAU_xDISPATCHER_CONTEXT@@_J@Z 000000018001ad80 f   libvcruntime:ehstate.obj
 0001:00019e00       _CallSettingFrame          000000018001ae00 f   libvcruntime:handlers.obj
 0001:00019e40       ?_ExecutionInCatch@@YAHPEAU_xDISPATCHER_CONTEXT@@PEBU_s_FuncInfo@@@Z 000000018001ae40 f   libvcruntime:trnsctrl.obj
 0001:00019eb4       ?_GetEstablisherFrame@@YAPEA_KPEA_KPEAU_xDISPATCHER_CONTEXT@@PEBU_s_FuncInfo@@0@Z 000000018001aeb4 f   libvcruntime:trnsctrl.obj
 0001:00019f80       ?_GetRangeOfTrysToCheck@@YAPEBU_s_TryBlockMapEntry@@PEA_KPEBU_s_FuncInfo@@HHPEAI2PEAU_xDISPATCHER_CONTEXT@@@Z 000000018001af80 f   libvcruntime:trnsctrl.obj
 0001:0001a0ac       ?__FrameUnwindToEmptyState@@YAXPEA_KPEAU_xDISPATCHER_CONTEXT@@PEBU_s_FuncInfo@@@Z 000000018001b0ac f   libvcruntime:trnsctrl.obj
 0001:0001a140       ?__SehTransFilter@@YAHPEAU_EXCEPTION_POINTERS@@PEAUEHExceptionRecord@@PEA_KPEAU_CONTEXT@@PEAU_xDISPATCHER_CONTEXT@@PEBU_s_FuncInfo@@PEAH@Z 000000018001b140 f   libvcruntime:trnsctrl.obj
 0001:0001a1d8       _CallSETranslator          000000018001b1d8 f   libvcruntime:trnsctrl.obj
 0001:0001a230       _CreateFrameInfo           000000018001b230 f   libvcruntime:trnsctrl.obj
 0001:0001a26c       _FindAndUnlinkFrame        000000018001b26c f   libvcruntime:trnsctrl.obj
 0001:0001a2c4       _GetImageBase              000000018001b2c4 f   libvcruntime:trnsctrl.obj
 0001:0001a2d8       _GetThrowImageBase         000000018001b2d8 f   libvcruntime:trnsctrl.obj
 0001:0001a2ec       _IsExceptionObjectToBeDestroyed 000000018001b2ec f   libvcruntime:trnsctrl.obj
 0001:0001a31c       _SetImageBase              000000018001b31c f   libvcruntime:trnsctrl.obj
 0001:0001a334       _SetThrowImageBase         000000018001b334 f   libvcruntime:trnsctrl.obj
 0001:0001a34c       _UnwindNestedFrames        000000018001b34c f   libvcruntime:trnsctrl.obj
 0001:0001a470       __CxxFrameHandler3         000000018001b470 f   libvcruntime:trnsctrl.obj
 0001:0001a500       _local_unwind              000000018001b500 f   libvcruntime:_jmpuwind_.obj
 0001:0001a530       _NLG_Notify                000000018001b530 f   libvcruntime:_jmpuwind_.obj
 0001:0001a550       __NLG_Dispatch2            000000018001b550 f   libvcruntime:_jmpuwind_.obj
 0001:0001a560       __NLG_Return2              000000018001b560 f   libvcruntime:_jmpuwind_.obj
 0001:0001a564       __vcrt_initialize_locks    000000018001b564 f   libvcruntime:locks.obj
 0001:0001a5ac       __vcrt_uninitialize_locks  000000018001b5ac f   libvcruntime:locks.obj
 0001:0001a7ac       __vcrt_FlsAlloc            000000018001b7ac f   libvcruntime:winapi_downlevel.obj
 0001:0001a800       __vcrt_FlsFree             000000018001b800 f   libvcruntime:winapi_downlevel.obj
 0001:0001a854       __vcrt_FlsGetValue         000000018001b854 f   libvcruntime:winapi_downlevel.obj
 0001:0001a8a8       __vcrt_FlsSetValue         000000018001b8a8 f   libvcruntime:winapi_downlevel.obj
 0001:0001a910       __vcrt_InitializeCriticalSectionEx 000000018001b910 f   libvcruntime:winapi_downlevel.obj
 0001:0001a988       __vcrt_initialize_winapi_thunks 000000018001b988 f   libvcruntime:winapi_downlevel.obj
 0001:0001a9d4       __vcrt_uninitialize_winapi_thunks 000000018001b9d4 f   libvcruntime:winapi_downlevel.obj
 0001:0001aa14       __vcrt_initialize_pure_virtual_call_handler 000000018001ba14 f   libvcruntime:purevirt_data.obj
 0001:0001aa38       __acrt_call_reportfault    000000018001ba38 f   libucrt:invalid_parameter.obj
 0001:0001ab94       __acrt_initialize_invalid_parameter_handler 000000018001bb94 f   libucrt:invalid_parameter.obj
 0001:0001ab9c       _invalid_parameter         000000018001bb9c f   libucrt:invalid_parameter.obj
 0001:0001ac44       _invalid_parameter_noinfo  000000018001bc44 f   libucrt:invalid_parameter.obj
 0001:0001ac64       _invalid_parameter_noinfo_noreturn 000000018001bc64 f   libucrt:invalid_parameter.obj
 0001:0001ac94       _invoke_watson             000000018001bc94 f   libucrt:invalid_parameter.obj
 0001:0001acdc       _finite                    000000018001bcdc f   libucrt:_finite.obj
 0001:0001ad08       ??$?RV<lambda_7b91131dde12e1c3dfc74ff76b3f2eac>@@AEAV<lambda_dd75445284c072d0bd3768540cc698fa>@@V<lambda_16bc4ecb55b4718497c16bceaea2ceaf>@@@?$__crt_seh_guarded_call@H@@QEAAH$$QEAV<lambda_7b91131dde12e1c3dfc74ff76b3f2eac>@@AEAV<lambda_dd75445284c072d0bd3768540cc698fa>@@$$QEAV<lambda_16bc4ecb55b4718497c16bceaea2ceaf>@@@Z 000000018001bd08 f i libucrt:output.obj
 0001:0001ad48       ??$ensure_buffer_is_big_enough@D@formatting_buffer@__crt_stdio_output@@QEAA_N_K@Z 000000018001bd48 f i libucrt:output.obj
 0001:0001adf4       ??$is_wide_character_specifier@D@__crt_stdio_output@@YA_N_KDW4length_modifier@0@@Z 000000018001bdf4 f i libucrt:output.obj
 0001:0001ae24       ??$is_wide_character_specifier@_W@__crt_stdio_output@@YA_N_K_WW4length_modifier@0@@Z 000000018001be24 f i libucrt:output.obj
 0001:0001ae68       ??$type_case_integer_parse_into_buffer@I@?$output_processor@_WV?$stream_output_adapter@_W@__crt_stdio_output@@V?$standard_base@_WV?$stream_output_adapter@_W@__crt_stdio_output@@@2@@__crt_stdio_output@@AEAAXII_N@Z 000000018001be68 f i libucrt:output.obj
 0001:0001ae68       ??$type_case_integer_parse_into_buffer@I@?$output_processor@_WV?$string_output_adapter@_W@__crt_stdio_output@@V?$standard_base@_WV?$string_output_adapter@_W@__crt_stdio_output@@@2@@__crt_stdio_output@@AEAAXII_N@Z 000000018001be68 f i libucrt:output.obj
 0001:0001ae68       ??$type_case_integer_parse_into_buffer@I@?$output_processor@DV?$string_output_adapter@D@__crt_stdio_output@@V?$standard_base@DV?$string_output_adapter@D@__crt_stdio_output@@@2@@__crt_stdio_output@@AEAAXII_N@Z 000000018001be68 f i libucrt:output.obj
 0001:0001af04       ??$type_case_integer_parse_into_buffer@_K@?$output_processor@_WV?$stream_output_adapter@_W@__crt_stdio_output@@V?$standard_base@_WV?$stream_output_adapter@_W@__crt_stdio_output@@@2@@__crt_stdio_output@@AEAAX_KI_N@Z 000000018001bf04 f i libucrt:output.obj
 0001:0001af04       ??$type_case_integer_parse_into_buffer@_K@?$output_processor@DV?$string_output_adapter@D@__crt_stdio_output@@V?$standard_base@DV?$string_output_adapter@D@__crt_stdio_output@@@2@@__crt_stdio_output@@AEAAX_KI_N@Z 000000018001bf04 f i libucrt:output.obj
 0001:0001af04       ??$type_case_integer_parse_into_buffer@_K@?$output_processor@_WV?$string_output_adapter@_W@__crt_stdio_output@@V?$standard_base@_WV?$string_output_adapter@_W@__crt_stdio_output@@@2@@__crt_stdio_output@@AEAAX_KI_N@Z 000000018001bf04 f i libucrt:output.obj
 0001:0001afa0       ??$write_multiple_characters@V?$stream_output_adapter@_W@__crt_stdio_output@@D@__crt_stdio_output@@YAXAEBV?$stream_output_adapter@_W@0@DHQEAH@Z 000000018001bfa0 f i libucrt:output.obj
 0001:0001b030       ??$write_multiple_characters@V?$string_output_adapter@D@__crt_stdio_output@@D@__crt_stdio_output@@YAXAEBV?$string_output_adapter@D@0@DHQEAH@Z 000000018001c030 f i libucrt:output.obj
 0001:0001b08c       ??$write_multiple_characters@V?$string_output_adapter@_W@__crt_stdio_output@@D@__crt_stdio_output@@YAXAEBV?$string_output_adapter@_W@0@DHQEAH@Z 000000018001c08c f i libucrt:output.obj
 0001:0001b0fc       ??0?$output_processor@DV?$string_output_adapter@D@__crt_stdio_output@@V?$standard_base@DV?$string_output_adapter@D@__crt_stdio_output@@@2@@__crt_stdio_output@@QEAA@AEBV?$string_output_adapter@D@1@_KQEBDQEAU__crt_locale_pointers@@QEAD@Z 000000018001c0fc f i libucrt:output.obj
 0001:0001b178       ??0?$output_processor@_WV?$string_output_adapter@_W@__crt_stdio_output@@V?$standard_base@_WV?$string_output_adapter@_W@__crt_stdio_output@@@2@@__crt_stdio_output@@QEAA@AEBV?$string_output_adapter@_W@1@_KQEB_WQEAU__crt_locale_pointers@@QEAD@Z 000000018001c178 f i libucrt:output.obj
 0001:0001b178       ??0?$output_processor@_WV?$stream_output_adapter@_W@__crt_stdio_output@@V?$standard_base@_WV?$stream_output_adapter@_W@__crt_stdio_output@@@2@@__crt_stdio_output@@QEAA@AEBV?$stream_output_adapter@_W@1@_KQEB_WQEAU__crt_locale_pointers@@QEAD@Z 000000018001c178 f i libucrt:output.obj
 0001:0001b1f8       ??0_LocaleUpdate@@QEAA@QEAU__crt_locale_pointers@@@Z 000000018001c1f8 f i libucrt:output.obj
 0001:0001b378       ?force_decimal_point@__crt_stdio_output@@YAXPEADQEAU__crt_locale_pointers@@@Z 000000018001c378 f i libucrt:output.obj
 0001:0001b3e8       ?parse_int_from_format_string@?$output_processor@DV?$string_output_adapter@D@__crt_stdio_output@@V?$standard_base@DV?$string_output_adapter@D@__crt_stdio_output@@@2@@__crt_stdio_output@@AEAA_NQEAH@Z 000000018001c3e8 f i libucrt:output.obj
 0001:0001b46c       ?parse_int_from_format_string@?$output_processor@_WV?$string_output_adapter@_W@__crt_stdio_output@@V?$standard_base@_WV?$string_output_adapter@_W@__crt_stdio_output@@@2@@__crt_stdio_output@@AEAA_NQEAH@Z 000000018001c46c f i libucrt:output.obj
 0001:0001b46c       ?parse_int_from_format_string@?$output_processor@_WV?$stream_output_adapter@_W@__crt_stdio_output@@V?$standard_base@_WV?$stream_output_adapter@_W@__crt_stdio_output@@@2@@__crt_stdio_output@@AEAA_NQEAH@Z 000000018001c46c f i libucrt:output.obj
 0001:0001b4ec       ?process@?$output_processor@DV?$string_output_adapter@D@__crt_stdio_output@@V?$standard_base@DV?$string_output_adapter@D@__crt_stdio_output@@@2@@__crt_stdio_output@@QEAAHXZ 000000018001c4ec f i libucrt:output.obj
 0001:0001b6f0       ?process@?$output_processor@_WV?$stream_output_adapter@_W@__crt_stdio_output@@V?$standard_base@_WV?$stream_output_adapter@_W@__crt_stdio_output@@@2@@__crt_stdio_output@@QEAAHXZ 000000018001c6f0 f i libucrt:output.obj
 0001:0001b968       ?process@?$output_processor@_WV?$string_output_adapter@_W@__crt_stdio_output@@V?$standard_base@_WV?$string_output_adapter@_W@__crt_stdio_output@@@2@@__crt_stdio_output@@QEAAHXZ 000000018001c968 f i libucrt:output.obj
 0001:0001bbe4       ?state_case_normal@?$output_processor@DV?$string_output_adapter@D@__crt_stdio_output@@V?$standard_base@DV?$string_output_adapter@D@__crt_stdio_output@@@2@@__crt_stdio_output@@AEAA_NXZ 000000018001cbe4 f i libucrt:output.obj
 0001:0001bc58       ?state_case_normal_tchar@?$output_processor@DV?$string_output_adapter@D@__crt_stdio_output@@V?$standard_base@DV?$string_output_adapter@D@__crt_stdio_output@@@2@@__crt_stdio_output@@AEAA_ND@Z 000000018001cc58 f i libucrt:output.obj
 0001:0001bcf0       ?state_case_size@?$output_processor@DV?$string_output_adapter@D@__crt_stdio_output@@V?$standard_base@DV?$string_output_adapter@D@__crt_stdio_output@@@2@@__crt_stdio_output@@AEAA_NXZ 000000018001ccf0 f i libucrt:output.obj
 0001:0001be6c       ?state_case_size@?$output_processor@_WV?$stream_output_adapter@_W@__crt_stdio_output@@V?$standard_base@_WV?$stream_output_adapter@_W@__crt_stdio_output@@@2@@__crt_stdio_output@@AEAA_NXZ 000000018001ce6c f i libucrt:output.obj
 0001:0001c010       ?state_case_size@?$output_processor@_WV?$string_output_adapter@_W@__crt_stdio_output@@V?$standard_base@_WV?$string_output_adapter@_W@__crt_stdio_output@@@2@@__crt_stdio_output@@AEAA_NXZ 000000018001d010 f i libucrt:output.obj
 0001:0001c1b4       ?state_case_type@?$output_processor@DV?$string_output_adapter@D@__crt_stdio_output@@V?$standard_base@DV?$string_output_adapter@D@__crt_stdio_output@@@2@@__crt_stdio_output@@AEAA_NXZ 000000018001d1b4 f i libucrt:output.obj
 0001:0001c430       ?state_case_type@?$output_processor@_WV?$stream_output_adapter@_W@__crt_stdio_output@@V?$standard_base@_WV?$stream_output_adapter@_W@__crt_stdio_output@@@2@@__crt_stdio_output@@AEAA_NXZ 000000018001d430 f i libucrt:output.obj
 0001:0001c6fc       ?state_case_type@?$output_processor@_WV?$string_output_adapter@_W@__crt_stdio_output@@V?$standard_base@_WV?$string_output_adapter@_W@__crt_stdio_output@@@2@@__crt_stdio_output@@AEAA_NXZ 000000018001d6fc f i libucrt:output.obj
 0001:0001c9c8       ?type_case_Z@?$output_processor@DV?$string_output_adapter@D@__crt_stdio_output@@V?$standard_base@DV?$string_output_adapter@D@__crt_stdio_output@@@2@@__crt_stdio_output@@AEAA_NXZ 000000018001d9c8 f i libucrt:output.obj
 0001:0001ca48       ?type_case_Z@?$output_processor@_WV?$string_output_adapter@_W@__crt_stdio_output@@V?$standard_base@_WV?$string_output_adapter@_W@__crt_stdio_output@@@2@@__crt_stdio_output@@AEAA_NXZ 000000018001da48 f i libucrt:output.obj
 0001:0001ca48       ?type_case_Z@?$output_processor@_WV?$stream_output_adapter@_W@__crt_stdio_output@@V?$standard_base@_WV?$stream_output_adapter@_W@__crt_stdio_output@@@2@@__crt_stdio_output@@AEAA_NXZ 000000018001da48 f i libucrt:output.obj
 0001:0001cac8       ?type_case_a@?$output_processor@DV?$string_output_adapter@D@__crt_stdio_output@@V?$standard_base@DV?$string_output_adapter@D@__crt_stdio_output@@@2@@__crt_stdio_output@@AEAA_NXZ 000000018001dac8 f i libucrt:output.obj
 0001:0001cce4       ?type_case_a@?$output_processor@_WV?$string_output_adapter@_W@__crt_stdio_output@@V?$standard_base@_WV?$string_output_adapter@_W@__crt_stdio_output@@@2@@__crt_stdio_output@@AEAA_NXZ 000000018001dce4 f i libucrt:output.obj
 0001:0001cce4       ?type_case_a@?$output_processor@_WV?$stream_output_adapter@_W@__crt_stdio_output@@V?$standard_base@_WV?$stream_output_adapter@_W@__crt_stdio_output@@@2@@__crt_stdio_output@@AEAA_NXZ 000000018001dce4 f i libucrt:output.obj
 0001:0001cf28       ?type_case_c_tchar@?$output_processor@DV?$string_output_adapter@D@__crt_stdio_output@@V?$standard_base@DV?$string_output_adapter@D@__crt_stdio_output@@@2@@__crt_stdio_output@@AEAA_ND@Z 000000018001df28 f i libucrt:output.obj
 0001:0001cfdc       ?type_case_c_tchar@?$output_processor@_WV?$stream_output_adapter@_W@__crt_stdio_output@@V?$standard_base@_WV?$stream_output_adapter@_W@__crt_stdio_output@@@2@@__crt_stdio_output@@AEAA_N_W@Z 000000018001dfdc f i libucrt:output.obj
 0001:0001cfdc       ?type_case_c_tchar@?$output_processor@_WV?$string_output_adapter@_W@__crt_stdio_output@@V?$standard_base@_WV?$string_output_adapter@_W@__crt_stdio_output@@@2@@__crt_stdio_output@@AEAA_N_W@Z 000000018001dfdc f i libucrt:output.obj
 0001:0001d084       ?type_case_integer@?$output_processor@_WV?$string_output_adapter@_W@__crt_stdio_output@@V?$standard_base@_WV?$string_output_adapter@_W@__crt_stdio_output@@@2@@__crt_stdio_output@@AEAA_NI_N@Z 000000018001e084 f i libucrt:output.obj
 0001:0001d084       ?type_case_integer@?$output_processor@DV?$string_output_adapter@D@__crt_stdio_output@@V?$standard_base@DV?$string_output_adapter@D@__crt_stdio_output@@@2@@__crt_stdio_output@@AEAA_NI_N@Z 000000018001e084 f i libucrt:output.obj
 0001:0001d084       ?type_case_integer@?$output_processor@_WV?$stream_output_adapter@_W@__crt_stdio_output@@V?$standard_base@_WV?$stream_output_adapter@_W@__crt_stdio_output@@@2@@__crt_stdio_output@@AEAA_NI_N@Z 000000018001e084 f i libucrt:output.obj
 0001:0001d224       ?type_case_n@?$output_processor@_WV?$stream_output_adapter@_W@__crt_stdio_output@@V?$standard_base@_WV?$stream_output_adapter@_W@__crt_stdio_output@@@2@@__crt_stdio_output@@AEAA_NXZ 000000018001e224 f i libucrt:output.obj
 0001:0001d224       ?type_case_n@?$output_processor@DV?$string_output_adapter@D@__crt_stdio_output@@V?$standard_base@DV?$string_output_adapter@D@__crt_stdio_output@@@2@@__crt_stdio_output@@AEAA_NXZ 000000018001e224 f i libucrt:output.obj
 0001:0001d224       ?type_case_n@?$output_processor@_WV?$string_output_adapter@_W@__crt_stdio_output@@V?$standard_base@_WV?$string_output_adapter@_W@__crt_stdio_output@@@2@@__crt_stdio_output@@AEAA_NXZ 000000018001e224 f i libucrt:output.obj
 0001:0001d300       ?type_case_s@?$output_processor@DV?$string_output_adapter@D@__crt_stdio_output@@V?$standard_base@DV?$string_output_adapter@D@__crt_stdio_output@@@2@@__crt_stdio_output@@AEAA_NXZ 000000018001e300 f i libucrt:output.obj
 0001:0001d390       ?type_case_s@?$output_processor@_WV?$string_output_adapter@_W@__crt_stdio_output@@V?$standard_base@_WV?$string_output_adapter@_W@__crt_stdio_output@@@2@@__crt_stdio_output@@AEAA_NXZ 000000018001e390 f i libucrt:output.obj
 0001:0001d390       ?type_case_s@?$output_processor@_WV?$stream_output_adapter@_W@__crt_stdio_output@@V?$standard_base@_WV?$stream_output_adapter@_W@__crt_stdio_output@@@2@@__crt_stdio_output@@AEAA_NXZ 000000018001e390 f i libucrt:output.obj
 0001:0001d458       ?write_stored_string_tchar@?$output_processor@DV?$string_output_adapter@D@__crt_stdio_output@@V?$standard_base@DV?$string_output_adapter@D@__crt_stdio_output@@@2@@__crt_stdio_output@@AEAA_ND@Z 000000018001e458 f i libucrt:output.obj
 0001:0001d530       ?write_stored_string_tchar@?$output_processor@_WV?$stream_output_adapter@_W@__crt_stdio_output@@V?$standard_base@_WV?$stream_output_adapter@_W@__crt_stdio_output@@@2@@__crt_stdio_output@@AEAA_N_W@Z 000000018001e530 f i libucrt:output.obj
 0001:0001d61c       ?write_stored_string_tchar@?$output_processor@_WV?$string_output_adapter@_W@__crt_stdio_output@@V?$standard_base@_WV?$string_output_adapter@_W@__crt_stdio_output@@@2@@__crt_stdio_output@@AEAA_N_W@Z 000000018001e61c f i libucrt:output.obj
 0001:0001d70c       ?write_string@?$stream_output_adapter@_W@__crt_stdio_output@@QEBAXQEB_WHQEAH1@Z 000000018001e70c f i libucrt:output.obj
 0001:0001d818       ?write_string@?$string_output_adapter@D@__crt_stdio_output@@QEBAXQEBDHQEAH1@Z 000000018001e818 f i libucrt:output.obj
 0001:0001d8d4       ?write_string@?$string_output_adapter@_W@__crt_stdio_output@@QEBAXQEB_WHQEAH1@Z 000000018001e8d4 f i libucrt:output.obj
 0001:0001d994       __stdio_common_vfwprintf   000000018001e994 f   libucrt:output.obj
 0001:0001da20       __stdio_common_vsprintf    000000018001ea20 f   libucrt:output.obj
 0001:0001dc54       __stdio_common_vswprintf   000000018001ec54 f   libucrt:output.obj
 0001:0001e874       ??$ftprintf@PEAU_iobuf@@PEB_WAEBQEB_WAEBQEB_WAEBI@?$__crt_char_traits@_W@@SAH$$QEAPEAU_iobuf@@$$QEAPEB_WAEBQEB_W2AEBI@Z 000000018001f874 f i libucrt:assert.obj
 0001:0001e89c       _wassert                   000000018001f89c f   libucrt:assert.obj
 0001:0001e920       fwprintf                   000000018001f920 f i libucrt:assert.obj
 0001:0001e964       swprintf                   000000018001f964 f i libucrt:assert.obj
 0001:0001e9b8       __ascii_stricmp            000000018001f9b8 f   libucrt:stricmp.obj
 0001:0001e9f4       _stricmp                   000000018001f9f4 f   libucrt:stricmp.obj
 0001:0001ea3c       _stricmp_l                 000000018001fa3c f   libucrt:stricmp.obj
 0001:0001eaf0       __acrt_initialize_new_handler 000000018001faf0 f   libucrt:new_handler.obj
 0001:0001eaf8       _callnewh                  000000018001faf8 f   libucrt:new_handler.obj
 0001:0001eb38       _query_new_handler         000000018001fb38 f   libucrt:new_handler.obj
 0001:0001eb6c       malloc                     000000018001fb6c f   libucrt:malloc.obj
 0001:0001eb74       _seh_filter_dll            000000018001fb74 f   libucrt:exception_filter.obj
 0001:0001eb88       _seh_filter_exe            000000018001fb88 f   libucrt:exception_filter.obj
 0001:0001ef48       __acrt_initialize_thread_local_exit_callback 000000018001ff48 f   libucrt:exit.obj
 0001:0001ef50       _cexit                     000000018001ff50 f   libucrt:exit.obj
 0001:0001ef60       _exit                      000000018001ff60 f   libucrt:exit.obj
 0001:0001ef6c       _is_c_termination_complete 000000018001ff6c f   libucrt:exit.obj
 0001:0001f130       __acrt_allocate_buffer_for_argv 0000000180020130 f   libucrt:argv_parsing.obj
 0001:0001f194       _configure_narrow_argv     0000000180020194 f   libucrt:argv_parsing.obj
 0001:0001f4f0       __dcrt_uninitialize_environments_nolock 00000001800204f0 f   libucrt:environment_initialization.obj
 0001:0001f528       _initialize_narrow_environment 0000000180020528 f   libucrt:environment_initialization.obj
 0001:0001f530       ??$?RV<lambda_b8c45f8f788dd370798f47cfe8ac3a86>@@AEAV<lambda_4e60a939b0d047cfe11ddc22648dfba9>@@V<lambda_332c3edc96d0294ec56c57d38c1cdfd5>@@@?$__crt_seh_guarded_call@H@@QEAAH$$QEAV<lambda_b8c45f8f788dd370798f47cfe8ac3a86>@@AEAV<lambda_4e60a939b0d047cfe11ddc22648dfba9>@@$$QEAV<lambda_332c3edc96d0294ec56c57d38c1cdfd5>@@@Z 0000000180020530 f i libucrt:onexit.obj
 0001:0001f56c       ??$?RV<lambda_e24bbb7b643b32fcea6fa61b31d4c984>@@AEAV<lambda_275893d493268fdec8709772e3fcec0e>@@V<lambda_9d71df4d7cf3f480f8d633942495c3b0>@@@?$__crt_seh_guarded_call@H@@QEAAH$$QEAV<lambda_e24bbb7b643b32fcea6fa61b31d4c984>@@AEAV<lambda_275893d493268fdec8709772e3fcec0e>@@$$QEAV<lambda_9d71df4d7cf3f480f8d633942495c3b0>@@@Z 000000018002056c f i libucrt:onexit.obj
 0001:0001f8e8       _crt_atexit                00000001800208e8 f   libucrt:onexit.obj
 0001:0001f8f8       _execute_onexit_table      00000001800208f8 f   libucrt:onexit.obj
 0001:0001f934       _initialize_onexit_table   0000000180020934 f   libucrt:onexit.obj
 0001:0001f974       _register_onexit_function  0000000180020974 f   libucrt:onexit.obj
 0001:0001f9f4       __acrt_uninitialize_command_line 00000001800209f4 f   libucrt:argv_data.obj
 0001:0001faf4       __acrt_initialize          0000000180020af4 f   libucrt:initialization.obj
 0001:0001fb08       __acrt_thread_attach       0000000180020b08 f   libucrt:initialization.obj
 0001:0001fb1c       __acrt_thread_detach       0000000180020b1c f   libucrt:initialization.obj
 0001:0001fb2c       __acrt_uninitialize        0000000180020b2c f   libucrt:initialization.obj
 0001:0001fb40       __acrt_uninitialize_critical 0000000180020b40 f   libucrt:initialization.obj
 0001:0001fb50       free                       0000000180020b50 f   libucrt:free.obj
 0001:0001fb58       _initterm                  0000000180020b58 f   libucrt:initterm.obj
 0001:0001fbd0       _initterm_e                0000000180020bd0 f   libucrt:initterm.obj
 0001:0001fc1c       terminate                  0000000180020c1c f   libucrt:terminate.obj
 0001:0001fc44       strcpy_s                   0000000180020c44 f   libucrt:strcpy_s.obj
 0001:0001fca4       _free_base                 0000000180020ca4 f   libucrt:free_base.obj
 0001:0001fce4       _malloc_base               0000000180020ce4 f   libucrt:malloc_base.obj
 0001:0001fd44       abort                      0000000180020d44 f   libucrt:abort.obj
 0001:0001fd9c       _calloc_base               0000000180020d9c f   libucrt:calloc_base.obj
 0001:0001fe14       ??$is_overflow_condition@K@__crt_strtox@@YA_NIK@Z 0000000180020e14 f i libucrt:atox.obj
 0001:0001fe40       ??$parse_integer@KV?$c_string_character_source@D@__crt_strtox@@@__crt_strtox@@YAKQEAU__crt_locale_pointers@@V?$c_string_character_source@D@0@H_N@Z 0000000180020e40 f i libucrt:atox.obj
 0001:00020154       ??$parse_integer@KV?$c_string_character_source@_W@__crt_strtox@@@__crt_strtox@@YAKQEAU__crt_locale_pointers@@V?$c_string_character_source@_W@0@H_N@Z 0000000180021154 f i libucrt:atox.obj
 0001:00020828       ??$?RV<lambda_46352004c1216016012b18bd6f87e700>@@AEAV<lambda_3bd07e1a1191394380780325891bf33f>@@V<lambda_334532d3f185bcaa59b5be82d7d22bff>@@@?$__crt_seh_guarded_call@X@@QEAAX$$QEAV<lambda_46352004c1216016012b18bd6f87e700>@@AEAV<lambda_3bd07e1a1191394380780325891bf33f>@@$$QEAV<lambda_334532d3f185bcaa59b5be82d7d22bff>@@@Z 0000000180021828 f i libucrt:per_thread_data.obj
 0001:00020888       ??$?RV<lambda_5e887d1dcbef67a5eb4283622ba103bf>@@AEAV<lambda_4466841279450cc726390878d4a41900>@@V<lambda_341c25c0346d94847f1f3c463c57e077>@@@?$__crt_seh_guarded_call@X@@QEAAX$$QEAV<lambda_5e887d1dcbef67a5eb4283622ba103bf>@@AEAV<lambda_4466841279450cc726390878d4a41900>@@$$QEAV<lambda_341c25c0346d94847f1f3c463c57e077>@@@Z 0000000180021888 f i libucrt:per_thread_data.obj
 0001:000208d0       ??$?RV<lambda_72d1df2b273a38828b1ce30cbf4cdab5>@@AEAV<lambda_876a65b173b8412d3a47c70a915b0cf4>@@V<lambda_41932305e351933ebe8f8be3ed8bb5dc>@@@?$__crt_seh_guarded_call@X@@QEAAX$$QEAV<lambda_72d1df2b273a38828b1ce30cbf4cdab5>@@AEAV<lambda_876a65b173b8412d3a47c70a915b0cf4>@@$$QEAV<lambda_41932305e351933ebe8f8be3ed8bb5dc>@@@Z 00000001800218d0 f i libucrt:per_thread_data.obj
 0001:00020910       ??$?RV<lambda_fb3a7dec4e47f37f22dae91bb15c9095>@@AEAV<lambda_698284760c8add0bfb0756c19673e34b>@@V<lambda_dfb8eca1e75fef3034a8fb18dd509707>@@@?$__crt_seh_guarded_call@X@@QEAAX$$QEAV<lambda_fb3a7dec4e47f37f22dae91bb15c9095>@@AEAV<lambda_698284760c8add0bfb0756c19673e34b>@@$$QEAV<lambda_dfb8eca1e75fef3034a8fb18dd509707>@@@Z 0000000180021910 f i libucrt:per_thread_data.obj
 0001:00020ba0       __acrt_freeptd             0000000180021ba0 f   libucrt:per_thread_data.obj
 0001:00020be4       __acrt_getptd              0000000180021be4 f   libucrt:per_thread_data.obj
 0001:00020c78       __acrt_getptd_noexit       0000000180021c78 f   libucrt:per_thread_data.obj
 0001:00020d18       __acrt_initialize_ptd      0000000180021d18 f   libucrt:per_thread_data.obj
 0001:00020d54       __acrt_uninitialize_ptd    0000000180021d54 f   libucrt:per_thread_data.obj
 0001:00020d78       isdigit                    0000000180021d78 f i libucrt:_ctype.obj
 0001:00020e3c       _tolower_l                 0000000180021e3c f   libucrt:tolower_toupper.obj
 0001:00020f7c       tolower                    0000000180021f7c f   libucrt:tolower_toupper.obj
 0001:00020fa8       __acrt_errno_from_os_error 0000000180021fa8 f   libucrt:errno.obj
 0001:00020ff0       __acrt_errno_map_os_error  0000000180021ff0 f   libucrt:errno.obj
 0001:00021040       __doserrno                 0000000180022040 f   libucrt:errno.obj
 0001:00021060       _errno                     0000000180022060 f   libucrt:errno.obj
 0001:00021080       ??$make_c_string_character_source@_WPEAPEA_W@__crt_strtox@@YA?AV?$c_string_character_source@_W@0@QEB_WQEAPEA_W@Z 0000000180022080 f i libucrt:strtox.obj
 0001:00021080       ??$make_c_string_character_source@DPEAPEAD@__crt_strtox@@YA?AV?$c_string_character_source@D@0@QEBDQEAPEAD@Z 0000000180022080 f i libucrt:strtox.obj
 0001:00021094       strtol                     0000000180022094 f   libucrt:strtox.obj
 0001:000210c4       wcstol                     00000001800220c4 f   libucrt:strtox.obj
 0001:000210f4       _mbtowc_l                  00000001800220f4 f   libucrt:mbtowc.obj
 0001:0002123c       mbtowc                     000000018002223c f   libucrt:mbtowc.obj
 0001:00021244       _wctomb_s_l                0000000180022244 f   libucrt:wctomb.obj
 0001:000213c8       wctomb_s                   00000001800223c8 f   libucrt:wctomb.obj
 0001:000213dc       strnlen                    00000001800223dc f   libucrt:strnlen.obj
 0001:00021538       wcsnlen                    0000000180022538 f   libucrt:strnlen.obj
 0001:00021728       __acrt_update_locale_info  0000000180022728 f   libucrt:locale_update.obj
 0001:0002175c       __acrt_update_multibyte_info 000000018002275c f   libucrt:locale_update.obj
 0001:00021790       ?__acrt_fp_classify@@YA?AW4__acrt_fp_class@@AEBN@Z 0000000180022790 f i libucrt:cvt.obj
 0001:000221c8       __acrt_fp_format           00000001800231c8 f   libucrt:cvt.obj
 0001:0002240c       _fputwc_nolock             000000018002340c f   libucrt:fputwc.obj
 0001:00022588       _fileno                    0000000180023588 f   libucrt:fileno.obj
 0001:000225b0       __acrt_initialize_stdio    00000001800235b0 f   libucrt:_file.obj
 0001:000226d0       __acrt_iob_func            00000001800236d0 f   libucrt:_file.obj
 0001:000226e4       __acrt_uninitialize_stdio  00000001800236e4 f   libucrt:_file.obj
 0001:00022740       _lock_file                 0000000180023740 f   libucrt:_file.obj
 0001:0002274c       _unlock_file               000000018002374c f   libucrt:_file.obj
 0001:00022758       _fputc_nolock              0000000180023758 f   libucrt:fputc.obj
 0001:00022770       _get_printf_count_output   0000000180023770 f   libucrt:printf_count_output.obj
 0001:00022788       __acrt_stdio_begin_temporary_buffering_nolock 0000000180023788 f   libucrt:_sftbuf.obj
 0001:00022858       __acrt_stdio_end_temporary_buffering_nolock 0000000180023858 f   libucrt:_sftbuf.obj
 0001:00022894       __acrt_set_locale_changed  0000000180023894 f   libucrt:wsetlocale.obj
 0001:000228a0       __acrt_uninitialize_locale 00000001800238a0 f   libucrt:wsetlocale.obj
 0001:00022ad0       __acrt_initialize_lowio    0000000180023ad0 f   libucrt:ioinit.obj
 0001:00022b0c       __acrt_uninitialize_lowio  0000000180023b0c f   libucrt:ioinit.obj
 0001:00022b4c       _query_app_type            0000000180023b4c f   libucrt:report_runtime_error.obj
 0001:00022c7c       _itow_s                    0000000180023c7c f   libucrt:xtoa.obj
 0001:00022c9c       _set_error_mode            0000000180023c9c f   libucrt:set_error_mode.obj
 0001:00022cdc       wcscat_s                   0000000180023cdc f   libucrt:wcscat_s.obj
 0001:00022d5c       wcscpy_s                   0000000180023d5c f   libucrt:wcscpy_s.obj
 0001:00022dc4       wcsncat_s                  0000000180023dc4 f   libucrt:wcsncat_s.obj
 0001:00022eec       __acrt_show_wide_message_box 0000000180023eec f   libucrt:crtmbox.obj
 0001:00023008       __acrt_stdio_flush_nolock  0000000180024008 f   libucrt:fflush.obj
 0001:00023080       _fflush_nolock             0000000180024080 f   libucrt:fflush.obj
 0001:000230cc       _flushall                  00000001800240cc f   libucrt:fflush.obj
 0001:000231bc       fflush                     00000001800241bc f   libucrt:fflush.obj
 0001:00023200       ??$?RV<lambda_7a5ef57ff966f610505f1d28a3d40618>@@AEAV<lambda_b721fa326cdb32351d23dfa67958c160>@@V<lambda_5e0fb27672408a07956fe59e48ccb2aa>@@@?$__crt_seh_guarded_call@H@@QEAAH$$QEAV<lambda_7a5ef57ff966f610505f1d28a3d40618>@@AEAV<lambda_b721fa326cdb32351d23dfa67958c160>@@$$QEAV<lambda_5e0fb27672408a07956fe59e48ccb2aa>@@@Z 0000000180024200 f i libucrt:setvbuf.obj
 0001:00023330       setvbuf                    0000000180024330 f   libucrt:setvbuf.obj
 0001:000233d0       ??$?RV<lambda_c36588078e9f5dfd39652860aa6b3aaf>@@AEAV<lambda_ec61778202f4f5fc7e7711acc23c3bca>@@V<lambda_dc9d2797ccde5d239b4a0efae8ebd7db>@@@?$__crt_seh_guarded_call@P6AXH@Z@@QEAAP6AXH@Z$$QEAV<lambda_c36588078e9f5dfd39652860aa6b3aaf>@@AEAV<lambda_ec61778202f4f5fc7e7711acc23c3bca>@@$$QEAV<lambda_dc9d2797ccde5d239b4a0efae8ebd7db>@@@Z 00000001800243d0 f i libucrt:signal.obj
 0001:00023418       __acrt_get_sigabrt_handler 0000000180024418 f   libucrt:signal.obj
 0001:00023448       __acrt_initialize_signal_handlers 0000000180024448 f   libucrt:signal.obj
 0001:00023468       raise                      0000000180024468 f   libucrt:signal.obj
 0001:00023704       __acrt_initialize_locks    0000000180024704 f   libucrt:locks.obj
 0001:0002374c       __acrt_lock                000000018002474c f   libucrt:locks.obj
 0001:00023768       __acrt_uninitialize_locks  0000000180024768 f   libucrt:locks.obj
 0001:000237a0       __acrt_unlock              00000001800247a0 f   libucrt:locks.obj
 0001:0002395c       __acrt_FlsAlloc            000000018002495c f   libucrt:winapi_thunks.obj
 0001:000239b4       __acrt_FlsFree             00000001800249b4 f   libucrt:winapi_thunks.obj
 0001:00023a0c       __acrt_FlsGetValue         0000000180024a0c f   libucrt:winapi_thunks.obj
 0001:00023a64       __acrt_FlsSetValue         0000000180024a64 f   libucrt:winapi_thunks.obj
 0001:00023acc       __acrt_InitializeCriticalSectionEx 0000000180024acc f   libucrt:winapi_thunks.obj
 0001:00023b44       __acrt_LCMapStringEx       0000000180024b44 f   libucrt:winapi_thunks.obj
 0001:00023c34       __acrt_LocaleNameToLCID    0000000180024c34 f   libucrt:winapi_thunks.obj
 0001:00023c9c       __acrt_MessageBoxW         0000000180024c9c f   libucrt:winapi_thunks.obj
 0001:00023d24       __acrt_can_show_message_box 0000000180024d24 f   libucrt:winapi_thunks.obj
 0001:00023d80       __acrt_get_parent_window   0000000180024d80 f   libucrt:winapi_thunks.obj
 0001:00023e10       __acrt_initialize_winapi_thunks 0000000180024e10 f   libucrt:winapi_thunks.obj
 0001:00023e48       __acrt_is_interactive      0000000180024e48 f   libucrt:winapi_thunks.obj
 0001:00023f1c       __acrt_is_packaged_app     0000000180024f1c f   libucrt:winapi_thunks.obj
 0001:00023fa4       __acrt_uninitialize_winapi_thunks 0000000180024fa4 f   libucrt:winapi_thunks.obj
 0001:000244c4       ?expand_if_necessary@?$argument_list@D@?A0xca0879c4@@AEAAHXZ 00000001800254c4 f i libucrt:argv_wildcards.obj
 0001:0002458c       __acrt_expand_narrow_argv_wildcards 000000018002558c f   libucrt:argv_wildcards.obj
 0001:00024594       ??$?RV<lambda_99476a1ad63dd22509b5d3e65b0ffc95>@@AEAV<lambda_ad1ced32f4ac17aa236e5ef05d6b3b7c>@@V<lambda_f7424dd8d45958661754dc4f2697e9c3>@@@?$__crt_seh_guarded_call@X@@QEAAX$$QEAV<lambda_99476a1ad63dd22509b5d3e65b0ffc95>@@AEAV<lambda_ad1ced32f4ac17aa236e5ef05d6b3b7c>@@$$QEAV<lambda_f7424dd8d45958661754dc4f2697e9c3>@@@Z 0000000180025594 f i libucrt:mbctype.obj
 0001:00024c90       __acrt_initialize_multibyte 0000000180025c90 f   libucrt:mbctype.obj
 0001:00024cb8       __acrt_update_thread_multibyte_data 0000000180025cb8 f   libucrt:mbctype.obj
 0001:00024d78       _setmbcp_nolock            0000000180025d78 f   libucrt:mbctype.obj
 0001:00025098       _ismbblead                 0000000180026098 f   libucrt:ismbbyte.obj
 0001:000250ac       __acrt_initialize_command_line 00000001800260ac f   libucrt:argv_data.obj
 0001:000250d4       __dcrt_get_narrow_environment_from_os 00000001800260d4 f   libucrt:get_environment_from_os.obj
 0001:000251d8       _recalloc                  00000001800261d8 f   libucrt:recalloc.obj
 0001:000251e0       _recalloc_base             00000001800261e0 f   libucrt:recalloc.obj
 0001:00025278       __acrt_initialize_heap     0000000180026278 f   libucrt:heap_handle.obj
 0001:00025294       __acrt_uninitialize_heap   0000000180026294 f   libucrt:heap_handle.obj
 0001:000252a0       __acrt_execute_initializers 00000001800262a0 f   libucrt:shared_initialization.obj
 0001:00025334       __acrt_execute_uninitializers 0000000180026334 f   libucrt:shared_initialization.obj
 0001:00025384       __acrt_has_user_matherr    0000000180026384 f   libucrt:matherr.obj
 0001:000253a4       __acrt_initialize_user_matherr 00000001800263a4 f   libucrt:matherr.obj
 0001:000253ac       __acrt_invoke_user_matherr 00000001800263ac f   libucrt:matherr.obj
 0001:000253f4       _query_new_mode            00000001800263f4 f   libucrt:new_mode.obj
 0001:000253fc       __pctype_func              00000001800263fc f   libucrt:ctype.obj
 0001:0002542c       iswctype                   000000018002642c f   libucrt:iswctype.obj
 0001:0002549c       _isctype_l                 000000018002649c f   libucrt:isctype.obj
 0001:000255ac       __acrt_add_locale_ref      00000001800265ac f   libucrt:locale_refcounting.obj
 0001:00025638       __acrt_free_locale         0000000180026638 f   libucrt:locale_refcounting.obj
 0001:000257b0       __acrt_locale_add_lc_time_reference 00000001800267b0 f   libucrt:locale_refcounting.obj
 0001:000257d8       __acrt_locale_free_lc_time_if_unreferenced 00000001800267d8 f   libucrt:locale_refcounting.obj
 0001:00025810       __acrt_locale_release_lc_time_reference 0000000180026810 f   libucrt:locale_refcounting.obj
 0001:00025838       __acrt_release_locale_ref  0000000180026838 f   libucrt:locale_refcounting.obj
 0001:000258e0       __acrt_update_thread_locale_data 00000001800268e0 f   libucrt:locale_refcounting.obj
 0001:00025950       _updatetlocinfoEx_nolock   0000000180026950 f   libucrt:locale_refcounting.obj
 0001:000259b8       _isleadbyte_l              00000001800269b8 f i libucrt:_wctype.obj
 0001:00025d54       __acrt_LCMapStringA        0000000180026d54 f   libucrt:lcmapstringa.obj
 0001:00025dec       __acrt_fp_strflt_to_string 0000000180026dec f   libucrt:_fptostr.obj
 0001:00025eb0       ?divide@__crt_strtox@@YA_KAEAUbig_integer@1@AEBU21@@Z 0000000180026eb0 f i libucrt:cfout.obj
 0001:00026380       __acrt_fltout              0000000180027380 f   libucrt:cfout.obj
 0001:00027984       __acrt_stdio_flush_and_write_narrow_nolock 0000000180028984 f   libucrt:_flsbuf.obj
 0001:00027a6c       __acrt_stdio_flush_and_write_wide_nolock 0000000180028a6c f   libucrt:_flsbuf.obj
 0001:00027b58       _fcloseall                 0000000180028b58 f   libucrt:closeall.obj
 0001:00027c0c       __acrt_stdio_free_buffer_nolock 0000000180028c0c f   libucrt:_freebuf.obj
 0001:00027c4c       _isatty                    0000000180028c4c f   libucrt:isatty.obj
 0001:00027cac       __acrt_locale_free_monetary 0000000180028cac f   libucrt:initmon.obj
 0001:00027db8       __acrt_locale_free_numeric 0000000180028db8 f   libucrt:initnum.obj
 0001:00027e7c       __acrt_locale_free_time    0000000180028e7c f   libucrt:inittime.obj
 0001:00027f84       __acrt_GetStringTypeA      0000000180028f84 f   libucrt:getstringtypea.obj
 0001:00028138       __acrt_lowio_create_handle_array 0000000180029138 f   libucrt:osfinfo.obj
 0001:000281d0       __acrt_lowio_destroy_handle_array 00000001800291d0 f   libucrt:osfinfo.obj
 0001:00028220       __acrt_lowio_ensure_fh_exists 0000000180029220 f   libucrt:osfinfo.obj
 0001:000282d8       __acrt_lowio_lock_fh       00000001800292d8 f   libucrt:osfinfo.obj
 0001:000282fc       __acrt_lowio_unlock_fh     00000001800292fc f   libucrt:osfinfo.obj
 0001:00028320       _free_osfhnd               0000000180029320 f   libucrt:osfinfo.obj
 0001:000283dc       _get_osfhandle             00000001800293dc f   libucrt:osfinfo.obj
 0001:00028454       ??$?RV<lambda_b521505b218e5242e90febf6bfebc422>@@AEAV<lambda_6978c1fb23f02e42e1d9e99668cc68aa>@@V<lambda_314360699dd331753a4119843814e9a7>@@@?$__crt_seh_guarded_call@H@@QEAAH$$QEAV<lambda_b521505b218e5242e90febf6bfebc422>@@AEAV<lambda_6978c1fb23f02e42e1d9e99668cc68aa>@@$$QEAV<lambda_314360699dd331753a4119843814e9a7>@@@Z 0000000180029454 f i libucrt:commit.obj
 0001:000284e0       _commit                    00000001800294e0 f   libucrt:commit.obj
 0001:00028b14       _write                     0000000180029b14 f   libucrt:write.obj
 0001:00028c00       _write_nolock              0000000180029c00 f   libucrt:write.obj
 0001:00028fac       __acrt_DownlevelLocaleNameToLCID 0000000180029fac f   libucrt:lcidtoname_downlevel.obj
 0001:000290b0       qsort                      000000018002a0b0 f   libucrt:qsort.obj
 0001:000293e4       strncpy_s                  000000018002a3e4 f   libucrt:strncpy_s.obj
 0001:000294b8       strpbrk                    000000018002a4b8 f   libucrt:strpbrk.obj
 0001:00029558       _mbsdec                    000000018002a558 f   libucrt:mbsdec.obj
 0001:00029560       _mbsdec_l                  000000018002a560 f   libucrt:mbsdec.obj
 0001:00029610       _msize                     000000018002a610 f   libucrt:msize.obj
 0001:0002964c       _realloc_base              000000018002a64c f   libucrt:realloc_base.obj
 0001:000296d0       __strncnt                  000000018002a6d0 f   libucrt:strncnt.obj
 0001:000296e8       fegetenv                   000000018002a6e8 f   libucrt:fegetenv.obj
 0001:00029708       fesetenv                   000000018002a708 f   libucrt:fesetenv.obj
 0001:00029754       feholdexcept               000000018002a754 f   libucrt:feholdexcept.obj
 0001:000297a4       ceil                       000000018002a7a4 f   libucrt:ceil.obj
 0001:00029870       log10                      000000018002a870 f   libucrt:log10.obj
 0001:00029fa8       _lseeki64                  000000018002afa8 f   libucrt:lseek.obj
 0001:00029fb0       _lseeki64_nolock           000000018002afb0 f   libucrt:lseek.obj
 0001:00029fb8       __acrt_stdio_allocate_buffer_nolock 000000018002afb8 f   libucrt:_getbuf.obj
 0001:0002a01c       _fclose_nolock             000000018002b01c f   libucrt:fclose.obj
 0001:0002a0a0       fclose                     000000018002b0a0 f   libucrt:fclose.obj
 0001:0002a10c       _putwch_nolock             000000018002b10c f   libucrt:putwch.obj
 0001:0002a168       _getfpcontrolword          000000018002b168 f   libucrt:_fenvutils.obj
 0001:0002a180       _getfpstatusword           000000018002b180 f   libucrt:_fenvutils.obj
 0001:0002a194       _setfpcontrolword          000000018002b194 f   libucrt:_fenvutils.obj
 0001:0002a1a0       _setfpstatusword           000000018002b1a0 f   libucrt:_fenvutils.obj
 0001:0002a1f0       _clearfp                   000000018002b1f0 f   libucrt:ieee.obj
 0001:0002a244       _controlfp                 000000018002b244 f   libucrt:ieee.obj
 0001:0002a250       _statusfp                  000000018002b250 f   libucrt:ieee.obj
 0001:0002a654       _handle_error              000000018002b654 f   libucrt:libm_error.obj
 0001:0002a77c       _handle_errorf             000000018002b77c f   libucrt:libm_error.obj
 0001:0002a8b0       _handle_nan                000000018002b8b0 f   libucrt:libm_error.obj
 0001:0002a8cc       _handle_nanf               000000018002b8cc f   libucrt:libm_error.obj
 0001:0002a8e0       __acrt_initialize_fma3     000000018002b8e0 f   libucrt:fma3_available.obj
 0001:0002a950       _log10_special             000000018002b950 f   libucrt:log_special.obj
 0001:0002aa08       ??$?RV<lambda_bfedae4ebbf01fab1bb6dcc6a9e276e0>@@AEAV<lambda_2fe9b910cf3cbf4a0ab98a02ba45b3ec>@@V<lambda_237c231691f317818eb88cc1d5d642d6>@@@?$__crt_seh_guarded_call@H@@QEAAH$$QEAV<lambda_bfedae4ebbf01fab1bb6dcc6a9e276e0>@@AEAV<lambda_2fe9b910cf3cbf4a0ab98a02ba45b3ec>@@$$QEAV<lambda_237c231691f317818eb88cc1d5d642d6>@@@Z 000000018002ba08 f i libucrt:close.obj
 0001:0002aa7c       _close                     000000018002ba7c f   libucrt:close.obj
 0001:0002ab20       _close_nolock              000000018002bb20 f   libucrt:close.obj
 0001:0002abdc       ?__acrt_stdio_free_stream@@YAXV__crt_stdio_stream@@@Z 000000018002bbdc f   libucrt:stream.obj
 0001:0002ac20       __dcrt_lowio_initialize_console_output 000000018002bc20 f   libucrt:initcon.obj
 0001:0002ac5c       __dcrt_terminate_console_output 000000018002bc5c f   libucrt:initcon.obj
 0001:0002ac90       _get_fpsr                  000000018002bc90 f   libucrt:fpsr.obj
 0001:0002aca0       _set_fpsr                  000000018002bca0 f   libucrt:fpsr.obj
 0001:0002acaa       _fclrf                     000000018002bcaa f   libucrt:fpsr.obj
 0001:0002acbe       _frnd                      000000018002bcbe f   libucrt:fpsr.obj
 0001:0002ace0       _raise_exc                 000000018002bce0 f   libucrt:fpexcept.obj
 0001:0002ad08       _raise_exc_ex              000000018002bd08 f   libucrt:fpexcept.obj
 0001:0002b010       _raise_excf                000000018002c010 f   libucrt:fpexcept.obj
 0001:0002b03c       _set_errno_from_matherr    000000018002c03c f   libucrt:fpexcept.obj
 0001:0002b06c       _clrfp                     000000018002c06c f   libucrt:fpctrl.obj
 0001:0002b08c       _ctrlfp                    000000018002c08c f   libucrt:fpctrl.obj
 0001:0002b108       _set_statfp                000000018002c108 f   libucrt:fpctrl.obj
 0001:0002b128       _statfp                    000000018002c128 f   libucrt:fpctrl.obj
 0001:0002b13a       IsProcessorFeaturePresent  000000018002c13a f   kernel32:KERNEL32.dll
 0001:0002b140       RtlUnwindEx                000000018002c140 f   kernel32:KERNEL32.dll
 0001:0002b148       ?DloadAcquireSectionWriteAccess@@YAXXZ 000000018002c148 f i DelayImp:delayhlp.obj
 0001:0002b204       ?DloadGetSRWLockFunctionPointers@@YAEXZ 000000018002c204 f i DelayImp:delayhlp.obj
 0001:0002b2a0       ?DloadMakePermanentImageCommit@@YAXPEAX_K@Z 000000018002c2a0 f i DelayImp:delayhlp.obj
 0001:0002b338       ?DloadObtainSection@@YAPEAXPEAK0@Z 000000018002c338 f i DelayImp:delayhlp.obj
 0001:0002b3d0       ?DloadProtectSection@@YAXKPEAK@Z 000000018002c3d0 f i DelayImp:delayhlp.obj
 0001:0002b460       ?DloadReleaseSectionWriteAccess@@YAXXZ 000000018002c460 f i DelayImp:delayhlp.obj
 0001:0002b504       __delayLoadHelper2         000000018002c504 f   DelayImp:delayhlp.obj
 0001:0002b800       _FindPESection             000000018002c800 f   LIBCMT:pesect.obj
 0001:0002b850       _IsNonwritableInCurrentImage 000000018002c850 f   LIBCMT:pesect.obj
 0001:0002b8a0       _ValidateImageBase         000000018002c8a0 f   LIBCMT:pesect.obj
 0001:0002b8d0       __GSHandlerCheck           000000018002c8d0 f   LIBCMT:_gshandler_.obj
 0001:0002b8f0       __GSHandlerCheckCommon     000000018002c8f0 f   LIBCMT:_gshandler_.obj
 0001:0002b960       __chkstk                   000000018002c960 f   LIBCMT:_chkstk_.obj
 0001:0002b960       _alloca_probe              000000018002c960 f   LIBCMT:_chkstk_.obj
 0001:0002b9b4       strrchr                    000000018002c9b4 f   libvcruntime:strrchr.obj
 0001:0002bb10       memcmp                     000000018002cb10 f   libvcruntime:memcmp.obj
 0001:0002bbd8       sqrtf                      000000018002cbd8 f   libucrt:sqrtf.obj
 0001:0002bca0       _guard_dispatch_icall_nop  000000018002cca0 f   LIBCMT:_guard_dispatch_.obj
 0002:00000000       __imp_GetModuleHandleA     000000018002e000     kernel32:KERNEL32.dll
 0002:00000008       __imp_RtlCaptureContext    000000018002e008     kernel32:KERNEL32.dll
 0002:00000010       __imp_RtlLookupFunctionEntry 000000018002e010     kernel32:KERNEL32.dll
 0002:00000018       __imp_RtlVirtualUnwind     000000018002e018     kernel32:KERNEL32.dll
 0002:00000020       __imp_UnhandledExceptionFilter 000000018002e020     kernel32:KERNEL32.dll
 0002:00000028       __imp_SetUnhandledExceptionFilter 000000018002e028     kernel32:KERNEL32.dll
 0002:00000030       __imp_GetCurrentProcess    000000018002e030     kernel32:KERNEL32.dll
 0002:00000038       __imp_TerminateProcess     000000018002e038     kernel32:KERNEL32.dll
 0002:00000040       __imp_IsProcessorFeaturePresent 000000018002e040     kernel32:KERNEL32.dll
 0002:00000048       __imp_IsDebuggerPresent    000000018002e048     kernel32:KERNEL32.dll
 0002:00000050       __imp_GetStartupInfoW      000000018002e050     kernel32:KERNEL32.dll
 0002:00000058       __imp_GetModuleHandleW     000000018002e058     kernel32:KERNEL32.dll
 0002:00000060       __imp_QueryPerformanceCounter 000000018002e060     kernel32:KERNEL32.dll
 0002:00000068       __imp_GetCurrentProcessId  000000018002e068     kernel32:KERNEL32.dll
 0002:00000070       __imp_GetCurrentThreadId   000000018002e070     kernel32:KERNEL32.dll
 0002:00000078       __imp_GetSystemTimeAsFileTime 000000018002e078     kernel32:KERNEL32.dll
 0002:00000080       __imp_InitializeSListHead  000000018002e080     kernel32:KERNEL32.dll
 0002:00000088       __imp_RtlPcToFileHeader    000000018002e088     kernel32:KERNEL32.dll
 0002:00000090       __imp_EncodePointer        000000018002e090     kernel32:KERNEL32.dll
 0002:00000098       __imp_RaiseException       000000018002e098     kernel32:KERNEL32.dll
 0002:000000a0       __imp_RtlUnwindEx          000000018002e0a0     kernel32:KERNEL32.dll
 0002:000000a8       __imp_InterlockedFlushSList 000000018002e0a8     kernel32:KERNEL32.dll
 0002:000000b0       __imp_GetLastError         000000018002e0b0     kernel32:KERNEL32.dll
 0002:000000b8       __imp_SetLastError         000000018002e0b8     kernel32:KERNEL32.dll
 0002:000000c0       __imp_EnterCriticalSection 000000018002e0c0     kernel32:KERNEL32.dll
 0002:000000c8       __imp_LeaveCriticalSection 000000018002e0c8     kernel32:KERNEL32.dll
 0002:000000d0       __imp_DeleteCriticalSection 000000018002e0d0     kernel32:KERNEL32.dll
 0002:000000d8       __imp_InitializeCriticalSectionAndSpinCount 000000018002e0d8     kernel32:KERNEL32.dll
 0002:000000e0       __imp_TlsAlloc             000000018002e0e0     kernel32:KERNEL32.dll
[...]
 0004:00001c98       $pdata$3$?shortsort@@YAXPEAD0_KP6AHPEBX2@Z@Z 000000018004ac98     libucrt:qsort.obj
 0004:00001ca4       $pdata$qsort               000000018004aca4     libucrt:qsort.obj
 0004:00001cb0       $pdata$4$qsort             000000018004acb0     libucrt:qsort.obj
 0004:00001cbc       $pdata$5$qsort             000000018004acbc     libucrt:qsort.obj
 0004:00001cc8       $pdata$strncpy_s           000000018004acc8     libucrt:strncpy_s.obj
 0004:00001cd4       $pdata$strpbrk             000000018004acd4     libucrt:strpbrk.obj
 0004:00001ce0       $pdata$_mbsdec_l           000000018004ace0     libucrt:mbsdec.obj
 0004:00001cec       $pdata$?initialize_multibyte@@YAHXZ 000000018004acec     libucrt:multibyte_initializer.obj
 0004:00001cf8       $pdata$_msize              000000018004acf8     libucrt:msize.obj
 0004:00001d04       $pdata$_realloc_base       000000018004ad04     libucrt:realloc_base.obj
 0004:00001d10       $pdata$fegetenv            000000018004ad10     libucrt:fegetenv.obj
 0004:00001d1c       $pdata$fesetenv            000000018004ad1c     libucrt:fesetenv.obj
 0004:00001d28       $pdata$feholdexcept        000000018004ad28     libucrt:feholdexcept.obj
 0004:00001d40       $pdata$??$common_lseek@_J@@YA_JH_JH@Z 000000018004ad40     libucrt:lseek.obj
 0004:00001d4c       $pdata$??$common_lseek_nolock@_J@@YA_JH_JH@Z 000000018004ad4c     libucrt:lseek.obj
 0004:00001d58       $pdata$__acrt_stdio_allocate_buffer_nolock 000000018004ad58     libucrt:_getbuf.obj
 0004:00001d64       $pdata$_fclose_nolock      000000018004ad64     libucrt:fclose.obj
 0004:00001d70       $pdata$fclose              000000018004ad70     libucrt:fclose.obj
 0004:00001d7c       $pdata$_putwch_nolock      000000018004ad7c     libucrt:putwch.obj
 0004:00001d88       $pdata$_getfpcontrolword   000000018004ad88     libucrt:_fenvutils.obj
 0004:00001d94       $pdata$_getfpstatusword    000000018004ad94     libucrt:_fenvutils.obj
 0004:00001da0       $pdata$_setfpstatusword    000000018004ada0     libucrt:_fenvutils.obj
 0004:00001dac       $pdata$_clearfp            000000018004adac     libucrt:ieee.obj
 0004:00001db8       $pdata$common_control87    000000018004adb8     libucrt:ieee.obj
 0004:00001dc4       $pdata$_call_matherr       000000018004adc4     libucrt:libm_error.obj
 0004:00001dd0       $pdata$_exception_enabled  000000018004add0     libucrt:libm_error.obj
 0004:00001ddc       $pdata$_handle_error       000000018004addc     libucrt:libm_error.obj
 0004:00001de8       $pdata$_handle_errorf      000000018004ade8     libucrt:libm_error.obj
 0004:00001df4       $pdata$__acrt_initialize_fma3 000000018004adf4     libucrt:fma3_available.obj
 0004:00001e00       $pdata$_log10_special      000000018004ae00     libucrt:log_special.obj
 0004:00001e0c       $pdata$_log_special_common 000000018004ae0c     libucrt:log_special.obj
 0004:00001e18       $pdata$??$?RV<lambda_bfedae4ebbf01fab1bb6dcc6a9e276e0>@@AEAV<lambda_2fe9b910cf3cbf4a0ab98a02ba45b3ec>@@V<lambda_237c231691f317818eb88cc1d5d642d6>@@@?$__crt_seh_guarded_call@H@@QEAAH$$QEAV<lambda_bfedae4ebbf01fab1bb6dcc6a9e276e0>@@AEAV<lambda_2fe9b910cf3cbf4a0ab98a02ba45b3ec>@@$$QEAV<lambda_237c231691f317818eb88cc1d5d642d6>@@@Z 000000018004ae18     libucrt:close.obj
 0004:00001e24       $pdata$_close              000000018004ae24     libucrt:close.obj
 0004:00001e30       $pdata$_close_nolock       000000018004ae30     libucrt:close.obj
 0004:00001e3c       $pdata$__dcrt_lowio_initialize_console_output 000000018004ae3c     libucrt:initcon.obj
 0004:00001e48       $pdata$__dcrt_terminate_console_output 000000018004ae48     libucrt:initcon.obj
 0004:00001e60       $pdata$_raise_exc          000000018004ae60     libucrt:fpexcept.obj
 0004:00001e6c       $pdata$_raise_exc_ex       000000018004ae6c     libucrt:fpexcept.obj
 0004:00001e78       $pdata$_raise_excf         000000018004ae78     libucrt:fpexcept.obj
 0004:00001e84       $pdata$_set_errno_from_matherr 000000018004ae84     libucrt:fpexcept.obj
 0004:00001e90       $pdata$_clrfp              000000018004ae90     libucrt:fpctrl.obj
 0004:00001e9c       $pdata$_ctrlfp             000000018004ae9c     libucrt:fpctrl.obj
 0004:00001ea8       $pdata$_set_statfp         000000018004aea8     libucrt:fpctrl.obj
 0004:00001eb4       $pdata$_statfp             000000018004aeb4     libucrt:fpctrl.obj
 0004:00001ec0       $pdata$?DloadAcquireSectionWriteAccess@@YAXXZ 000000018004aec0     DelayImp:delayhlp.obj
 0004:00001ecc       $pdata$?DloadGetSRWLockFunctionPointers@@YAEXZ 000000018004aecc     DelayImp:delayhlp.obj
 0004:00001ed8       $pdata$?DloadMakePermanentImageCommit@@YAXPEAX_K@Z 000000018004aed8     DelayImp:delayhlp.obj
 0004:00001ee4       $pdata$?DloadObtainSection@@YAPEAXPEAK0@Z 000000018004aee4     DelayImp:delayhlp.obj
 0004:00001ef0       $pdata$?DloadProtectSection@@YAXKPEAK@Z 000000018004aef0     DelayImp:delayhlp.obj
 0004:00001efc       $pdata$?DloadReleaseSectionWriteAccess@@YAXXZ 000000018004aefc     DelayImp:delayhlp.obj
 0004:00001f08       $pdata$__delayLoadHelper2  000000018004af08     DelayImp:delayhlp.obj
 0004:00001f14       $pdata$_IsNonwritableInCurrentImage 000000018004af14     LIBCMT:pesect.obj
 0004:00001f20       $pdata$__GSHandlerCheck    000000018004af20     LIBCMT:_gshandler_.obj
 0004:00001f2c       $pdata$__GSHandlerCheckCommon 000000018004af2c     LIBCMT:_gshandler_.obj
 0004:00001f44       $pdata$strrchr             000000018004af44     libvcruntime:strrchr.obj
 0004:00001f5c       $pdata$sqrtf               000000018004af5c     libucrt:sqrtf.obj
 0004:00001f74       $pdata$?dtor$0@?0??SWIGV8_SetPrivateData@@YAXV?$Local@VObject@v8@@@v8@@PEAXPEAUswig_type_info@@H@Z@4HA 000000018004af74     rvo2_wrap.obj
 0004:00001f80       $pdata$?dtor$1@?0??_wrap_new_RVOSimulator__SWIG_0@@YAXAEBV?$FunctionCallbackInfo@VValue@v8@@@v8@@AEAVV8ErrorHandler@@@Z@4HA 000000018004af80     rvo2_wrap.obj
 0004:00001f8c       $pdata$?dtor$1@?0??_wrap_new_RVOSimulator__SWIG_1@@YAXAEBV?$FunctionCallbackInfo@VValue@v8@@@v8@@AEAVV8ErrorHandler@@@Z@4HA 000000018004af8c     rvo2_wrap.obj
 0004:00001f98       $pdata$?dtor$1@?0??_wrap_new_RVOSimulator__SWIG_2@@YAXAEBV?$FunctionCallbackInfo@VValue@v8@@@v8@@AEAVV8ErrorHandler@@@Z@4HA 000000018004af98     rvo2_wrap.obj
 0004:00001fa4       $pdata$?dtor$1@?0??_wrap_new_vectorvector__SWIG_1@@YAXAEBV?$FunctionCallbackInfo@VValue@v8@@@v8@@AEAVV8ErrorHandler@@@Z@4HA 000000018004afa4     rvo2_wrap.obj
 0004:00001fa4       $pdata$?dtor$1@?0??_wrap_new_vectori__SWIG_1@@YAXAEBV?$FunctionCallbackInfo@VValue@v8@@@v8@@AEAVV8ErrorHandler@@@Z@4HA 000000018004afa4     rvo2_wrap.obj
 0004:00001fa4       $pdata$?dtor$1@?0??_wrap_new_vectord__SWIG_1@@YAXAEBV?$FunctionCallbackInfo@VValue@v8@@@v8@@AEAVV8ErrorHandler@@@Z@4HA 000000018004afa4     rvo2_wrap.obj
 0004:00001fa4       $pdata$?dtor$1@?0??_wrap_new_vectorline__SWIG_1@@YAXAEBV?$FunctionCallbackInfo@VValue@v8@@@v8@@AEAVV8ErrorHandler@@@Z@4HA 000000018004afa4     rvo2_wrap.obj
 0004:00001fb0       $pdata$?catch$1@?0??_wrap_vectori_get@@YAXAEBV?$FunctionCallbackInfo@VValue@v8@@@v8@@@Z@4HA 000000018004afb0     rvo2_wrap.obj
 0004:00001fbc       $pdata$?catch$1@?0??_wrap_vectori_set@@YAXAEBV?$FunctionCallbackInfo@VValue@v8@@@v8@@@Z@4HA 000000018004afbc     rvo2_wrap.obj
 0004:00001fc8       $pdata$?catch$1@?0??_wrap_vectord_get@@YAXAEBV?$FunctionCallbackInfo@VValue@v8@@@v8@@@Z@4HA 000000018004afc8     rvo2_wrap.obj
 0004:00001fd4       $pdata$?catch$1@?0??_wrap_vectord_set@@YAXAEBV?$FunctionCallbackInfo@VValue@v8@@@v8@@@Z@4HA 000000018004afd4     rvo2_wrap.obj
 0004:00001fe0       $pdata$?catch$1@?0??_wrap_vectorline_get@@YAXAEBV?$FunctionCallbackInfo@VValue@v8@@@v8@@@Z@4HA 000000018004afe0     rvo2_wrap.obj
 0004:00001fec       $pdata$?catch$1@?0??_wrap_vectorline_set@@YAXAEBV?$FunctionCallbackInfo@VValue@v8@@@v8@@@Z@4HA 000000018004afec     rvo2_wrap.obj
 0004:00001ff8       $pdata$?catch$1@?0??_wrap_vectorvector_get@@YAXAEBV?$FunctionCallbackInfo@VValue@v8@@@v8@@@Z@4HA 000000018004aff8     rvo2_wrap.obj
 0004:00002004       $pdata$?catch$1@?0??_wrap_vectorvector_set@@YAXAEBV?$FunctionCallbackInfo@VValue@v8@@@v8@@@Z@4HA 000000018004b004     rvo2_wrap.obj
 0004:00002010       $pdata$__scrt_is_nonwritable_in_current_image$filt$0 000000018004b010     LIBCMT:utility.obj
 0004:0000201c       $pdata$?fin$0@?0??dllmain_crt_process_attach@@YAHQEAUHINSTANCE__@@QEAX@Z@4HA 000000018004b01c     LIBCMT:dll_dllmain.obj
 0004:00002028       $pdata$?fin$0@?0??dllmain_crt_process_detach@@YAH_N@Z@4HA 000000018004b028     LIBCMT:dll_dllmain.obj
 0004:00002034       $pdata$?filt$0@?0??dllmain_dispatch@@YAHQEAUHINSTANCE__@@KQEAX@Z@4HA 000000018004b034     LIBCMT:dll_dllmain.obj
 0004:00002040       $pdata$__CxxCallCatchBlock$filt$0 000000018004b040     libvcruntime:frame.obj
 0004:0000204c       $pdata$__CxxCallCatchBlock$fin$1 000000018004b04c     libvcruntime:frame.obj
 0004:00002058       $pdata$__DestructExceptionObject$filt$0 000000018004b058     libvcruntime:frame.obj
 0004:00002064       $pdata$__FrameUnwindToState$filt$0 000000018004b064     libvcruntime:frame.obj
 0004:00002070       $pdata$__FrameUnwindToState$fin$1 000000018004b070     libvcruntime:frame.obj
 0004:0000207c       $pdata$_CallSETranslator$filt$0 000000018004b07c     libvcruntime:trnsctrl.obj
 0004:00002088       $pdata$?fin$0@?0???$?RV<lambda_7a5ef57ff966f610505f1d28a3d40618>@@AEAV<lambda_b721fa326cdb32351d23dfa67958c160>@@V<lambda_5e0fb27672408a07956fe59e48ccb2aa>@@@?$__crt_seh_guarded_call@H@@QEAAH$$QEAV<lambda_7a5ef57ff966f610505f1d28a3d40618>@@AEAV<lambda_b721fa326cdb32351d23dfa67958c160>@@$$QEAV<lambda_5e0fb27672408a07956fe59e48ccb2aa>@@@Z@4HA 000000018004b088     libucrt:setvbuf.obj
 0004:00002088       $pdata$?fin$0@?0???$?RV<lambda_7b91131dde12e1c3dfc74ff76b3f2eac>@@AEAV<lambda_dd75445284c072d0bd3768540cc698fa>@@V<lambda_16bc4ecb55b4718497c16bceaea2ceaf>@@@?$__crt_seh_guarded_call@H@@QEAAH$$QEAV<lambda_7b91131dde12e1c3dfc74ff76b3f2eac>@@AEAV<lambda_dd75445284c072d0bd3768540cc698fa>@@$$QEAV<lambda_16bc4ecb55b4718497c16bceaea2ceaf>@@@Z@4HA 000000018004b088     libucrt:output.obj
 0004:00002094       $pdata$_query_new_handler$fin$0 000000018004b094     libucrt:new_handler.obj
 0004:000020a0       $pdata$?filt$0@?0??common_exit@@YAXHW4_crt_exit_cleanup_mode@@W4_crt_exit_return_mode@@@Z@4HA 000000018004b0a0     libucrt:exit.obj
 0004:000020ac       $pdata$?fin$1@?0??common_exit@@YAXHW4_crt_exit_cleanup_mode@@W4_crt_exit_return_mode@@@Z@4HA 000000018004b0ac     libucrt:exit.obj
 0004:000020b8       $pdata$?fin$0@?0???$?RV<lambda_e24bbb7b643b32fcea6fa61b31d4c984>@@AEAV<lambda_275893d493268fdec8709772e3fcec0e>@@V<lambda_9d71df4d7cf3f480f8d633942495c3b0>@@@?$__crt_seh_guarded_call@H@@QEAAH$$QEAV<lambda_e24bbb7b643b32fcea6fa61b31d4c984>@@AEAV<lambda_275893d493268fdec8709772e3fcec0e>@@$$QEAV<lambda_9d71df4d7cf3f480f8d633942495c3b0>@@@Z@4HA 000000018004b0b8     libucrt:onexit.obj
 0004:000020c4       $pdata$common_flush_all$fin$0 000000018004b0c4     libucrt:fflush.obj
 0004:000020d0       $pdata$common_flush_all$fin$1 000000018004b0d0     libucrt:fflush.obj
 0004:000020dc       $pdata$fclose$fin$0        000000018004b0dc     libucrt:fclose.obj
 0004:000020dc       $pdata$fflush$fin$0        000000018004b0dc     libucrt:fflush.obj
 0004:000020e8       $pdata$raise$fin$0         000000018004b0e8     libucrt:signal.obj
 0004:000020f4       $pdata$?fin$0@?0???$?RV<lambda_72d1df2b273a38828b1ce30cbf4cdab5>@@AEAV<lambda_876a65b173b8412d3a47c70a915b0cf4>@@V<lambda_41932305e351933ebe8f8be3ed8bb5dc>@@@?$__crt_seh_guarded_call@X@@QEAAX$$QEAV<lambda_72d1df2b273a38828b1ce30cbf4cdab5>@@AEAV<lambda_876a65b173b8412d3a47c70a915b0cf4>@@$$QEAV<lambda_41932305e351933ebe8f8be3ed8bb5dc>@@@Z@4HA 000000018004b0f4     libucrt:per_thread_data.obj
 0004:000020f4       $pdata$?fin$0@?0???$?RV<lambda_c36588078e9f5dfd39652860aa6b3aaf>@@AEAV<lambda_ec61778202f4f5fc7e7711acc23c3bca>@@V<lambda_dc9d2797ccde5d239b4a0efae8ebd7db>@@@?$__crt_seh_guarded_call@P6AXH@Z@@QEAAP6AXH@Z$$QEAV<lambda_c36588078e9f5dfd39652860aa6b3aaf>@@AEAV<lambda_ec61778202f4f5fc7e7711acc23c3bca>@@$$QEAV<lambda_dc9d2797ccde5d239b4a0efae8ebd7db>@@@Z@4HA 000000018004b0f4     libucrt:signal.obj
 0004:000020f4       $pdata$?fin$0@?0???$?RV<lambda_46352004c1216016012b18bd6f87e700>@@AEAV<lambda_3bd07e1a1191394380780325891bf33f>@@V<lambda_334532d3f185bcaa59b5be82d7d22bff>@@@?$__crt_seh_guarded_call@X@@QEAAX$$QEAV<lambda_46352004c1216016012b18bd6f87e700>@@AEAV<lambda_3bd07e1a1191394380780325891bf33f>@@$$QEAV<lambda_334532d3f185bcaa59b5be82d7d22bff>@@@Z@4HA 000000018004b0f4     libucrt:per_thread_data.obj
 0004:000020f4       $pdata$?fin$0@?0???$?RV<lambda_5e887d1dcbef67a5eb4283622ba103bf>@@AEAV<lambda_4466841279450cc726390878d4a41900>@@V<lambda_341c25c0346d94847f1f3c463c57e077>@@@?$__crt_seh_guarded_call@X@@QEAAX$$QEAV<lambda_5e887d1dcbef67a5eb4283622ba103bf>@@AEAV<lambda_4466841279450cc726390878d4a41900>@@$$QEAV<lambda_341c25c0346d94847f1f3c463c57e077>@@@Z@4HA 000000018004b0f4     libucrt:per_thread_data.obj
 0004:000020f4       $pdata$?fin$0@?0???$?RV<lambda_99476a1ad63dd22509b5d3e65b0ffc95>@@AEAV<lambda_ad1ced32f4ac17aa236e5ef05d6b3b7c>@@V<lambda_f7424dd8d45958661754dc4f2697e9c3>@@@?$__crt_seh_guarded_call@X@@QEAAX$$QEAV<lambda_99476a1ad63dd22509b5d3e65b0ffc95>@@AEAV<lambda_ad1ced32f4ac17aa236e5ef05d6b3b7c>@@$$QEAV<lambda_f7424dd8d45958661754dc4f2697e9c3>@@@Z@4HA 000000018004b0f4     libucrt:mbctype.obj
 0004:000020f4       $pdata$?fin$0@?0???$?RV<lambda_b8c45f8f788dd370798f47cfe8ac3a86>@@AEAV<lambda_4e60a939b0d047cfe11ddc22648dfba9>@@V<lambda_332c3edc96d0294ec56c57d38c1cdfd5>@@@?$__crt_seh_guarded_call@H@@QEAAH$$QEAV<lambda_b8c45f8f788dd370798f47cfe8ac3a86>@@AEAV<lambda_4e60a939b0d047cfe11ddc22648dfba9>@@$$QEAV<lambda_332c3edc96d0294ec56c57d38c1cdfd5>@@@Z@4HA 000000018004b0f4     libucrt:onexit.obj
 0004:000020f4       $pdata$?fin$0@?0???$?RV<lambda_fb3a7dec4e47f37f22dae91bb15c9095>@@AEAV<lambda_698284760c8add0bfb0756c19673e34b>@@V<lambda_dfb8eca1e75fef3034a8fb18dd509707>@@@?$__crt_seh_guarded_call@X@@QEAAX$$QEAV<lambda_fb3a7dec4e47f37f22dae91bb15c9095>@@AEAV<lambda_698284760c8add0bfb0756c19673e34b>@@$$QEAV<lambda_dfb8eca1e75fef3034a8fb18dd509707>@@@Z@4HA 000000018004b0f4     libucrt:per_thread_data.obj
 0004:00002100       $pdata$__acrt_update_thread_multibyte_data$fin$0 000000018004b100     libucrt:mbctype.obj
 0004:0000210c       $pdata$__acrt_uninitialize_locale$fin$0 000000018004b10c     libucrt:wsetlocale.obj
 0004:0000210c       $pdata$__acrt_update_thread_locale_data$fin$0 000000018004b10c     libucrt:locale_refcounting.obj
 0004:00002118       $pdata$_fcloseall$fin$0    000000018004b118     libucrt:closeall.obj
 0004:00002124       $pdata$__acrt_initialize_lowio$fin$0 000000018004b124     libucrt:ioinit.obj
 0004:00002124       $pdata$__acrt_lowio_ensure_fh_exists$fin$0 000000018004b124     libucrt:osfinfo.obj
 0004:00002130       $pdata$_write$fin$0        000000018004b130     libucrt:write.obj
 0004:00002130       $pdata$?fin$0@?0???$common_lseek@_J@@YA_JH_JH@Z@4HA 000000018004b130     libucrt:lseek.obj
 0004:0000213c       $pdata$?fin$0@?0???$?RV<lambda_b521505b218e5242e90febf6bfebc422>@@AEAV<lambda_6978c1fb23f02e42e1d9e99668cc68aa>@@V<lambda_314360699dd331753a4119843814e9a7>@@@?$__crt_seh_guarded_call@H@@QEAAH$$QEAV<lambda_b521505b218e5242e90febf6bfebc422>@@AEAV<lambda_6978c1fb23f02e42e1d9e99668cc68aa>@@$$QEAV<lambda_314360699dd331753a4119843814e9a7>@@@Z@4HA 000000018004b13c     libucrt:commit.obj
 0004:0000213c       $pdata$?fin$0@?0???$?RV<lambda_bfedae4ebbf01fab1bb6dcc6a9e276e0>@@AEAV<lambda_2fe9b910cf3cbf4a0ab98a02ba45b3ec>@@V<lambda_237c231691f317818eb88cc1d5d642d6>@@@?$__crt_seh_guarded_call@H@@QEAAH$$QEAV<lambda_bfedae4ebbf01fab1bb6dcc6a9e276e0>@@AEAV<lambda_2fe9b910cf3cbf4a0ab98a02ba45b3ec>@@$$QEAV<lambda_237c231691f317818eb88cc1d5d642d6>@@@Z@4HA 000000018004b13c     libucrt:close.obj
 0004:00002148       $pdata$_ctrlfp$filt$0      000000018004b148     libucrt:fpctrl.obj
 0004:00002148       $pdata$common_control87$filt$0 000000018004b148     libucrt:ieee.obj
 0004:00002154       $pdata$_IsNonwritableInCurrentImage$filt$0 000000018004b154     LIBCMT:pesect.obj
 0004:00002160       $pdata$??__FSWIGV8_SWIGTYPE_Proxy_class_templ@@YAXXZ 000000018004b160     rvo2_wrap.obj
 0004:0000216c       $pdata$??__F_exports_Vector2_clientData@@YAXXZ 000000018004b16c     rvo2_wrap.obj
 0004:00002178       $pdata$??__F_exports_Agent_clientData@@YAXXZ 000000018004b178     rvo2_wrap.obj
 0004:00002184       $pdata$??__F_exports_Obstacle_clientData@@YAXXZ 000000018004b184     rvo2_wrap.obj
 0004:00002190       $pdata$??__F_exports_KdTree_clientData@@YAXXZ 000000018004b190     rvo2_wrap.obj
 0004:0000219c       $pdata$??__F_exports_Line_clientData@@YAXXZ 000000018004b19c     rvo2_wrap.obj
 0004:000021a8       $pdata$??__F_exports_RVOSimulator_clientData@@YAXXZ 000000018004b1a8     rvo2_wrap.obj
 0004:000021b4       $pdata$??__F_exports_vectori_clientData@@YAXXZ 000000018004b1b4     rvo2_wrap.obj
 0004:000021c0       $pdata$??__F_exports_vectord_clientData@@YAXXZ 000000018004b1c0     rvo2_wrap.obj
 0004:000021cc       $pdata$??__F_exports_vectorline_clientData@@YAXXZ 000000018004b1cc     rvo2_wrap.obj
 0004:000021d8       $pdata$??__F_exports_vectorvector_clientData@@YAXXZ 000000018004b1d8     rvo2_wrap.obj
 0005:00000000       __guard_fids__             000000018004c000     libucrt:initialization.obj
 0005:00000060       __guard_fids___acrt_initialize_ptd 000000018004c060     libucrt:per_thread_data.obj
 0005:00000064       __guard_fids___acrt_show_wide_message_box 000000018004c064     libucrt:crtmbox.obj
 0005:00000068       __guard_fids_??$expand_argument_wildcards@D@@YAHQEAD0AEAV?$argument_list@D@?A0xca0879c4@@@Z 000000018004c068     libucrt:argv_wildcards.obj
 0005:0000006c       __guard_fids__             000000018004c06c     libucrt:stdio_initializer.obj
 0005:00000070       __guard_fids__             000000018004c070     libucrt:stdio_initializer.obj
 0005:00000074       __guard_fids__             000000018004c074     libucrt:locale_initializer.obj
 0005:00000078       __guard_fids__             000000018004c078     libucrt:multibyte_initializer.obj
 0005:0000007c       __guard_fids__             000000018004c07c     libucrt:fma3_initializer.obj
 0005:00000080       __guard_fids__             000000018004c080     libucrt:console_output_initializer.obj
 0005:00000084       __guard_fids__             000000018004c084     libcpmt:xthrow.obj
 0005:0000008c       __guard_fids__             000000018004c08c     libcpmt:xthrow.obj
 0005:00000094       __guard_fids__             000000018004c094     libcpmt:xthrow.obj
 0005:0000009c       __guard_fids__             000000018004c09c     libcpmt:xthrow.obj
 0005:000000a4       __guard_fids__             000000018004c0a4     libcpmt:xthrow.obj
 0005:000000ac       __guard_fids__             000000018004c0ac     LIBCMT:std_type_info_static.obj
 0005:000000b0       __guard_fids_?dllmain_crt_process_attach@@YAHQEAUHINSTANCE__@@QEAX@Z 000000018004c0b0     LIBCMT:dll_dllmain.obj
 0005:000000b8       __guard_fids_?dllmain_dispatch@@YAHQEAUHINSTANCE__@@KQEAX@Z 000000018004c0b8     LIBCMT:dll_dllmain.obj
 0005:000000bc       __guard_fids__             000000018004c0bc     LIBCMT:throw_bad_alloc.obj
 0005:000000c4       __guard_fids__             000000018004c0c4     LIBCMT:guard_support.obj
 0005:000000c8       __guard_fids__             000000018004c0c8     libvcruntime:frame.obj
 0005:000000cc       __guard_fids__             000000018004c0cc     libvcruntime:frame.obj
 0005:000000d4       __guard_fids___vcrt_initialize_ptd 000000018004c0d4     libvcruntime:per_thread_data.obj
 0005:000000d8       __guard_fids__UnwindNestedFrames 000000018004c0d8     libvcruntime:trnsctrl.obj
 0006:00000060       $R000000                   000000018004d060     * linker generated manifest res *

 Exports

  ordinal    name

        1    _register_rvo2_
