 rvo2

 Timestamp is 58abf00f (Tue Feb 21 08:45:19 2017)

 Preferred load address is 0000000180000000

 Start         Length     Name                   Class
 0001:00000000 000000c0H .text$di                CODE
 0001:000000c0 0002bcb0H .text$mn                CODE
 0001:0002bd70 00000020H .text$mn$00             CODE
 0001:0002bd90 00000bb0H .text$x                 CODE
 0001:0002c940 00000161H .text$yd                CODE
 0002:00000000 00000290H .idata$5                DATA
 0002:00000290 00000010H .00cfg                  DATA
 0002:000002a0 00000008H .CRT$XCA                DATA
 0002:000002a8 00000068H .CRT$XCU                DATA
 0002:00000310 00000008H .CRT$XCZ                DATA
 0002:00000318 00000008H .CRT$XIA                DATA
 0002:00000320 00000018H .CRT$XIC                DATA
 0002:00000338 00000008H .CRT$XIZ                DATA
 0002:00000340 00000008H .CRT$XPA                DATA
 0002:00000348 00000010H .CRT$XPX                DATA
 0002:00000358 00000008H .CRT$XPXA               DATA
 0002:00000360 00000008H .CRT$XPZ                DATA
 0002:00000368 00000008H .CRT$XTA                DATA
 0002:00000370 00000010H .CRT$XTZ                DATA
 0002:00000380 00011648H .rdata                  DATA
 0002:000119c8 00000404H .rdata$r                DATA
 0002:00011dcc 000003e4H .rdata$zzzdbg           DATA
 0002:000121b0 00000008H .rtc$IAA                DATA
 0002:000121b8 00000008H .rtc$IZZ                DATA
 0002:000121c0 00000008H .rtc$TAA                DATA
 0002:000121c8 00000008H .rtc$TZZ                DATA
 0002:000121d0 00003ef8H .xdata                  DATA
 0002:000160c8 00000294H .xdata$x                DATA
 0002:0001635c 00000020H .didat$2                DATA
 0002:0001637c 00000024H .didat$3                DATA
 0002:000163a0 00000198H .didat$4                DATA
 0002:00016538 00000df0H .didat$6                DATA
 0002:00017328 00000198H .didat$7                DATA
 0002:000174c0 0000004cH .edata                  DATA
 0002:0001750c 00000028H .idata$2                DATA
 0002:00017534 00000014H .idata$3                DATA
 0002:00017548 00000290H .idata$4                DATA
 0002:000177d8 00000606H .idata$6                DATA
 0003:00000000 000010b8H .data                   DATA
 0003:000010b8 00000168H .data$r                 DATA
 0003:00001220 000001a0H .didat$5                DATA
 0003:000013c0 00001354H .bss                    DATA
 0004:00000000 000021e4H .pdata                  DATA
 0005:00000000 00000084H .gfids$x                DATA
 0005:00000084 00000058H .gfids$y                DATA
 0006:00000000 00000060H .rsrc$01                DATA
 0006:00000060 00000180H .rsrc$02                DATA

  Address         Publics by Value              Rva+Base               Lib:Object

 0000:00000000       __guard_longjmp_count      0000000000000000     <absolute>
 0000:00000000       __guard_longjmp_table      0000000000000000     <absolute>
 0000:00000000       __guard_iat_table          0000000000000000     <absolute>
 0000:00000000       __guard_iat_count          0000000000000000     <absolute>
 0000:00000000       __dynamic_value_reloc_table 0000000000000000     <absolute>
 0000:00000000       __guard_fids_count         0000000000000000     <absolute>
 0000:00000000       ___safe_se_handler_table   0000000000000000     <absolute>
 0000:00000000       ___safe_se_handler_count   0000000000000000     <absolute>
 0000:00000000       __guard_fids_table         0000000000000000     <absolute>
 0000:00000100       __guard_flags              0000000000000100     <absolute>
 0000:00000000       __ImageBase                0000000180000000     <linker-defined>
 0001:000000c0       __local_stdio_printf_options 00000001800010c0 f i rvo2_wrap.obj
 0001:000000d0       sprintf                    00000001800010d0 f i rvo2_wrap.obj
 0001:00000130       ??0exception@stdext@@QEAA@AEBV01@@Z 0000000180001130 f i rvo2_wrap.obj
 0001:00000150       ?what@exception@stdext@@UEBAPEBDXZ 0000000180001150 f i rvo2_wrap.obj
 0001:00000170       _guard_check_icall_nop     0000000180001170 f i LIBCMT:guard_support.obj
 0001:00000170       __except_validate_context_record 0000000180001170 f i libvcruntime:jbcxrval.obj
 0001:00000170       ?_Doraise@exception@stdext@@MEBAXXZ 0000000180001170 f i rvo2_wrap.obj
 0001:00000180       ??_Glogic_error@std@@UEAAPEAXI@Z 0000000180001180 f i rvo2_wrap.obj
 0001:00000180       ??_Eout_of_range@std@@UEAAPEAXI@Z 0000000180001180 f i * CIL library *:* CIL module *
 0001:00000180       ??_Gout_of_range@std@@UEAAPEAXI@Z 0000000180001180 f i rvo2_wrap.obj
 0001:00000180       ??_Gexception@stdext@@UEAAPEAXI@Z 0000000180001180 f i rvo2_wrap.obj
 0001:00000180       ??_Eexception@stdext@@UEAAPEAXI@Z 0000000180001180 f i * CIL library *:* CIL module *
 0001:00000180       ??_Elogic_error@std@@UEAAPEAXI@Z 0000000180001180 f i * CIL library *:* CIL module *
 0001:000001b0       ??1out_of_range@std@@UEAA@XZ 00000001800011b0 f i rvo2_wrap.obj
 0001:00000330       ?error@V8ErrorHandler@@UEAAXHPEBD@Z 0000000180001330 f i rvo2_wrap.obj
 0001:00000390       ??_EV8ErrorHandler@@UEAAPEAXI@Z 0000000180001390 f i * CIL library *:* CIL module *
 0001:00000390       ??_GV8ErrorHandler@@UEAAPEAXI@Z 0000000180001390 f i rvo2_wrap.obj
 0001:000003c0       ?error@OverloadErrorHandler@@UEAAXHPEBD@Z 00000001800013c0 f i rvo2_wrap.obj
 0001:00000440       ??0SWIGV8_Proxy@@QEAA@XZ   0000000180001440 f i rvo2_wrap.obj
 0001:00000f90       ?distSqPointLineSegment@RVO@@YAMAEBVVector2@1@00@Z 0000000180001f90 f i rvo2_wrap.obj
 0001:000011a0       ??0out_of_range@std@@QEAA@AEBV01@@Z 00000001800021a0 f i rvo2_wrap.obj
 0001:000011c0       ??0logic_error@std@@QEAA@AEBV01@@Z 00000001800021c0 f i rvo2_wrap.obj
 0001:000015a0       ??1OverloadErrorHandler@@UEAA@XZ 00000001800025a0 f i rvo2_wrap.obj
 0001:000015b0       ??_GOverloadErrorHandler@@UEAAPEAXI@Z 00000001800025b0 f i rvo2_wrap.obj
 0001:000015b0       ??_EOverloadErrorHandler@@UEAAPEAXI@Z 00000001800025b0 f i * CIL library *:* CIL module *
 0001:0000e0a0       rvo2_initialize            000000018000f0a0 f   rvo2_wrap.obj
 0001:00011170       ?push_back@?$vector@NV?$allocator@N@std@@@std@@QEAAXAEBN@Z 0000000180012170 f i rvo2_wrap.obj
 0001:00011200       ??0?$vector@NV?$allocator@N@std@@@std@@QEAA@_K@Z 0000000180012200 f i rvo2_wrap.obj
 0001:00011280       ?push_back@?$vector@HV?$allocator@H@std@@@std@@QEAAXAEBH@Z 0000000180012280 f i rvo2_wrap.obj
 0001:00011310       ??0?$vector@HV?$allocator@H@std@@@std@@QEAA@_K@Z 0000000180012310 f i rvo2_wrap.obj
 0001:00011390       ?push_back@?$vector@VLine@RVO@@V?$allocator@VLine@RVO@@@std@@@std@@QEAAXAEBVLine@RVO@@@Z 0000000180012390 f i rvo2_wrap.obj
 0001:00011420       ??1?$vector@VLine@RVO@@V?$allocator@VLine@RVO@@@std@@@std@@QEAA@XZ 0000000180012420 f i rvo2_wrap.obj
 0001:00011430       ??0?$vector@VLine@RVO@@V?$allocator@VLine@RVO@@@std@@@std@@QEAA@_K@Z 0000000180012430 f i rvo2_wrap.obj
 0001:000114c0       ?push_back@?$vector@VVector2@RVO@@V?$allocator@VVector2@RVO@@@std@@@std@@QEAAXAEBVVector2@RVO@@@Z 00000001800124c0 f i rvo2_wrap.obj
 0001:00011550       ??0?$vector@VVector2@RVO@@V?$allocator@VVector2@RVO@@@std@@@std@@QEAA@_K@Z 0000000180012550 f i rvo2_wrap.obj
 0001:000115e0       ??1?$Persistent@VObject@v8@@V?$NonCopyablePersistentTraits@VObject@v8@@@2@@v8@@QEAA@XZ 00000001800125e0 f i rvo2_wrap.obj
 0001:00011600       ?_Reserve@?$vector@PEAVAgent@RVO@@V?$allocator@PEAVAgent@RVO@@@std@@@std@@IEAAX_K@Z 0000000180012600 f i KdTree.obj
 0001:00011600       ?_Reserve@?$vector@NV?$allocator@N@std@@@std@@IEAAX_K@Z 0000000180012600 f i rvo2_wrap.obj
 0001:00011600       ?_Reserve@?$vector@PEAVObstacle@RVO@@V?$allocator@PEAVObstacle@RVO@@@std@@@std@@IEAAX_K@Z 0000000180012600 f i KdTree.obj
 0001:00011690       ?_Reallocate@?$vector@NV?$allocator@N@std@@@std@@IEAAX_K@Z 0000000180012690 f i rvo2_wrap.obj
 0001:00011690       ?_Reallocate@?$vector@PEAVObstacle@RVO@@V?$allocator@PEAVObstacle@RVO@@@std@@@std@@IEAAX_K@Z 0000000180012690 f i KdTree.obj
 0001:00011690       ?_Reallocate@?$vector@PEAVAgent@RVO@@V?$allocator@PEAVAgent@RVO@@@std@@@std@@IEAAX_K@Z 0000000180012690 f i KdTree.obj
 0001:00011770       ?_Reserve@?$vector@HV?$allocator@H@std@@@std@@IEAAX_K@Z 0000000180012770 f i rvo2_wrap.obj
 0001:00011800       ?_Reallocate@?$vector@HV?$allocator@H@std@@@std@@IEAAX_K@Z 0000000180012800 f i rvo2_wrap.obj
 0001:000118e0       ?_Tidy@?$vector@U?$pair@MPEBVAgent@RVO@@@std@@V?$allocator@U?$pair@MPEBVAgent@RVO@@@std@@@2@@std@@IEAAXXZ 00000001800128e0 f i rvo2_wrap.obj
 0001:000118e0       ?_Tidy@?$vector@VLine@RVO@@V?$allocator@VLine@RVO@@@std@@@std@@IEAAXXZ 00000001800128e0 f i rvo2_wrap.obj
 0001:000118e0       ?_Tidy@?$vector@U?$pair@MPEBVObstacle@RVO@@@std@@V?$allocator@U?$pair@MPEBVObstacle@RVO@@@std@@@2@@std@@IEAAXXZ 00000001800128e0 f i rvo2_wrap.obj
 0001:00011970       ?_Reserve@?$vector@VLine@RVO@@V?$allocator@VLine@RVO@@@std@@@std@@IEAAX_K@Z 0000000180012970 f i rvo2_wrap.obj
 0001:00011970       ?_Reserve@?$vector@U?$pair@MPEBVObstacle@RVO@@@std@@V?$allocator@U?$pair@MPEBVObstacle@RVO@@@std@@@2@@std@@IEAAX_K@Z 0000000180012970 f i Agent.obj
 0001:00011970       ?_Reserve@?$vector@U?$pair@MPEBVAgent@RVO@@@std@@V?$allocator@U?$pair@MPEBVAgent@RVO@@@std@@@2@@std@@IEAAX_K@Z 0000000180012970 f i Agent.obj
 0001:00011a00       ?_Reallocate@?$vector@U?$pair@MPEBVObstacle@RVO@@@std@@V?$allocator@U?$pair@MPEBVObstacle@RVO@@@std@@@2@@std@@IEAAX_K@Z 0000000180012a00 f i Agent.obj
 0001:00011a00       ?_Reallocate@?$vector@U?$pair@MPEBVAgent@RVO@@@std@@V?$allocator@U?$pair@MPEBVAgent@RVO@@@std@@@2@@std@@IEAAX_K@Z 0000000180012a00 f i Agent.obj
 0001:00011a00       ?_Reallocate@?$vector@VLine@RVO@@V?$allocator@VLine@RVO@@@std@@@std@@IEAAX_K@Z 0000000180012a00 f i rvo2_wrap.obj
 0001:00011b50       ?_Reserve@?$vector@VVector2@RVO@@V?$allocator@VVector2@RVO@@@std@@@std@@IEAAX_K@Z 0000000180012b50 f i rvo2_wrap.obj
 0001:00011be0       ?_Reallocate@?$vector@VVector2@RVO@@V?$allocator@VVector2@RVO@@@std@@@std@@IEAAX_K@Z 0000000180012be0 f i rvo2_wrap.obj
 0001:00011ce0       ?deallocate@?$_Wrap_alloc@V?$allocator@VVector2@RVO@@@std@@@std@@QEAAXPEAVVector2@RVO@@_K@Z 0000000180012ce0 f i rvo2_wrap.obj
 0001:00011ce0       ?deallocate@?$_Wrap_alloc@V?$allocator@PEAVAgent@RVO@@@std@@@std@@QEAAXPEAPEAVAgent@RVO@@_K@Z 0000000180012ce0 f i KdTree.obj
 0001:00011ce0       ?deallocate@?$_Wrap_alloc@V?$allocator@PEAVObstacle@RVO@@@std@@@std@@QEAAXPEAPEAVObstacle@RVO@@_K@Z 0000000180012ce0 f i KdTree.obj
 0001:00011ce0       ?deallocate@?$_Wrap_alloc@V?$allocator@N@std@@@std@@QEAAXPEAN_K@Z 0000000180012ce0 f i rvo2_wrap.obj
 0001:00011d50       ?allocate@?$_Wrap_alloc@V?$allocator@N@std@@@std@@QEAAPEAN_K@Z 0000000180012d50 f i rvo2_wrap.obj
 0001:00011d50       ?allocate@?$_Wrap_alloc@V?$allocator@VVector2@RVO@@@std@@@std@@QEAAPEAVVector2@RVO@@_K@Z 0000000180012d50 f i rvo2_wrap.obj
 0001:00011d50       ?allocate@?$_Wrap_alloc@V?$allocator@PEAVObstacle@RVO@@@std@@@std@@QEAAPEAPEAVObstacle@RVO@@_K@Z 0000000180012d50 f i KdTree.obj
 0001:00011dc0       ?deallocate@?$_Wrap_alloc@V?$allocator@H@std@@@std@@QEAAXPEAH_K@Z 0000000180012dc0 f i rvo2_wrap.obj
 0001:00011e30       ?allocate@?$_Wrap_alloc@V?$allocator@H@std@@@std@@QEAAPEAH_K@Z 0000000180012e30 f i rvo2_wrap.obj
 0001:00011ea0       ?allocate@?$_Wrap_alloc@V?$allocator@VLine@RVO@@@std@@@std@@QEAAPEAVLine@RVO@@_K@Z 0000000180012ea0 f i rvo2_wrap.obj
 0001:00011f10       ?computeNewVelocity@Agent@RVO@@AEAAXXZ 0000000180012f10 f   Agent.obj
 0001:00013110       ?insertAgentNeighbor@Agent@RVO@@AEAAXPEBV12@AEAM@Z 0000000180014110 f   Agent.obj
 0001:00013280       ?insertObstacleNeighbor@Agent@RVO@@AEAAXPEBVObstacle@2@M@Z 0000000180014280 f   Agent.obj
 0001:000133c0       ?linearProgram1@RVO@@YA_NAEBV?$vector@VLine@RVO@@V?$allocator@VLine@RVO@@@std@@@std@@_KMAEBVVector2@1@_NAEAV41@@Z 00000001800143c0 f   Agent.obj
 0001:000136b0       ?linearProgram2@RVO@@YA_KAEBV?$vector@VLine@RVO@@V?$allocator@VLine@RVO@@@std@@@std@@MAEBVVector2@1@_NAEAV41@@Z 00000001800146b0 f   Agent.obj
 0001:00013840       ?linearProgram3@RVO@@YAXAEBV?$vector@VLine@RVO@@V?$allocator@VLine@RVO@@@std@@@std@@_K1MAEAVVector2@1@@Z 0000000180014840 f   Agent.obj
 0001:00013ec0       ??1KdTree@RVO@@AEAA@XZ     0000000180014ec0 f   KdTree.obj
 0001:00013f80       ?buildAgentTree@KdTree@RVO@@AEAAXXZ 0000000180014f80 f   KdTree.obj
 0001:000140a0       ?buildAgentTreeRecursive@KdTree@RVO@@AEAAX_K00@Z 00000001800150a0 f   KdTree.obj
 0001:00014680       ?buildObstacleTree@KdTree@RVO@@AEAAXXZ 0000000180015680 f   KdTree.obj
 0001:00014820       ?buildObstacleTreeRecursive@KdTree@RVO@@AEAAPEAVObstacleTreeNode@12@AEBV?$vector@PEAVObstacle@RVO@@V?$allocator@PEAVObstacle@RVO@@@std@@@std@@@Z 0000000180015820 f   KdTree.obj
 0001:00015080       ?deleteObstacleTree@KdTree@RVO@@AEAAXPEAVObstacleTreeNode@12@@Z 0000000180016080 f   KdTree.obj
 0001:000150d0       ?queryAgentTreeRecursive@KdTree@RVO@@AEBAXPEAVAgent@2@AEAM_K@Z 00000001800160d0 f   KdTree.obj
 0001:000152e0       ?queryObstacleTreeRecursive@KdTree@RVO@@AEBAXPEAVAgent@2@MPEBVObstacleTreeNode@12@@Z 00000001800162e0 f   KdTree.obj
 0001:00015400       ?queryVisibilityRecursive@KdTree@RVO@@AEBA_NAEBVVector2@2@0MPEBVObstacleTreeNode@12@@Z 0000000180016400 f   KdTree.obj
 0001:000156d0       ?resize@?$vector@VAgentTreeNode@KdTree@RVO@@V?$allocator@VAgentTreeNode@KdTree@RVO@@@std@@@std@@QEAAX_K@Z 00000001800166d0 f i KdTree.obj
 0001:000157e0       ??1?$vector@PEAVObstacle@RVO@@V?$allocator@PEAVObstacle@RVO@@@std@@@std@@QEAA@XZ 00000001800167e0 f i KdTree.obj
 0001:000157e0       ??1?$vector@PEAVAgent@RVO@@V?$allocator@PEAVAgent@RVO@@@std@@@std@@QEAA@XZ 00000001800167e0 f i KdTree.obj
 0001:00015820       ?_Reserve@?$vector@VAgentTreeNode@KdTree@RVO@@V?$allocator@VAgentTreeNode@KdTree@RVO@@@std@@@std@@IEAAX_K@Z 0000000180016820 f i KdTree.obj
 0001:000158f0       ?deallocate@?$_Wrap_alloc@V?$allocator@VAgentTreeNode@KdTree@RVO@@@std@@@std@@QEAAXPEAVAgentTreeNode@KdTree@RVO@@_K@Z 00000001800168f0 f i KdTree.obj
 0001:00015960       ?_Reallocate@?$vector@VAgentTreeNode@KdTree@RVO@@V?$allocator@VAgentTreeNode@KdTree@RVO@@@std@@@std@@IEAAX_K@Z 0000000180016960 f i KdTree.obj
 0001:00015a80       ??0RVOSimulator@RVO@@QEAA@XZ 0000000180016a80 f   RVOSimulator.obj
 0001:00015b00       ??0RVOSimulator@RVO@@QEAA@MM_KMMMMAEBVVector2@1@@Z 0000000180016b00 f   RVOSimulator.obj
 0001:00015c70       ??1RVOSimulator@RVO@@QEAA@XZ 0000000180016c70 f   RVOSimulator.obj
 0001:00015ea0       ?addAgent@RVOSimulator@RVO@@QEAA_KAEBVVector2@2@@Z 0000000180016ea0 f   RVOSimulator.obj
 0001:00016040       ?addAgent@RVOSimulator@RVO@@QEAA_KAEBVVector2@2@M_KMMMM0@Z 0000000180017040 f   RVOSimulator.obj
 0001:000161e0       ?addObstacle@RVOSimulator@RVO@@QEAA_KAEBV?$vector@VVector2@RVO@@V?$allocator@VVector2@RVO@@@std@@@std@@@Z 00000001800171e0 f   RVOSimulator.obj
 0001:000164c0       ?doStep@RVOSimulator@RVO@@QEAAXXZ 00000001800174c0 f   RVOSimulator.obj
 0001:00016520       ?setAgentDefaults@RVOSimulator@RVO@@QEAAXM_KMMMMAEBVVector2@2@@Z 0000000180017520 f   RVOSimulator.obj
 0001:0001667c       __imp_load_?Global@Context@v8@@QEAA?AV?$Local@VObject@v8@@@2@XZ 000000018001767c f   node:node.exe
 0001:00016688       __tailMerge_node_exe       0000000180017688 f i node:node.exe
 0001:00016701       __imp_load_?Value@External@v8@@QEBAPEAXXZ 0000000180017701 f   node:node.exe
 0001:0001670d       __imp_load_?New@External@v8@@SA?AV?$Local@VExternal@v8@@@2@PEAVIsolate@2@PEAX@Z 000000018001770d f   node:node.exe
 0001:00016719       __imp_load_?NewFromUnsigned@Integer@v8@@SA?AV?$Local@VInteger@v8@@@2@PEAVIsolate@2@I@Z 0000000180017719 f   node:node.exe
 0001:00016725       __imp_load_?New@Integer@v8@@SA?AV?$Local@VInteger@v8@@@2@PEAVIsolate@2@H@Z 0000000180017725 f   node:node.exe
 0001:00016731       __imp_load_?ReportExternalAllocationLimitReached@Isolate@v8@@AEAAXXZ 0000000180017731 f   node:node.exe
 0001:0001673d       __imp_load_?ThrowException@Isolate@v8@@QEAA?AV?$Local@VValue@v8@@@2@V32@@Z 000000018001773d f   node:node.exe
 0001:00016749       __imp_load_?GetCurrentContext@Isolate@v8@@QEAA?AV?$Local@VContext@v8@@@2@XZ 0000000180017749 f   node:node.exe
 0001:00016755       __imp_load_?GetCurrent@Isolate@v8@@SAPEAV12@XZ 0000000180017755 f   node:node.exe
 0001:00016761       __imp_load_?CreateHandle@HandleScope@v8@@KAPEAPEAVObject@internal@2@PEAVIsolate@42@PEAV342@@Z 0000000180017761 f   node:node.exe
 0001:0001676d       __imp_load_??1HandleScope@v8@@QEAA@XZ 000000018001776d f   node:node.exe
 0001:00016779       __imp_load_??0HandleScope@v8@@QEAA@PEAVIsolate@1@@Z 0000000180017779 f   node:node.exe
 0001:00016785       __imp_load_?Set@Template@v8@@QEAAXV?$Local@VName@v8@@@2@V?$Local@VData@v8@@@2@W4PropertyAttribute@2@@Z 0000000180017785 f   node:node.exe
 0001:00016791       __imp_load_?Error@Exception@v8@@SA?AV?$Local@VValue@v8@@@2@V?$Local@VString@v8@@@2@@Z 0000000180017791 f   node:node.exe
 0001:0001679d       __imp_load_?SetHiddenPrototype@FunctionTemplate@v8@@QEAAX_N@Z 000000018001779d f   node:node.exe
 0001:000167a9       __imp_load_?SetClassName@FunctionTemplate@v8@@QEAAXV?$Local@VString@v8@@@2@@Z 00000001800177a9 f   node:node.exe
 0001:000167b5       __imp_load_?PrototypeTemplate@FunctionTemplate@v8@@QEAA?AV?$Local@VObjectTemplate@v8@@@2@XZ 00000001800177b5 f   node:node.exe
 0001:000167c1       __imp_load_?Inherit@FunctionTemplate@v8@@QEAAXV?$Local@VFunctionTemplate@v8@@@2@@Z 00000001800177c1 f   node:node.exe
 0001:000167cd       __imp_load_?InstanceTemplate@FunctionTemplate@v8@@QEAA?AV?$Local@VObjectTemplate@v8@@@2@XZ 00000001800177cd f   node:node.exe
 0001:000167d9       __imp_load_?SetCallHandler@FunctionTemplate@v8@@QEAAXP6AXAEBV?$FunctionCallbackInfo@VValue@v8@@@2@@ZV?$Local@VValue@v8@@@2@PEAVFastAccessorBuilder@experimental@2@@Z 00000001800177d9 f   node:node.exe
 0001:000167e5       __imp_load_?GetFunction@FunctionTemplate@v8@@QEAA?AV?$Local@VFunction@v8@@@2@XZ 00000001800177e5 f   node:node.exe
 0001:000167f1       __imp_load_?New@FunctionTemplate@v8@@SA?AV?$Local@VFunctionTemplate@v8@@@2@PEAVIsolate@2@P6AXAEBV?$FunctionCallbackInfo@VValue@v8@@@2@@ZV?$Local@VValue@v8@@@2@V?$Local@VSignature@v8@@@2@H@Z 00000001800177f1 f   node:node.exe
 0001:000167fd       __imp_load_?ClearWeak@V8@v8@@CAPEAXPEAPEAVObject@internal@2@@Z 00000001800177fd f   node:node.exe
 0001:00016809       __imp_load_?MakeWeak@V8@v8@@CAXPEAPEAVObject@internal@2@PEAXP6AXAEBV?$WeakCallbackData@VValue@v8@@X@2@@Z@Z 0000000180017809 f   node:node.exe
 0001:00016815       __imp_load_?DisposeGlobal@V8@v8@@CAXPEAPEAVObject@internal@2@@Z 0000000180017815 f   node:node.exe
 0001:00016821       __imp_load_?GlobalizeReference@V8@v8@@CAPEAPEAVObject@internal@2@PEAVIsolate@42@PEAPEAV342@@Z 0000000180017821 f   node:node.exe
 0001:0001682d       __imp_load_?IntegerValue@Value@v8@@QEBA_JXZ 000000018001782d f   node:node.exe
 0001:00016839       __imp_load_?NumberValue@Value@v8@@QEBANXZ 0000000180017839 f   node:node.exe
 0001:00016845       __imp_load_?BooleanValue@Value@v8@@QEBA_NXZ 0000000180017845 f   node:node.exe
 0001:00016851       __imp_load_?IsNumber@Value@v8@@QEBA_NXZ 0000000180017851 f   node:node.exe
 0001:0001685d       __imp_load_?IsBoolean@Value@v8@@QEBA_NXZ 000000018001785d f   node:node.exe
 0001:00016869       __imp_load_?IsObject@Value@v8@@QEBA_NXZ 0000000180017869 f   node:node.exe
 0001:00016875       __imp_load_?Escape@EscapableHandleScope@v8@@AEAAPEAPEAVObject@internal@2@PEAPEAV342@@Z 0000000180017875 f   node:node.exe
 0001:00016881       __imp_load_??0EscapableHandleScope@v8@@QEAA@PEAVIsolate@1@@Z 0000000180017881 f   node:node.exe
 0001:0001688d       __imp_load_?NewFromUtf8@String@v8@@SA?AV?$Local@VString@v8@@@2@PEAVIsolate@2@PEBDW4NewStringType@12@H@Z 000000018001788d f   node:node.exe
 0001:00016899       __imp_load_?WriteUtf8@String@v8@@QEBAHPEADHPEAHH@Z 0000000180017899 f   node:node.exe
 0001:000168a5       __imp_load_?New@Number@v8@@SA?AV?$Local@VNumber@v8@@@2@PEAVIsolate@2@N@Z 00000001800178a5 f   node:node.exe
 0001:000168b1       __imp_load_?SlowGetAlignedPointerFromInternalField@Object@v8@@AEAAPEAXH@Z 00000001800178b1 f   node:node.exe
 0001:000168bd       __imp_load_?GetHiddenValue@Object@v8@@QEAA?AV?$Local@VValue@v8@@@2@V?$Local@VString@v8@@@2@@Z 00000001800178bd f   node:node.exe
 0001:000168c9       __imp_load_?SetHiddenValue@Object@v8@@QEAA_NV?$Local@VString@v8@@@2@V?$Local@VValue@v8@@@2@@Z 00000001800178c9 f   node:node.exe
 0001:000168d5       __imp_load_?SetAlignedPointerInInternalField@Object@v8@@QEAAXHPEAX@Z 00000001800178d5 f   node:node.exe
 0001:000168e1       __imp_load_?InternalFieldCount@Object@v8@@QEAAHXZ 00000001800178e1 f   node:node.exe
 0001:000168ed       __imp_load_?SetAccessor@Object@v8@@QEAA_NV?$Local@VString@v8@@@2@P6AX0AEBV?$PropertyCallbackInfo@VValue@v8@@@2@@ZP6AX0V?$Local@VValue@v8@@@2@AEBV?$PropertyCallbackInfo@X@2@@Z3W4AccessControl@2@W4PropertyAttribute@2@@Z 00000001800178ed f   node:node.exe
 0001:000168f9       __imp_load_?Set@Object@v8@@QEAA_NV?$Local@VValue@v8@@@2@0@Z 00000001800178f9 f   node:node.exe
 0001:00016905       __imp_load_?SetInternalFieldCount@ObjectTemplate@v8@@QEAAXH@Z 0000000180017905 f   node:node.exe
 0001:00016911       __imp_load_?SetAccessor@ObjectTemplate@v8@@QEAAXV?$Local@VString@v8@@@2@P6AX0AEBV?$PropertyCallbackInfo@VValue@v8@@@2@@ZP6AX0V?$Local@VValue@v8@@@2@AEBV?$PropertyCallbackInfo@X@2@@Z3W4AccessControl@2@W4PropertyAttribute@2@V?$Local@VAccessorSignature@v8@@@2@@Z 0000000180017911 f   node:node.exe
 0001:0001691d       __imp_load_?NewInstance@ObjectTemplate@v8@@QEAA?AV?$Local@VObject@v8@@@2@XZ 000000018001791d f   node:node.exe
 0001:00016929       __imp_load_node_module_register 0000000180017929 f   node:node.exe
 0001:00016935       __imp_load_?ToObject@Value@v8@@QEBA?AV?$Local@VObject@v8@@@2@XZ 0000000180017935 f   node:node.exe
 0001:00016941       __imp_load_??1EscapableHandleScope@v8@@QEAA@XZ 0000000180017941 f   node:node.exe
 0001:00016950       ??0bad_alloc@std@@QEAA@AEBV01@@Z 0000000180017950 f i libcpmt:xthrow.obj
 0001:00016990       ??0bad_alloc@std@@QEAA@XZ  0000000180017990 f i libcpmt:xthrow.obj
 0001:000169b0       ??0exception@std@@QEAA@AEBV01@@Z 00000001800179b0 f i libcpmt:xthrow.obj
 0001:000169e8       ??0length_error@std@@QEAA@AEBV01@@Z 00000001800179e8 f i libcpmt:xthrow.obj
 0001:00016a28       ??0length_error@std@@QEAA@PEBD@Z 0000000180017a28 f i libcpmt:xthrow.obj
 0001:00016a74       ?_Xlength_error@std@@YAXPEBD@Z 0000000180017a74 f   libcpmt:xthrow.obj
 0001:00016a98       ?what@exception@std@@UEBAPEBDXZ 0000000180017a98 f i libcpmt:xthrow.obj
 0001:00016ac0       __security_check_cookie    0000000180017ac0 f   LIBCMT:_amdsecgs_.obj
 0001:00016ae4       ??2@YAPEAX_K@Z             0000000180017ae4 f   LIBCMT:new_scalar.obj
 0001:00016b20       __scrt_acquire_startup_lock 0000000180017b20 f   LIBCMT:utility.obj
 0001:00016b5c       __scrt_dllmain_after_initialize_c 0000000180017b5c f   LIBCMT:utility.obj
 0001:00016b90       __scrt_dllmain_before_initialize_c 0000000180017b90 f   LIBCMT:utility.obj
 0001:00016ba8       __scrt_dllmain_crt_thread_attach 0000000180017ba8 f   LIBCMT:utility.obj
 0001:00016bd0       __scrt_dllmain_crt_thread_detach 0000000180017bd0 f   LIBCMT:utility.obj
 0001:00016be8       __scrt_dllmain_exception_filter 0000000180017be8 f   LIBCMT:utility.obj
 0001:00016c4c       __scrt_dllmain_uninitialize_c 0000000180017c4c f   LIBCMT:utility.obj
 0001:00016c7c       __scrt_dllmain_uninitialize_critical 0000000180017c7c f   LIBCMT:utility.obj
 0001:00016c90       __scrt_initialize_crt      0000000180017c90 f   LIBCMT:utility.obj
 0001:00016cdc       __scrt_initialize_onexit_tables 0000000180017cdc f   LIBCMT:utility.obj
 0001:00016da8       __scrt_is_nonwritable_in_current_image 0000000180017da8 f   LIBCMT:utility.obj
 0001:00016e44       __scrt_release_startup_lock 0000000180017e44 f   LIBCMT:utility.obj
 0001:00016e68       __scrt_uninitialize_crt    0000000180017e68 f   LIBCMT:utility.obj
 0001:00016e94       _onexit                    0000000180017e94 f   LIBCMT:utility.obj
 0001:00016ee4       atexit                     0000000180017ee4 f   LIBCMT:utility.obj
 0001:00016efc       ??3@YAXPEAX@Z              0000000180017efc f   LIBCMT:delete_scalar.obj
 0001:00016f04       ??3@YAXPEAX_K@Z            0000000180017f04 f   LIBCMT:delete_scalar_size.obj
 0001:00016f0c       ??_Gtype_info@@UEAAPEAXI@Z 0000000180017f0c f i LIBCMT:std_type_info_static.obj
 0001:00016f0c       ??_Etype_info@@UEAAPEAXI@Z 0000000180017f0c f i LIBCMT:std_type_info_static.obj
 0001:00017284       _DllMainCRTStartup         0000000180018284 f   LIBCMT:dll_dllmain.obj
 0001:000172c4       __raise_securityfailure    00000001800182c4 f   LIBCMT:gs_report.obj
 0001:000172f8       __report_gsfailure         00000001800182f8 f   LIBCMT:gs_report.obj
 0001:000173cc       __report_rangecheckfailure 00000001800183cc f   LIBCMT:gs_report.obj
 0001:000173e0       __report_securityfailure   00000001800183e0 f   LIBCMT:gs_report.obj
 0001:00017560       ??0bad_array_new_length@std@@QEAA@AEBV01@@Z 0000000180018560 f i LIBCMT:throw_bad_alloc.obj
 0001:000175a0       ??0bad_array_new_length@std@@QEAA@XZ 00000001800185a0 f i LIBCMT:throw_bad_alloc.obj
 0001:000175c0       ?_Xbad_alloc@std@@YAXXZ    00000001800185c0 f   libcpmt:xthrow.obj
 0001:000175c0       ?__scrt_throw_std_bad_alloc@@YAXXZ 00000001800185c0 f   LIBCMT:throw_bad_alloc.obj
 0001:000175e0       ?__scrt_throw_std_bad_array_new_length@@YAXXZ 00000001800185e0 f   LIBCMT:throw_bad_alloc.obj
 0001:00017600       __isa_available_init       0000000180018600 f   LIBCMT:_cpu_disp_.obj
 0001:000177c8       __scrt_is_ucrt_dll_in_use  00000001800187c8 f   LIBCMT:ucrt_detection.obj
 0001:000177d4       __crt_debugger_hook        00000001800187d4 f   LIBCMT:utility_desktop.obj
 0001:000177dc       __scrt_fastfail            00000001800187dc f   LIBCMT:utility_desktop.obj
 0001:00017924       _guard_check_icall         0000000180018924 f i LIBCMT:checkcfg.obj
 0001:0001792c       __security_init_cookie     000000018001892c f   LIBCMT:gs_support.obj
 0001:000179d8       _get_startup_argv_mode     00000001800189d8 f   LIBCMT:argv_mode.obj
 0001:000179d8       DllMain                    00000001800189d8 f   LIBCMT:dll_dllmain_stub.obj
 0001:000179e0       ?__scrt_initialize_type_info@@YAXXZ 00000001800189e0 f   LIBCMT:tncleanup.obj
 0001:000179f0       ?__scrt_uninitialize_type_info@@YAXXZ 00000001800189f0 f   LIBCMT:tncleanup.obj
 0001:000179fc       __local_stdio_scanf_options 00000001800189fc f i LIBCMT:default_local_stdio_options.obj
 0001:00017a04       __scrt_initialize_default_local_stdio_options 0000000180018a04 f   LIBCMT:default_local_stdio_options.obj
 0001:00017a20       __scrt_get_dyn_tls_init_callback 0000000180018a20 f   LIBCMT:dyn_tls_init.obj
 0001:00017a28       _RTC_Initialize            0000000180018a28 f   LIBCMT:_initsect_.obj
 0001:00017a74       _RTC_Terminate             0000000180018a74 f   LIBCMT:_initsect_.obj
 0001:00017ad0       memcpy                     0000000180018ad0 f   libvcruntime:memcpy.obj
 0001:00017ad0       memmove                    0000000180018ad0 f   libvcruntime:memcpy.obj
 0001:00017f08       __DestructExceptionObject  0000000180018f08 f   libvcruntime:frame.obj
 0001:00017f90       ??0bad_exception@std@@QEAA@AEBV01@@Z 0000000180018f90 f i libvcruntime:frame.obj
 0001:00017fd0       ??0bad_exception@std@@QEAA@XZ 0000000180018fd0 f i libvcruntime:frame.obj
 0001:00017ff0       ??1bad_alloc@std@@UEAA@XZ  0000000180018ff0 f i libcpmt:xthrow.obj
 0001:00017ff0       ??1length_error@std@@UEAA@XZ 0000000180018ff0 f i libcpmt:xthrow.obj
 0001:00017ff0       ??1bad_array_new_length@std@@UEAA@XZ 0000000180018ff0 f i LIBCMT:throw_bad_alloc.obj
 0001:00017ff0       ??1bad_exception@std@@UEAA@XZ 0000000180018ff0 f i libvcruntime:frame.obj
 0001:00018004       ??_Gbad_exception@std@@UEAAPEAXI@Z 0000000180019004 f i libvcruntime:frame.obj
 0001:00018004       ??_Ebad_alloc@std@@UEAAPEAXI@Z 0000000180019004 f i libcpmt:xthrow.obj
 0001:00018004       ??_Gexception@std@@UEAAPEAXI@Z 0000000180019004 f i libcpmt:xthrow.obj
 0001:00018004       ??_Eexception@std@@UEAAPEAXI@Z 0000000180019004 f i libcpmt:xthrow.obj
 0001:00018004       ??_Elength_error@std@@UEAAPEAXI@Z 0000000180019004 f i libcpmt:xthrow.obj
 0001:00018004       ??_Ebad_array_new_length@std@@UEAAPEAXI@Z 0000000180019004 f i LIBCMT:throw_bad_alloc.obj
 0001:00018004       ??_Gbad_alloc@std@@UEAAPEAXI@Z 0000000180019004 f i libcpmt:xthrow.obj
 0001:00018004       ??_Glength_error@std@@UEAAPEAXI@Z 0000000180019004 f i libcpmt:xthrow.obj
 0001:00018004       ??_Gbad_array_new_length@std@@UEAAPEAXI@Z 0000000180019004 f i LIBCMT:throw_bad_alloc.obj
 0001:00018004       ??_Ebad_exception@std@@UEAAPEAXI@Z 0000000180019004 f i libvcruntime:frame.obj
 0001:000189a4       ?_CallMemberFunction0@@YAXPEAXP6AX0@Z@Z 00000001800199a4 f i libvcruntime:frame.obj
 0001:000189a8       ?_CallMemberFunction1@@YAXPEAXP6AX0@Z0@Z 00000001800199a8 f i libvcruntime:frame.obj
 0001:000189b4       ?_CallMemberFunction2@@YAXPEAXP6AX0@Z0H@Z 00000001800199b4 f i libvcruntime:frame.obj
 0001:000189c4       __AdjustPointer            00000001800199c4 f   libvcruntime:frame.obj
 0001:000189e8       __BuildCatchObject         00000001800199e8 f   libvcruntime:frame.obj
 0001:00018aac       __BuildCatchObjectHelper   0000000180019aac f   libvcruntime:frame.obj
 0001:00018c8c       __CxxCallCatchBlock        0000000180019c8c f   libvcruntime:frame.obj
 0001:00018e78       __FrameUnwindFilter        0000000180019e78 f   libvcruntime:frame.obj
 0001:00018ec4       __FrameUnwindToState       0000000180019ec4 f   libvcruntime:frame.obj
 0001:00019058       __InternalCxxFrameHandler  000000018001a058 f   libvcruntime:frame.obj
 0001:000192b0       __TypeMatch                000000018001a2b0 f   libvcruntime:frame.obj
 0001:000193f0       __std_terminate            000000018001a3f0 f   libvcruntime:frame.obj
 0001:000193fc       __std_exception_copy       000000018001a3fc f   libvcruntime:std_exception.obj
 0001:0001948c       __std_exception_destroy    000000018001a48c f   libvcruntime:std_exception.obj
 0001:000194b4       _CxxThrowException         000000018001a4b4 f   libvcruntime:throw.obj
 0001:0001958c       __vcrt_initialize          000000018001a58c f   libvcruntime:initialization.obj
 0001:000195c0       __vcrt_thread_attach       000000018001a5c0 f   libvcruntime:initialization.obj
 0001:000195d4       __vcrt_thread_detach       000000018001a5d4 f   libvcruntime:initialization.obj
 0001:000195e8       __vcrt_uninitialize        000000018001a5e8 f   libvcruntime:initialization.obj
 0001:00019608       __vcrt_uninitialize_critical 000000018001a608 f   libvcruntime:initialization.obj
 0001:00019618       __C_specific_handler       000000018001a618 f   libvcruntime:_chandler_.obj
 0001:00019830       memset                     000000018001a830 f   libvcruntime:memset.obj
 0001:000199d0       __std_type_info_compare    000000018001a9d0 f   libvcruntime:std_type_info.obj
 0001:000199f8       __std_type_info_destroy_list 000000018001a9f8 f   libvcruntime:std_type_info.obj
 0001:00019a24       __vcrt_freefls             000000018001aa24 f   libvcruntime:per_thread_data.obj
 0001:00019a44       __vcrt_freeptd             000000018001aa44 f   libvcruntime:per_thread_data.obj
 0001:00019a94       __vcrt_getptd              000000018001aa94 f   libvcruntime:per_thread_data.obj
 0001:00019ab0       __vcrt_getptd_noexit       000000018001aab0 f   libvcruntime:per_thread_data.obj
 0001:00019b68       __vcrt_initialize_ptd      000000018001ab68 f   libvcruntime:per_thread_data.obj
 0001:00019ba8       __vcrt_uninitialize_ptd    000000018001aba8 f   libvcruntime:per_thread_data.obj
 0001:00019bcc       ?__GetCurrentState@@YAHPEA_KPEAU_xDISPATCHER_CONTEXT@@PEBU_s_FuncInfo@@@Z 000000018001abcc f   libvcruntime:ehstate.obj
 0001:00019bf4       ?__GetUnwindTryBlock@@YAHPEA_KPEAU_xDISPATCHER_CONTEXT@@PEBU_s_FuncInfo@@@Z 000000018001abf4 f   libvcruntime:ehstate.obj
 0001:00019c20       ?__SetState@@YAXPEA_KPEAU_xDISPATCHER_CONTEXT@@PEBU_s_FuncInfo@@H@Z 000000018001ac20 f   libvcruntime:ehstate.obj
 0001:00019c2c       ?__SetUnwindTryBlock@@YAXPEA_KPEAU_xDISPATCHER_CONTEXT@@PEBU_s_FuncInfo@@H@Z 000000018001ac2c f   libvcruntime:ehstate.obj
 0001:00019c68       ?__StateFromControlPc@@YAHPEBU_s_FuncInfo@@PEAU_xDISPATCHER_CONTEXT@@@Z 000000018001ac68 f   libvcruntime:ehstate.obj
 0001:00019c70       ?__StateFromIp@@YAHPEBU_s_FuncInfo@@PEAU_xDISPATCHER_CONTEXT@@_J@Z 000000018001ac70 f   libvcruntime:ehstate.obj
 0001:00019cf0       _CallSettingFrame          000000018001acf0 f   libvcruntime:handlers.obj
 0001:00019d30       ?_ExecutionInCatch@@YAHPEAU_xDISPATCHER_CONTEXT@@PEBU_s_FuncInfo@@@Z 000000018001ad30 f   libvcruntime:trnsctrl.obj
 0001:00019da4       ?_GetEstablisherFrame@@YAPEA_KPEA_KPEAU_xDISPATCHER_CONTEXT@@PEBU_s_FuncInfo@@0@Z 000000018001ada4 f   libvcruntime:trnsctrl.obj
 0001:00019e70       ?_GetRangeOfTrysToCheck@@YAPEBU_s_TryBlockMapEntry@@PEA_KPEBU_s_FuncInfo@@HHPEAI2PEAU_xDISPATCHER_CONTEXT@@@Z 000000018001ae70 f   libvcruntime:trnsctrl.obj
 0001:00019f9c       ?__FrameUnwindToEmptyState@@YAXPEA_KPEAU_xDISPATCHER_CONTEXT@@PEBU_s_FuncInfo@@@Z 000000018001af9c f   libvcruntime:trnsctrl.obj
 0001:0001a030       ?__SehTransFilter@@YAHPEAU_EXCEPTION_POINTERS@@PEAUEHExceptionRecord@@PEA_KPEAU_CONTEXT@@PEAU_xDISPATCHER_CONTEXT@@PEBU_s_FuncInfo@@PEAH@Z 000000018001b030 f   libvcruntime:trnsctrl.obj
 0001:0001a0c8       _CallSETranslator          000000018001b0c8 f   libvcruntime:trnsctrl.obj
 0001:0001a120       _CreateFrameInfo           000000018001b120 f   libvcruntime:trnsctrl.obj
 0001:0001a15c       _FindAndUnlinkFrame        000000018001b15c f   libvcruntime:trnsctrl.obj
 0001:0001a1b4       _GetImageBase              000000018001b1b4 f   libvcruntime:trnsctrl.obj
 0001:0001a1c8       _GetThrowImageBase         000000018001b1c8 f   libvcruntime:trnsctrl.obj
 0001:0001a1dc       _IsExceptionObjectToBeDestroyed 000000018001b1dc f   libvcruntime:trnsctrl.obj
 0001:0001a20c       _SetImageBase              000000018001b20c f   libvcruntime:trnsctrl.obj
 0001:0001a224       _SetThrowImageBase         000000018001b224 f   libvcruntime:trnsctrl.obj
 0001:0001a23c       _UnwindNestedFrames        000000018001b23c f   libvcruntime:trnsctrl.obj
 0001:0001a360       __CxxFrameHandler3         000000018001b360 f   libvcruntime:trnsctrl.obj
 0001:0001a3f0       _local_unwind              000000018001b3f0 f   libvcruntime:_jmpuwind_.obj
 0001:0001a420       _NLG_Notify                000000018001b420 f   libvcruntime:_jmpuwind_.obj
 0001:0001a440       __NLG_Dispatch2            000000018001b440 f   libvcruntime:_jmpuwind_.obj
 0001:0001a450       __NLG_Return2              000000018001b450 f   libvcruntime:_jmpuwind_.obj
 0001:0001a454       __vcrt_initialize_locks    000000018001b454 f   libvcruntime:locks.obj
 0001:0001a49c       __vcrt_uninitialize_locks  000000018001b49c f   libvcruntime:locks.obj
 0001:0001a69c       __vcrt_FlsAlloc            000000018001b69c f   libvcruntime:winapi_downlevel.obj
 0001:0001a6f0       __vcrt_FlsFree             000000018001b6f0 f   libvcruntime:winapi_downlevel.obj
 0001:0001a744       __vcrt_FlsGetValue         000000018001b744 f   libvcruntime:winapi_downlevel.obj
 0001:0001a798       __vcrt_FlsSetValue         000000018001b798 f   libvcruntime:winapi_downlevel.obj
 0001:0001a800       __vcrt_InitializeCriticalSectionEx 000000018001b800 f   libvcruntime:winapi_downlevel.obj
 0001:0001a878       __vcrt_initialize_winapi_thunks 000000018001b878 f   libvcruntime:winapi_downlevel.obj
 0001:0001a8c4       __vcrt_uninitialize_winapi_thunks 000000018001b8c4 f   libvcruntime:winapi_downlevel.obj
 0001:0001a904       __vcrt_initialize_pure_virtual_call_handler 000000018001b904 f   libvcruntime:purevirt_data.obj
 0001:0001a928       __acrt_call_reportfault    000000018001b928 f   libucrt:invalid_parameter.obj
 0001:0001aa84       __acrt_initialize_invalid_parameter_handler 000000018001ba84 f   libucrt:invalid_parameter.obj
 0001:0001aa8c       _invalid_parameter         000000018001ba8c f   libucrt:invalid_parameter.obj
 0001:0001ab34       _invalid_parameter_noinfo  000000018001bb34 f   libucrt:invalid_parameter.obj
 0001:0001ab54       _invalid_parameter_noinfo_noreturn 000000018001bb54 f   libucrt:invalid_parameter.obj
 0001:0001ab84       _invoke_watson             000000018001bb84 f   libucrt:invalid_parameter.obj
 0001:0001abcc       _finite                    000000018001bbcc f   libucrt:_finite.obj
 0001:0001abf8       ??$?RV<lambda_7b91131dde12e1c3dfc74ff76b3f2eac>@@AEAV<lambda_dd75445284c072d0bd3768540cc698fa>@@V<lambda_16bc4ecb55b4718497c16bceaea2ceaf>@@@?$__crt_seh_guarded_call@H@@QEAAH$$QEAV<lambda_7b91131dde12e1c3dfc74ff76b3f2eac>@@AEAV<lambda_dd75445284c072d0bd3768540cc698fa>@@$$QEAV<lambda_16bc4ecb55b4718497c16bceaea2ceaf>@@@Z 000000018001bbf8 f i libucrt:output.obj
 0001:0001ac38       ??$ensure_buffer_is_big_enough@D@formatting_buffer@__crt_stdio_output@@QEAA_N_K@Z 000000018001bc38 f i libucrt:output.obj
 0001:0001ace4       ??$is_wide_character_specifier@D@__crt_stdio_output@@YA_N_KDW4length_modifier@0@@Z 000000018001bce4 f i libucrt:output.obj
 0001:0001ad14       ??$is_wide_character_specifier@_W@__crt_stdio_output@@YA_N_K_WW4length_modifier@0@@Z 000000018001bd14 f i libucrt:output.obj
 0001:0001ad58       ??$type_case_integer_parse_into_buffer@I@?$output_processor@DV?$string_output_adapter@D@__crt_stdio_output@@V?$standard_base@DV?$string_output_adapter@D@__crt_stdio_output@@@2@@__crt_stdio_output@@AEAAXII_N@Z 000000018001bd58 f i libucrt:output.obj
 0001:0001ad58       ??$type_case_integer_parse_into_buffer@I@?$output_processor@_WV?$string_output_adapter@_W@__crt_stdio_output@@V?$standard_base@_WV?$string_output_adapter@_W@__crt_stdio_output@@@2@@__crt_stdio_output@@AEAAXII_N@Z 000000018001bd58 f i libucrt:output.obj
 0001:0001ad58       ??$type_case_integer_parse_into_buffer@I@?$output_processor@_WV?$stream_output_adapter@_W@__crt_stdio_output@@V?$standard_base@_WV?$stream_output_adapter@_W@__crt_stdio_output@@@2@@__crt_stdio_output@@AEAAXII_N@Z 000000018001bd58 f i libucrt:output.obj
 0001:0001adf4       ??$type_case_integer_parse_into_buffer@_K@?$output_processor@_WV?$string_output_adapter@_W@__crt_stdio_output@@V?$standard_base@_WV?$string_output_adapter@_W@__crt_stdio_output@@@2@@__crt_stdio_output@@AEAAX_KI_N@Z 000000018001bdf4 f i libucrt:output.obj
 0001:0001adf4       ??$type_case_integer_parse_into_buffer@_K@?$output_processor@_WV?$stream_output_adapter@_W@__crt_stdio_output@@V?$standard_base@_WV?$stream_output_adapter@_W@__crt_stdio_output@@@2@@__crt_stdio_output@@AEAAX_KI_N@Z 000000018001bdf4 f i libucrt:output.obj
 0001:0001adf4       ??$type_case_integer_parse_into_buffer@_K@?$output_processor@DV?$string_output_adapter@D@__crt_stdio_output@@V?$standard_base@DV?$string_output_adapter@D@__crt_stdio_output@@@2@@__crt_stdio_output@@AEAAX_KI_N@Z 000000018001bdf4 f i libucrt:output.obj
 0001:0001ae90       ??$write_multiple_characters@V?$stream_output_adapter@_W@__crt_stdio_output@@D@__crt_stdio_output@@YAXAEBV?$stream_output_adapter@_W@0@DHQEAH@Z 000000018001be90 f i libucrt:output.obj
 0001:0001af20       ??$write_multiple_characters@V?$string_output_adapter@D@__crt_stdio_output@@D@__crt_stdio_output@@YAXAEBV?$string_output_adapter@D@0@DHQEAH@Z 000000018001bf20 f i libucrt:output.obj
 0001:0001af7c       ??$write_multiple_characters@V?$string_output_adapter@_W@__crt_stdio_output@@D@__crt_stdio_output@@YAXAEBV?$string_output_adapter@_W@0@DHQEAH@Z 000000018001bf7c f i libucrt:output.obj
 0001:0001afec       ??0?$output_processor@DV?$string_output_adapter@D@__crt_stdio_output@@V?$standard_base@DV?$string_output_adapter@D@__crt_stdio_output@@@2@@__crt_stdio_output@@QEAA@AEBV?$string_output_adapter@D@1@_KQEBDQEAU__crt_locale_pointers@@QEAD@Z 000000018001bfec f i libucrt:output.obj
 0001:0001b068       ??0?$output_processor@_WV?$stream_output_adapter@_W@__crt_stdio_output@@V?$standard_base@_WV?$stream_output_adapter@_W@__crt_stdio_output@@@2@@__crt_stdio_output@@QEAA@AEBV?$stream_output_adapter@_W@1@_KQEB_WQEAU__crt_locale_pointers@@QEAD@Z 000000018001c068 f i libucrt:output.obj
 0001:0001b068       ??0?$output_processor@_WV?$string_output_adapter@_W@__crt_stdio_output@@V?$standard_base@_WV?$string_output_adapter@_W@__crt_stdio_output@@@2@@__crt_stdio_output@@QEAA@AEBV?$string_output_adapter@_W@1@_KQEB_WQEAU__crt_locale_pointers@@QEAD@Z 000000018001c068 f i libucrt:output.obj
 0001:0001b0e8       ??0_LocaleUpdate@@QEAA@QEAU__crt_locale_pointers@@@Z 000000018001c0e8 f i libucrt:output.obj
 0001:0001b268       ?force_decimal_point@__crt_stdio_output@@YAXPEADQEAU__crt_locale_pointers@@@Z 000000018001c268 f i libucrt:output.obj
 0001:0001b2d8       ?parse_int_from_format_string@?$output_processor@DV?$string_output_adapter@D@__crt_stdio_output@@V?$standard_base@DV?$string_output_adapter@D@__crt_stdio_output@@@2@@__crt_stdio_output@@AEAA_NQEAH@Z 000000018001c2d8 f i libucrt:output.obj
 0001:0001b35c       ?parse_int_from_format_string@?$output_processor@_WV?$stream_output_adapter@_W@__crt_stdio_output@@V?$standard_base@_WV?$stream_output_adapter@_W@__crt_stdio_output@@@2@@__crt_stdio_output@@AEAA_NQEAH@Z 000000018001c35c f i libucrt:output.obj
 0001:0001b35c       ?parse_int_from_format_string@?$output_processor@_WV?$string_output_adapter@_W@__crt_stdio_output@@V?$standard_base@_WV?$string_output_adapter@_W@__crt_stdio_output@@@2@@__crt_stdio_output@@AEAA_NQEAH@Z 000000018001c35c f i libucrt:output.obj
 0001:0001b3dc       ?process@?$output_processor@DV?$string_output_adapter@D@__crt_stdio_output@@V?$standard_base@DV?$string_output_adapter@D@__crt_stdio_output@@@2@@__crt_stdio_output@@QEAAHXZ 000000018001c3dc f i libucrt:output.obj
 0001:0001b5e0       ?process@?$output_processor@_WV?$stream_output_adapter@_W@__crt_stdio_output@@V?$standard_base@_WV?$stream_output_adapter@_W@__crt_stdio_output@@@2@@__crt_stdio_output@@QEAAHXZ 000000018001c5e0 f i libucrt:output.obj
 0001:0001b858       ?process@?$output_processor@_WV?$string_output_adapter@_W@__crt_stdio_output@@V?$standard_base@_WV?$string_output_adapter@_W@__crt_stdio_output@@@2@@__crt_stdio_output@@QEAAHXZ 000000018001c858 f i libucrt:output.obj
 0001:0001bad4       ?state_case_normal@?$output_processor@DV?$string_output_adapter@D@__crt_stdio_output@@V?$standard_base@DV?$string_output_adapter@D@__crt_stdio_output@@@2@@__crt_stdio_output@@AEAA_NXZ 000000018001cad4 f i libucrt:output.obj
 0001:0001bb48       ?state_case_normal_tchar@?$output_processor@DV?$string_output_adapter@D@__crt_stdio_output@@V?$standard_base@DV?$string_output_adapter@D@__crt_stdio_output@@@2@@__crt_stdio_output@@AEAA_ND@Z 000000018001cb48 f i libucrt:output.obj
 0001:0001bbe0       ?state_case_size@?$output_processor@DV?$string_output_adapter@D@__crt_stdio_output@@V?$standard_base@DV?$string_output_adapter@D@__crt_stdio_output@@@2@@__crt_stdio_output@@AEAA_NXZ 000000018001cbe0 f i libucrt:output.obj
 0001:0001bd5c       ?state_case_size@?$output_processor@_WV?$stream_output_adapter@_W@__crt_stdio_output@@V?$standard_base@_WV?$stream_output_adapter@_W@__crt_stdio_output@@@2@@__crt_stdio_output@@AEAA_NXZ 000000018001cd5c f i libucrt:output.obj
 0001:0001bf00       ?state_case_size@?$output_processor@_WV?$string_output_adapter@_W@__crt_stdio_output@@V?$standard_base@_WV?$string_output_adapter@_W@__crt_stdio_output@@@2@@__crt_stdio_output@@AEAA_NXZ 000000018001cf00 f i libucrt:output.obj
 0001:0001c0a4       ?state_case_type@?$output_processor@DV?$string_output_adapter@D@__crt_stdio_output@@V?$standard_base@DV?$string_output_adapter@D@__crt_stdio_output@@@2@@__crt_stdio_output@@AEAA_NXZ 000000018001d0a4 f i libucrt:output.obj
 0001:0001c320       ?state_case_type@?$output_processor@_WV?$stream_output_adapter@_W@__crt_stdio_output@@V?$standard_base@_WV?$stream_output_adapter@_W@__crt_stdio_output@@@2@@__crt_stdio_output@@AEAA_NXZ 000000018001d320 f i libucrt:output.obj
 0001:0001c5ec       ?state_case_type@?$output_processor@_WV?$string_output_adapter@_W@__crt_stdio_output@@V?$standard_base@_WV?$string_output_adapter@_W@__crt_stdio_output@@@2@@__crt_stdio_output@@AEAA_NXZ 000000018001d5ec f i libucrt:output.obj
 0001:0001c8b8       ?type_case_Z@?$output_processor@DV?$string_output_adapter@D@__crt_stdio_output@@V?$standard_base@DV?$string_output_adapter@D@__crt_stdio_output@@@2@@__crt_stdio_output@@AEAA_NXZ 000000018001d8b8 f i libucrt:output.obj
 0001:0001c938       ?type_case_Z@?$output_processor@_WV?$string_output_adapter@_W@__crt_stdio_output@@V?$standard_base@_WV?$string_output_adapter@_W@__crt_stdio_output@@@2@@__crt_stdio_output@@AEAA_NXZ 000000018001d938 f i libucrt:output.obj
 0001:0001c938       ?type_case_Z@?$output_processor@_WV?$stream_output_adapter@_W@__crt_stdio_output@@V?$standard_base@_WV?$stream_output_adapter@_W@__crt_stdio_output@@@2@@__crt_stdio_output@@AEAA_NXZ 000000018001d938 f i libucrt:output.obj
 0001:0001c9b8       ?type_case_a@?$output_processor@DV?$string_output_adapter@D@__crt_stdio_output@@V?$standard_base@DV?$string_output_adapter@D@__crt_stdio_output@@@2@@__crt_stdio_output@@AEAA_NXZ 000000018001d9b8 f i libucrt:output.obj
 0001:0001cbd4       ?type_case_a@?$output_processor@_WV?$stream_output_adapter@_W@__crt_stdio_output@@V?$standard_base@_WV?$stream_output_adapter@_W@__crt_stdio_output@@@2@@__crt_stdio_output@@AEAA_NXZ 000000018001dbd4 f i libucrt:output.obj
 0001:0001cbd4       ?type_case_a@?$output_processor@_WV?$string_output_adapter@_W@__crt_stdio_output@@V?$standard_base@_WV?$string_output_adapter@_W@__crt_stdio_output@@@2@@__crt_stdio_output@@AEAA_NXZ 000000018001dbd4 f i libucrt:output.obj
 0001:0001ce18       ?type_case_c_tchar@?$output_processor@DV?$string_output_adapter@D@__crt_stdio_output@@V?$standard_base@DV?$string_output_adapter@D@__crt_stdio_output@@@2@@__crt_stdio_output@@AEAA_ND@Z 000000018001de18 f i libucrt:output.obj
 0001:0001cecc       ?type_case_c_tchar@?$output_processor@_WV?$stream_output_adapter@_W@__crt_stdio_output@@V?$standard_base@_WV?$stream_output_adapter@_W@__crt_stdio_output@@@2@@__crt_stdio_output@@AEAA_N_W@Z 000000018001decc f i libucrt:output.obj
 0001:0001cecc       ?type_case_c_tchar@?$output_processor@_WV?$string_output_adapter@_W@__crt_stdio_output@@V?$standard_base@_WV?$string_output_adapter@_W@__crt_stdio_output@@@2@@__crt_stdio_output@@AEAA_N_W@Z 000000018001decc f i libucrt:output.obj
 0001:0001cf74       ?type_case_integer@?$output_processor@_WV?$string_output_adapter@_W@__crt_stdio_output@@V?$standard_base@_WV?$string_output_adapter@_W@__crt_stdio_output@@@2@@__crt_stdio_output@@AEAA_NI_N@Z 000000018001df74 f i libucrt:output.obj
 0001:0001cf74       ?type_case_integer@?$output_processor@DV?$string_output_adapter@D@__crt_stdio_output@@V?$standard_base@DV?$string_output_adapter@D@__crt_stdio_output@@@2@@__crt_stdio_output@@AEAA_NI_N@Z 000000018001df74 f i libucrt:output.obj
 0001:0001cf74       ?type_case_integer@?$output_processor@_WV?$stream_output_adapter@_W@__crt_stdio_output@@V?$standard_base@_WV?$stream_output_adapter@_W@__crt_stdio_output@@@2@@__crt_stdio_output@@AEAA_NI_N@Z 000000018001df74 f i libucrt:output.obj
 0001:0001d114       ?type_case_n@?$output_processor@_WV?$string_output_adapter@_W@__crt_stdio_output@@V?$standard_base@_WV?$string_output_adapter@_W@__crt_stdio_output@@@2@@__crt_stdio_output@@AEAA_NXZ 000000018001e114 f i libucrt:output.obj
 0001:0001d114       ?type_case_n@?$output_processor@_WV?$stream_output_adapter@_W@__crt_stdio_output@@V?$standard_base@_WV?$stream_output_adapter@_W@__crt_stdio_output@@@2@@__crt_stdio_output@@AEAA_NXZ 000000018001e114 f i libucrt:output.obj
 0001:0001d114       ?type_case_n@?$output_processor@DV?$string_output_adapter@D@__crt_stdio_output@@V?$standard_base@DV?$string_output_adapter@D@__crt_stdio_output@@@2@@__crt_stdio_output@@AEAA_NXZ 000000018001e114 f i libucrt:output.obj
 0001:0001d1f0       ?type_case_s@?$output_processor@DV?$string_output_adapter@D@__crt_stdio_output@@V?$standard_base@DV?$string_output_adapter@D@__crt_stdio_output@@@2@@__crt_stdio_output@@AEAA_NXZ 000000018001e1f0 f i libucrt:output.obj
 0001:0001d280       ?type_case_s@?$output_processor@_WV?$string_output_adapter@_W@__crt_stdio_output@@V?$standard_base@_WV?$string_output_adapter@_W@__crt_stdio_output@@@2@@__crt_stdio_output@@AEAA_NXZ 000000018001e280 f i libucrt:output.obj
 0001:0001d280       ?type_case_s@?$output_processor@_WV?$stream_output_adapter@_W@__crt_stdio_output@@V?$standard_base@_WV?$stream_output_adapter@_W@__crt_stdio_output@@@2@@__crt_stdio_output@@AEAA_NXZ 000000018001e280 f i libucrt:output.obj
 0001:0001d348       ?write_stored_string_tchar@?$output_processor@DV?$string_output_adapter@D@__crt_stdio_output@@V?$standard_base@DV?$string_output_adapter@D@__crt_stdio_output@@@2@@__crt_stdio_output@@AEAA_ND@Z 000000018001e348 f i libucrt:output.obj
 0001:0001d420       ?write_stored_string_tchar@?$output_processor@_WV?$stream_output_adapter@_W@__crt_stdio_output@@V?$standard_base@_WV?$stream_output_adapter@_W@__crt_stdio_output@@@2@@__crt_stdio_output@@AEAA_N_W@Z 000000018001e420 f i libucrt:output.obj
 0001:0001d50c       ?write_stored_string_tchar@?$output_processor@_WV?$string_output_adapter@_W@__crt_stdio_output@@V?$standard_base@_WV?$string_output_adapter@_W@__crt_stdio_output@@@2@@__crt_stdio_output@@AEAA_N_W@Z 000000018001e50c f i libucrt:output.obj
 0001:0001d5fc       ?write_string@?$stream_output_adapter@_W@__crt_stdio_output@@QEBAXQEB_WHQEAH1@Z 000000018001e5fc f i libucrt:output.obj
 0001:0001d708       ?write_string@?$string_output_adapter@D@__crt_stdio_output@@QEBAXQEBDHQEAH1@Z 000000018001e708 f i libucrt:output.obj
 0001:0001d7c4       ?write_string@?$string_output_adapter@_W@__crt_stdio_output@@QEBAXQEB_WHQEAH1@Z 000000018001e7c4 f i libucrt:output.obj
 0001:0001d884       __stdio_common_vfwprintf   000000018001e884 f   libucrt:output.obj
 0001:0001d910       __stdio_common_vsprintf    000000018001e910 f   libucrt:output.obj
 0001:0001db44       __stdio_common_vswprintf   000000018001eb44 f   libucrt:output.obj
 0001:0001e764       ??$ftprintf@PEAU_iobuf@@PEB_WAEBQEB_WAEBQEB_WAEBI@?$__crt_char_traits@_W@@SAH$$QEAPEAU_iobuf@@$$QEAPEB_WAEBQEB_W2AEBI@Z 000000018001f764 f i libucrt:assert.obj
 0001:0001e78c       _wassert                   000000018001f78c f   libucrt:assert.obj
 0001:0001e810       fwprintf                   000000018001f810 f i libucrt:assert.obj
 0001:0001e854       swprintf                   000000018001f854 f i libucrt:assert.obj
 0001:0001e8a8       __ascii_stricmp            000000018001f8a8 f   libucrt:stricmp.obj
 0001:0001e8e4       _stricmp                   000000018001f8e4 f   libucrt:stricmp.obj
 0001:0001e92c       _stricmp_l                 000000018001f92c f   libucrt:stricmp.obj
 0001:0001e9e0       __acrt_initialize_new_handler 000000018001f9e0 f   libucrt:new_handler.obj
 0001:0001e9e8       _callnewh                  000000018001f9e8 f   libucrt:new_handler.obj
 0001:0001ea28       _query_new_handler         000000018001fa28 f   libucrt:new_handler.obj
 0001:0001ea5c       malloc                     000000018001fa5c f   libucrt:malloc.obj
 0001:0001ea64       _seh_filter_dll            000000018001fa64 f   libucrt:exception_filter.obj
 0001:0001ea78       _seh_filter_exe            000000018001fa78 f   libucrt:exception_filter.obj
 0001:0001ee38       __acrt_initialize_thread_local_exit_callback 000000018001fe38 f   libucrt:exit.obj
 0001:0001ee40       _cexit                     000000018001fe40 f   libucrt:exit.obj
 0001:0001ee50       _exit                      000000018001fe50 f   libucrt:exit.obj
 0001:0001ee5c       _is_c_termination_complete 000000018001fe5c f   libucrt:exit.obj
 0001:0001f020       __acrt_allocate_buffer_for_argv 0000000180020020 f   libucrt:argv_parsing.obj
 0001:0001f084       _configure_narrow_argv     0000000180020084 f   libucrt:argv_parsing.obj
 0001:0001f3e0       __dcrt_uninitialize_environments_nolock 00000001800203e0 f   libucrt:environment_initialization.obj
 0001:0001f418       _initialize_narrow_environment 0000000180020418 f   libucrt:environment_initialization.obj
 0001:0001f420       ??$?RV<lambda_b8c45f8f788dd370798f47cfe8ac3a86>@@AEAV<lambda_4e60a939b0d047cfe11ddc22648dfba9>@@V<lambda_332c3edc96d0294ec56c57d38c1cdfd5>@@@?$__crt_seh_guarded_call@H@@QEAAH$$QEAV<lambda_b8c45f8f788dd370798f47cfe8ac3a86>@@AEAV<lambda_4e60a939b0d047cfe11ddc22648dfba9>@@$$QEAV<lambda_332c3edc96d0294ec56c57d38c1cdfd5>@@@Z 0000000180020420 f i libucrt:onexit.obj
 0001:0001f45c       ??$?RV<lambda_e24bbb7b643b32fcea6fa61b31d4c984>@@AEAV<lambda_275893d493268fdec8709772e3fcec0e>@@V<lambda_9d71df4d7cf3f480f8d633942495c3b0>@@@?$__crt_seh_guarded_call@H@@QEAAH$$QEAV<lambda_e24bbb7b643b32fcea6fa61b31d4c984>@@AEAV<lambda_275893d493268fdec8709772e3fcec0e>@@$$QEAV<lambda_9d71df4d7cf3f480f8d633942495c3b0>@@@Z 000000018002045c f i libucrt:onexit.obj
 0001:0001f7d8       _crt_atexit                00000001800207d8 f   libucrt:onexit.obj
 0001:0001f7e8       _execute_onexit_table      00000001800207e8 f   libucrt:onexit.obj
 0001:0001f824       _initialize_onexit_table   0000000180020824 f   libucrt:onexit.obj
 0001:0001f864       _register_onexit_function  0000000180020864 f   libucrt:onexit.obj
 0001:0001f9e0       __acrt_uninitialize_command_line 00000001800209e0 f   libucrt:argv_data.obj
 0001:0001f9e4       __acrt_initialize          00000001800209e4 f   libucrt:initialization.obj
 0001:0001f9f8       __acrt_thread_attach       00000001800209f8 f   libucrt:initialization.obj
 0001:0001fa0c       __acrt_thread_detach       0000000180020a0c f   libucrt:initialization.obj
 0001:0001fa1c       __acrt_uninitialize        0000000180020a1c f   libucrt:initialization.obj
 0001:0001fa30       __acrt_uninitialize_critical 0000000180020a30 f   libucrt:initialization.obj
 0001:0001fa40       free                       0000000180020a40 f   libucrt:free.obj
 0001:0001fa48       _initterm                  0000000180020a48 f   libucrt:initterm.obj
 0001:0001fac0       _initterm_e                0000000180020ac0 f   libucrt:initterm.obj
 0001:0001fb0c       terminate                  0000000180020b0c f   libucrt:terminate.obj
 0001:0001fb34       strcpy_s                   0000000180020b34 f   libucrt:strcpy_s.obj
 0001:0001fb94       _free_base                 0000000180020b94 f   libucrt:free_base.obj
 0001:0001fbd4       _malloc_base               0000000180020bd4 f   libucrt:malloc_base.obj
 0001:0001fc34       abort                      0000000180020c34 f   libucrt:abort.obj
 0001:0001fc8c       _calloc_base               0000000180020c8c f   libucrt:calloc_base.obj
 0001:0001fd04       ??$is_overflow_condition@K@__crt_strtox@@YA_NIK@Z 0000000180020d04 f i libucrt:atox.obj
 0001:0001fd30       ??$parse_integer@KV?$c_string_character_source@D@__crt_strtox@@@__crt_strtox@@YAKQEAU__crt_locale_pointers@@V?$c_string_character_source@D@0@H_N@Z 0000000180020d30 f i libucrt:atox.obj
 0001:00020044       ??$parse_integer@KV?$c_string_character_source@_W@__crt_strtox@@@__crt_strtox@@YAKQEAU__crt_locale_pointers@@V?$c_string_character_source@_W@0@H_N@Z 0000000180021044 f i libucrt:atox.obj
 0001:00020718       ??$?RV<lambda_46352004c1216016012b18bd6f87e700>@@AEAV<lambda_3bd07e1a1191394380780325891bf33f>@@V<lambda_334532d3f185bcaa59b5be82d7d22bff>@@@?$__crt_seh_guarded_call@X@@QEAAX$$QEAV<lambda_46352004c1216016012b18bd6f87e700>@@AEAV<lambda_3bd07e1a1191394380780325891bf33f>@@$$QEAV<lambda_334532d3f185bcaa59b5be82d7d22bff>@@@Z 0000000180021718 f i libucrt:per_thread_data.obj
 0001:00020778       ??$?RV<lambda_5e887d1dcbef67a5eb4283622ba103bf>@@AEAV<lambda_4466841279450cc726390878d4a41900>@@V<lambda_341c25c0346d94847f1f3c463c57e077>@@@?$__crt_seh_guarded_call@X@@QEAAX$$QEAV<lambda_5e887d1dcbef67a5eb4283622ba103bf>@@AEAV<lambda_4466841279450cc726390878d4a41900>@@$$QEAV<lambda_341c25c0346d94847f1f3c463c57e077>@@@Z 0000000180021778 f i libucrt:per_thread_data.obj
 0001:000207c0       ??$?RV<lambda_72d1df2b273a38828b1ce30cbf4cdab5>@@AEAV<lambda_876a65b173b8412d3a47c70a915b0cf4>@@V<lambda_41932305e351933ebe8f8be3ed8bb5dc>@@@?$__crt_seh_guarded_call@X@@QEAAX$$QEAV<lambda_72d1df2b273a38828b1ce30cbf4cdab5>@@AEAV<lambda_876a65b173b8412d3a47c70a915b0cf4>@@$$QEAV<lambda_41932305e351933ebe8f8be3ed8bb5dc>@@@Z 00000001800217c0 f i libucrt:per_thread_data.obj
 0001:00020800       ??$?RV<lambda_fb3a7dec4e47f37f22dae91bb15c9095>@@AEAV<lambda_698284760c8add0bfb0756c19673e34b>@@V<lambda_dfb8eca1e75fef3034a8fb18dd509707>@@@?$__crt_seh_guarded_call@X@@QEAAX$$QEAV<lambda_fb3a7dec4e47f37f22dae91bb15c9095>@@AEAV<lambda_698284760c8add0bfb0756c19673e34b>@@$$QEAV<lambda_dfb8eca1e75fef3034a8fb18dd509707>@@@Z 0000000180021800 f i libucrt:per_thread_data.obj
 0001:00020a90       __acrt_freeptd             0000000180021a90 f   libucrt:per_thread_data.obj
 0001:00020ad4       __acrt_getptd              0000000180021ad4 f   libucrt:per_thread_data.obj
 0001:00020b68       __acrt_getptd_noexit       0000000180021b68 f   libucrt:per_thread_data.obj
 0001:00020c08       __acrt_initialize_ptd      0000000180021c08 f   libucrt:per_thread_data.obj
 0001:00020c44       __acrt_uninitialize_ptd    0000000180021c44 f   libucrt:per_thread_data.obj
 0001:00020c68       isdigit                    0000000180021c68 f i libucrt:_ctype.obj
 0001:00020d2c       _tolower_l                 0000000180021d2c f   libucrt:tolower_toupper.obj
 0001:00020e6c       tolower                    0000000180021e6c f   libucrt:tolower_toupper.obj
 0001:00020e98       __acrt_errno_from_os_error 0000000180021e98 f   libucrt:errno.obj
 0001:00020ee0       __acrt_errno_map_os_error  0000000180021ee0 f   libucrt:errno.obj
 0001:00020f30       __doserrno                 0000000180021f30 f   libucrt:errno.obj
 0001:00020f50       _errno                     0000000180021f50 f   libucrt:errno.obj
 0001:00020f70       ??$make_c_string_character_source@_WPEAPEA_W@__crt_strtox@@YA?AV?$c_string_character_source@_W@0@QEB_WQEAPEA_W@Z 0000000180021f70 f i libucrt:strtox.obj
 0001:00020f70       ??$make_c_string_character_source@DPEAPEAD@__crt_strtox@@YA?AV?$c_string_character_source@D@0@QEBDQEAPEAD@Z 0000000180021f70 f i libucrt:strtox.obj
 0001:00020f84       strtol                     0000000180021f84 f   libucrt:strtox.obj
 0001:00020fb4       wcstol                     0000000180021fb4 f   libucrt:strtox.obj
 0001:00020fe4       _mbtowc_l                  0000000180021fe4 f   libucrt:mbtowc.obj
 0001:0002112c       mbtowc                     000000018002212c f   libucrt:mbtowc.obj
 0001:00021134       _wctomb_s_l                0000000180022134 f   libucrt:wctomb.obj
 0001:000212b8       wctomb_s                   00000001800222b8 f   libucrt:wctomb.obj
 0001:000212cc       strnlen                    00000001800222cc f   libucrt:strnlen.obj
 0001:00021428       wcsnlen                    0000000180022428 f   libucrt:strnlen.obj
 0001:00021618       __acrt_update_locale_info  0000000180022618 f   libucrt:locale_update.obj
 0001:0002164c       __acrt_update_multibyte_info 000000018002264c f   libucrt:locale_update.obj
 0001:00021680       ?__acrt_fp_classify@@YA?AW4__acrt_fp_class@@AEBN@Z 0000000180022680 f i libucrt:cvt.obj
 0001:000220b8       __acrt_fp_format           00000001800230b8 f   libucrt:cvt.obj
 0001:000222fc       _fputwc_nolock             00000001800232fc f   libucrt:fputwc.obj
 0001:00022478       _fileno                    0000000180023478 f   libucrt:fileno.obj
 0001:000224a0       __acrt_initialize_stdio    00000001800234a0 f   libucrt:_file.obj
 0001:000225c0       __acrt_iob_func            00000001800235c0 f   libucrt:_file.obj
 0001:000225d4       __acrt_uninitialize_stdio  00000001800235d4 f   libucrt:_file.obj
 0001:00022630       _lock_file                 0000000180023630 f   libucrt:_file.obj
 0001:0002263c       _unlock_file               000000018002363c f   libucrt:_file.obj
 0001:00022648       _fputc_nolock              0000000180023648 f   libucrt:fputc.obj
 0001:00022660       _get_printf_count_output   0000000180023660 f   libucrt:printf_count_output.obj
 0001:00022678       __acrt_stdio_begin_temporary_buffering_nolock 0000000180023678 f   libucrt:_sftbuf.obj
 0001:00022748       __acrt_stdio_end_temporary_buffering_nolock 0000000180023748 f   libucrt:_sftbuf.obj
 0001:00022784       __acrt_set_locale_changed  0000000180023784 f   libucrt:wsetlocale.obj
 0001:00022790       __acrt_uninitialize_locale 0000000180023790 f   libucrt:wsetlocale.obj
 0001:000229c0       __acrt_initialize_lowio    00000001800239c0 f   libucrt:ioinit.obj
 0001:000229fc       __acrt_uninitialize_lowio  00000001800239fc f   libucrt:ioinit.obj
 0001:00022a3c       _query_app_type            0000000180023a3c f   libucrt:report_runtime_error.obj
 0001:00022b6c       _itow_s                    0000000180023b6c f   libucrt:xtoa.obj
 0001:00022b8c       _set_error_mode            0000000180023b8c f   libucrt:set_error_mode.obj
 0001:00022bcc       wcscat_s                   0000000180023bcc f   libucrt:wcscat_s.obj
 0001:00022c4c       wcscpy_s                   0000000180023c4c f   libucrt:wcscpy_s.obj
 0001:00022cb4       wcsncat_s                  0000000180023cb4 f   libucrt:wcsncat_s.obj
 0001:00022ddc       __acrt_show_wide_message_box 0000000180023ddc f   libucrt:crtmbox.obj
 0001:00022ef8       __acrt_stdio_flush_nolock  0000000180023ef8 f   libucrt:fflush.obj
 0001:00022f70       _fflush_nolock             0000000180023f70 f   libucrt:fflush.obj
 0001:00022fbc       _flushall                  0000000180023fbc f   libucrt:fflush.obj
 0001:000230ac       fflush                     00000001800240ac f   libucrt:fflush.obj
 0001:000230f0       ??$?RV<lambda_7a5ef57ff966f610505f1d28a3d40618>@@AEAV<lambda_b721fa326cdb32351d23dfa67958c160>@@V<lambda_5e0fb27672408a07956fe59e48ccb2aa>@@@?$__crt_seh_guarded_call@H@@QEAAH$$QEAV<lambda_7a5ef57ff966f610505f1d28a3d40618>@@AEAV<lambda_b721fa326cdb32351d23dfa67958c160>@@$$QEAV<lambda_5e0fb27672408a07956fe59e48ccb2aa>@@@Z 00000001800240f0 f i libucrt:setvbuf.obj
 0001:00023220       setvbuf                    0000000180024220 f   libucrt:setvbuf.obj
 0001:000232c0       ??$?RV<lambda_c36588078e9f5dfd39652860aa6b3aaf>@@AEAV<lambda_ec61778202f4f5fc7e7711acc23c3bca>@@V<lambda_dc9d2797ccde5d239b4a0efae8ebd7db>@@@?$__crt_seh_guarded_call@P6AXH@Z@@QEAAP6AXH@Z$$QEAV<lambda_c36588078e9f5dfd39652860aa6b3aaf>@@AEAV<lambda_ec61778202f4f5fc7e7711acc23c3bca>@@$$QEAV<lambda_dc9d2797ccde5d239b4a0efae8ebd7db>@@@Z 00000001800242c0 f i libucrt:signal.obj
 0001:00023308       __acrt_get_sigabrt_handler 0000000180024308 f   libucrt:signal.obj
 0001:00023338       __acrt_initialize_signal_handlers 0000000180024338 f   libucrt:signal.obj
 0001:00023358       raise                      0000000180024358 f   libucrt:signal.obj
 0001:000235f4       __acrt_initialize_locks    00000001800245f4 f   libucrt:locks.obj
 0001:0002363c       __acrt_lock                000000018002463c f   libucrt:locks.obj
 0001:00023658       __acrt_uninitialize_locks  0000000180024658 f   libucrt:locks.obj
 0001:00023690       __acrt_unlock              0000000180024690 f   libucrt:locks.obj
 0001:0002384c       __acrt_FlsAlloc            000000018002484c f   libucrt:winapi_thunks.obj
 0001:000238a4       __acrt_FlsFree             00000001800248a4 f   libucrt:winapi_thunks.obj
 0001:000238fc       __acrt_FlsGetValue         00000001800248fc f   libucrt:winapi_thunks.obj
 0001:00023954       __acrt_FlsSetValue         0000000180024954 f   libucrt:winapi_thunks.obj
 0001:000239bc       __acrt_InitializeCriticalSectionEx 00000001800249bc f   libucrt:winapi_thunks.obj
 0001:00023a34       __acrt_LCMapStringEx       0000000180024a34 f   libucrt:winapi_thunks.obj
 0001:00023b24       __acrt_LocaleNameToLCID    0000000180024b24 f   libucrt:winapi_thunks.obj
 0001:00023b8c       __acrt_MessageBoxW         0000000180024b8c f   libucrt:winapi_thunks.obj
 0001:00023c14       __acrt_can_show_message_box 0000000180024c14 f   libucrt:winapi_thunks.obj
 0001:00023c70       __acrt_get_parent_window   0000000180024c70 f   libucrt:winapi_thunks.obj
 0001:00023d00       __acrt_initialize_winapi_thunks 0000000180024d00 f   libucrt:winapi_thunks.obj
 0001:00023d38       __acrt_is_interactive      0000000180024d38 f   libucrt:winapi_thunks.obj
 0001:00023e0c       __acrt_is_packaged_app     0000000180024e0c f   libucrt:winapi_thunks.obj
 0001:00023e94       __acrt_uninitialize_winapi_thunks 0000000180024e94 f   libucrt:winapi_thunks.obj
 0001:000243b4       ?expand_if_necessary@?$argument_list@D@?A0xca0879c4@@AEAAHXZ 00000001800253b4 f i libucrt:argv_wildcards.obj
 0001:0002447c       __acrt_expand_narrow_argv_wildcards 000000018002547c f   libucrt:argv_wildcards.obj
 0001:00024484       ??$?RV<lambda_99476a1ad63dd22509b5d3e65b0ffc95>@@AEAV<lambda_ad1ced32f4ac17aa236e5ef05d6b3b7c>@@V<lambda_f7424dd8d45958661754dc4f2697e9c3>@@@?$__crt_seh_guarded_call@X@@QEAAX$$QEAV<lambda_99476a1ad63dd22509b5d3e65b0ffc95>@@AEAV<lambda_ad1ced32f4ac17aa236e5ef05d6b3b7c>@@$$QEAV<lambda_f7424dd8d45958661754dc4f2697e9c3>@@@Z 0000000180025484 f i libucrt:mbctype.obj
 0001:00024b80       __acrt_initialize_multibyte 0000000180025b80 f   libucrt:mbctype.obj
 0001:00024ba8       __acrt_update_thread_multibyte_data 0000000180025ba8 f   libucrt:mbctype.obj
 0001:00024c68       _setmbcp_nolock            0000000180025c68 f   libucrt:mbctype.obj
 0001:00024f88       _ismbblead                 0000000180025f88 f   libucrt:ismbbyte.obj
 0001:00024f9c       __acrt_initialize_command_line 0000000180025f9c f   libucrt:argv_data.obj
 0001:00024fc4       __dcrt_get_narrow_environment_from_os 0000000180025fc4 f   libucrt:get_environment_from_os.obj
 0001:000250c8       _recalloc                  00000001800260c8 f   libucrt:recalloc.obj
 0001:000250d0       _recalloc_base             00000001800260d0 f   libucrt:recalloc.obj
 0001:00025168       __acrt_initialize_heap     0000000180026168 f   libucrt:heap_handle.obj
 0001:00025184       __acrt_uninitialize_heap   0000000180026184 f   libucrt:heap_handle.obj
 0001:00025190       __acrt_execute_initializers 0000000180026190 f   libucrt:shared_initialization.obj
 0001:00025224       __acrt_execute_uninitializers 0000000180026224 f   libucrt:shared_initialization.obj
 0001:00025274       __acrt_has_user_matherr    0000000180026274 f   libucrt:matherr.obj
 0001:00025294       __acrt_initialize_user_matherr 0000000180026294 f   libucrt:matherr.obj
 0001:0002529c       __acrt_invoke_user_matherr 000000018002629c f   libucrt:matherr.obj
 0001:000252e4       _query_new_mode            00000001800262e4 f   libucrt:new_mode.obj
 0001:000252ec       __pctype_func              00000001800262ec f   libucrt:ctype.obj
 0001:0002531c       iswctype                   000000018002631c f   libucrt:iswctype.obj
 0001:0002538c       _isctype_l                 000000018002638c f   libucrt:isctype.obj
 0001:0002549c       __acrt_add_locale_ref      000000018002649c f   libucrt:locale_refcounting.obj
 0001:00025528       __acrt_free_locale         0000000180026528 f   libucrt:locale_refcounting.obj
 0001:000256a0       __acrt_locale_add_lc_time_reference 00000001800266a0 f   libucrt:locale_refcounting.obj
 0001:000256c8       __acrt_locale_free_lc_time_if_unreferenced 00000001800266c8 f   libucrt:locale_refcounting.obj
 0001:00025700       __acrt_locale_release_lc_time_reference 0000000180026700 f   libucrt:locale_refcounting.obj
 0001:00025728       __acrt_release_locale_ref  0000000180026728 f   libucrt:locale_refcounting.obj
 0001:000257d0       __acrt_update_thread_locale_data 00000001800267d0 f   libucrt:locale_refcounting.obj
 0001:00025840       _updatetlocinfoEx_nolock   0000000180026840 f   libucrt:locale_refcounting.obj
 0001:000258a8       _isleadbyte_l              00000001800268a8 f i libucrt:_wctype.obj
 0001:00025c44       __acrt_LCMapStringA        0000000180026c44 f   libucrt:lcmapstringa.obj
 0001:00025cdc       __acrt_fp_strflt_to_string 0000000180026cdc f   libucrt:_fptostr.obj
 0001:00025da0       ?divide@__crt_strtox@@YA_KAEAUbig_integer@1@AEBU21@@Z 0000000180026da0 f i libucrt:cfout.obj
 0001:00026270       __acrt_fltout              0000000180027270 f   libucrt:cfout.obj
 0001:00027874       __acrt_stdio_flush_and_write_narrow_nolock 0000000180028874 f   libucrt:_flsbuf.obj
 0001:0002795c       __acrt_stdio_flush_and_write_wide_nolock 000000018002895c f   libucrt:_flsbuf.obj
 0001:00027a48       _fcloseall                 0000000180028a48 f   libucrt:closeall.obj
 0001:00027afc       __acrt_stdio_free_buffer_nolock 0000000180028afc f   libucrt:_freebuf.obj
 0001:00027b3c       _isatty                    0000000180028b3c f   libucrt:isatty.obj
 0001:00027b9c       __acrt_locale_free_monetary 0000000180028b9c f   libucrt:initmon.obj
 0001:00027ca8       __acrt_locale_free_numeric 0000000180028ca8 f   libucrt:initnum.obj
 0001:00027d6c       __acrt_locale_free_time    0000000180028d6c f   libucrt:inittime.obj
 0001:00027e74       __acrt_GetStringTypeA      0000000180028e74 f   libucrt:getstringtypea.obj
 0001:00028028       __acrt_lowio_create_handle_array 0000000180029028 f   libucrt:osfinfo.obj
 0001:000280c0       __acrt_lowio_destroy_handle_array 00000001800290c0 f   libucrt:osfinfo.obj
 0001:00028110       __acrt_lowio_ensure_fh_exists 0000000180029110 f   libucrt:osfinfo.obj
 0001:000281c8       __acrt_lowio_lock_fh       00000001800291c8 f   libucrt:osfinfo.obj
 0001:000281ec       __acrt_lowio_unlock_fh     00000001800291ec f   libucrt:osfinfo.obj
 0001:00028210       _free_osfhnd               0000000180029210 f   libucrt:osfinfo.obj
 0001:000282cc       _get_osfhandle             00000001800292cc f   libucrt:osfinfo.obj
 0001:00028344       ??$?RV<lambda_b521505b218e5242e90febf6bfebc422>@@AEAV<lambda_6978c1fb23f02e42e1d9e99668cc68aa>@@V<lambda_314360699dd331753a4119843814e9a7>@@@?$__crt_seh_guarded_call@H@@QEAAH$$QEAV<lambda_b521505b218e5242e90febf6bfebc422>@@AEAV<lambda_6978c1fb23f02e42e1d9e99668cc68aa>@@$$QEAV<lambda_314360699dd331753a4119843814e9a7>@@@Z 0000000180029344 f i libucrt:commit.obj
 0001:000283d0       _commit                    00000001800293d0 f   libucrt:commit.obj
 0001:00028a04       _write                     0000000180029a04 f   libucrt:write.obj
 0001:00028af0       _write_nolock              0000000180029af0 f   libucrt:write.obj
 0001:00028e9c       __acrt_DownlevelLocaleNameToLCID 0000000180029e9c f   libucrt:lcidtoname_downlevel.obj
 0001:00028fa0       qsort                      0000000180029fa0 f   libucrt:qsort.obj
 0001:000292d4       strncpy_s                  000000018002a2d4 f   libucrt:strncpy_s.obj
 0001:000293a8       strpbrk                    000000018002a3a8 f   libucrt:strpbrk.obj
 0001:00029448       _mbsdec                    000000018002a448 f   libucrt:mbsdec.obj
 0001:00029450       _mbsdec_l                  000000018002a450 f   libucrt:mbsdec.obj
 0001:00029500       _msize                     000000018002a500 f   libucrt:msize.obj
 0001:0002953c       _realloc_base              000000018002a53c f   libucrt:realloc_base.obj
 0001:000295c0       __strncnt                  000000018002a5c0 f   libucrt:strncnt.obj
 0001:000295d8       fegetenv                   000000018002a5d8 f   libucrt:fegetenv.obj
 0001:000295f8       fesetenv                   000000018002a5f8 f   libucrt:fesetenv.obj
 0001:00029644       feholdexcept               000000018002a644 f   libucrt:feholdexcept.obj
 0001:00029694       ceil                       000000018002a694 f   libucrt:ceil.obj
 0001:00029760       log10                      000000018002a760 f   libucrt:log10.obj
 0001:00029e98       _lseeki64                  000000018002ae98 f   libucrt:lseek.obj
 0001:00029ea0       _lseeki64_nolock           000000018002aea0 f   libucrt:lseek.obj
 0001:00029ea8       __acrt_stdio_allocate_buffer_nolock 000000018002aea8 f   libucrt:_getbuf.obj
 0001:00029f0c       _fclose_nolock             000000018002af0c f   libucrt:fclose.obj
 0001:00029f90       fclose                     000000018002af90 f   libucrt:fclose.obj
 0001:00029ffc       _putwch_nolock             000000018002affc f   libucrt:putwch.obj
 0001:0002a058       _getfpcontrolword          000000018002b058 f   libucrt:_fenvutils.obj
 0001:0002a070       _getfpstatusword           000000018002b070 f   libucrt:_fenvutils.obj
 0001:0002a084       _setfpcontrolword          000000018002b084 f   libucrt:_fenvutils.obj
 0001:0002a090       _setfpstatusword           000000018002b090 f   libucrt:_fenvutils.obj
 0001:0002a0e0       _clearfp                   000000018002b0e0 f   libucrt:ieee.obj
 0001:0002a134       _controlfp                 000000018002b134 f   libucrt:ieee.obj
 0001:0002a140       _statusfp                  000000018002b140 f   libucrt:ieee.obj
 0001:0002a544       _handle_error              000000018002b544 f   libucrt:libm_error.obj
 0001:0002a66c       _handle_errorf             000000018002b66c f   libucrt:libm_error.obj
 0001:0002a7a0       _handle_nan                000000018002b7a0 f   libucrt:libm_error.obj
 0001:0002a7bc       _handle_nanf               000000018002b7bc f   libucrt:libm_error.obj
 0001:0002a7d0       __acrt_initialize_fma3     000000018002b7d0 f   libucrt:fma3_available.obj
 0001:0002a840       _log10_special             000000018002b840 f   libucrt:log_special.obj
 0001:0002a8f8       ??$?RV<lambda_bfedae4ebbf01fab1bb6dcc6a9e276e0>@@AEAV<lambda_2fe9b910cf3cbf4a0ab98a02ba45b3ec>@@V<lambda_237c231691f317818eb88cc1d5d642d6>@@@?$__crt_seh_guarded_call@H@@QEAAH$$QEAV<lambda_bfedae4ebbf01fab1bb6dcc6a9e276e0>@@AEAV<lambda_2fe9b910cf3cbf4a0ab98a02ba45b3ec>@@$$QEAV<lambda_237c231691f317818eb88cc1d5d642d6>@@@Z 000000018002b8f8 f i libucrt:close.obj
 0001:0002a96c       _close                     000000018002b96c f   libucrt:close.obj
 0001:0002aa10       _close_nolock              000000018002ba10 f   libucrt:close.obj
 0001:0002aacc       ?__acrt_stdio_free_stream@@YAXV__crt_stdio_stream@@@Z 000000018002bacc f   libucrt:stream.obj
 0001:0002ab10       __dcrt_lowio_initialize_console_output 000000018002bb10 f   libucrt:initcon.obj
 0001:0002ab4c       __dcrt_terminate_console_output 000000018002bb4c f   libucrt:initcon.obj
 0001:0002ab80       _get_fpsr                  000000018002bb80 f   libucrt:fpsr.obj
 0001:0002ab90       _set_fpsr                  000000018002bb90 f   libucrt:fpsr.obj
 0001:0002ab9a       _fclrf                     000000018002bb9a f   libucrt:fpsr.obj
 0001:0002abae       _frnd                      000000018002bbae f   libucrt:fpsr.obj
 0001:0002abd0       _raise_exc                 000000018002bbd0 f   libucrt:fpexcept.obj
 0001:0002abf8       _raise_exc_ex              000000018002bbf8 f   libucrt:fpexcept.obj
 0001:0002af00       _raise_excf                000000018002bf00 f   libucrt:fpexcept.obj
 0001:0002af2c       _set_errno_from_matherr    000000018002bf2c f   libucrt:fpexcept.obj
 0001:0002af5c       _clrfp                     000000018002bf5c f   libucrt:fpctrl.obj
 0001:0002af7c       _ctrlfp                    000000018002bf7c f   libucrt:fpctrl.obj
 0001:0002aff8       _set_statfp                000000018002bff8 f   libucrt:fpctrl.obj
 0001:0002b018       _statfp                    000000018002c018 f   libucrt:fpctrl.obj
 0001:0002b02a       IsProcessorFeaturePresent  000000018002c02a f   kernel32:KERNEL32.dll
 0001:0002b030       RtlUnwindEx                000000018002c030 f   kernel32:KERNEL32.dll
 0001:0002b038       ?DloadAcquireSectionWriteAccess@@YAXXZ 000000018002c038 f i DelayImp:delayhlp.obj
 0001:0002b0f4       ?DloadGetSRWLockFunctionPointers@@YAEXZ 000000018002c0f4 f i DelayImp:delayhlp.obj
 0001:0002b190       ?DloadMakePermanentImageCommit@@YAXPEAX_K@Z 000000018002c190 f i DelayImp:delayhlp.obj
 0001:0002b228       ?DloadObtainSection@@YAPEAXPEAK0@Z 000000018002c228 f i DelayImp:delayhlp.obj
 0001:0002b2c0       ?DloadProtectSection@@YAXKPEAK@Z 000000018002c2c0 f i DelayImp:delayhlp.obj
 0001:0002b350       ?DloadReleaseSectionWriteAccess@@YAXXZ 000000018002c350 f i DelayImp:delayhlp.obj
 0001:0002b3f4       __delayLoadHelper2         000000018002c3f4 f   DelayImp:delayhlp.obj
 0001:0002b6f0       _FindPESection             000000018002c6f0 f   LIBCMT:pesect.obj
 0001:0002b740       _IsNonwritableInCurrentImage 000000018002c740 f   LIBCMT:pesect.obj
 0001:0002b790       _ValidateImageBase         000000018002c790 f   LIBCMT:pesect.obj
 0001:0002b7c0       __GSHandlerCheck           000000018002c7c0 f   LIBCMT:_gshandler_.obj
 0001:0002b7e0       __GSHandlerCheckCommon     000000018002c7e0 f   LIBCMT:_gshandler_.obj
 0001:0002b850       __chkstk                   000000018002c850 f   LIBCMT:_chkstk_.obj
 0001:0002b850       _alloca_probe              000000018002c850 f   LIBCMT:_chkstk_.obj
 0001:0002b8a4       strrchr                    000000018002c8a4 f   libvcruntime:strrchr.obj
 0001:0002ba00       memcmp                     000000018002ca00 f   libvcruntime:memcmp.obj
 0001:0002bcae       _vcomp_for_static_end      000000018002ccae f   VCOMP:VCOMP140.DLL
 0001:0002bcb4       _vcomp_for_static_simple_init 000000018002ccb4 f   VCOMP:VCOMP140.DLL
 0001:0002bcba       _vcomp_fork                000000018002ccba f   VCOMP:VCOMP140.DLL
 0001:0002bcc0       sqrtf                      000000018002ccc0 f   libucrt:sqrtf.obj
 0001:0002bd80       _guard_dispatch_icall_nop  000000018002cd80 f   LIBCMT:_guard_dispatch_.obj
 0002:00000000       __imp_GetModuleHandleA     000000018002e000     kernel32:KERNEL32.dll
 0002:00000008       __imp_RtlCaptureContext    000000018002e008     kernel32:KERNEL32.dll
 0002:00000010       __imp_RtlLookupFunctionEntry 000000018002e010     kernel32:KERNEL32.dll
 0002:00000018       __imp_RtlVirtualUnwind     000000018002e018     kernel32:KERNEL32.dll
 0002:00000020       __imp_UnhandledExceptionFilter 000000018002e020     kernel32:KERNEL32.dll
 0002:00000028       __imp_SetUnhandledExceptionFilter 000000018002e028     kernel32:KERNEL32.dll
 0002:00000030       __imp_GetCurrentProcess    000000018002e030     kernel32:KERNEL32.dll
 0002:00000038       __imp_TerminateProcess     000000018002e038     kernel32:KERNEL32.dll
 0002:00000040       __imp_IsProcessorFeaturePresent 000000018002e040     kernel32:KERNEL32.dll
 0002:00000048       __imp_IsDebuggerPresent    000000018002e048     kernel32:KERNEL32.dll
 0002:00000050       __imp_GetStartupInfoW      000000018002e050     kernel32:KERNEL32.dll
 0002:00000058       __imp_GetModuleHandleW     000000018002e058     kernel32:KERNEL32.dll
 0002:00000060       __imp_QueryPerformanceCounter 000000018002e060     kernel32:KERNEL32.dll
 0002:00000068       __imp_GetCurrentProcessId  000000018002e068     kernel32:KERNEL32.dll
 0002:00000070       __imp_GetCurrentThreadId   000000018002e070     kernel32:KERNEL32.dll
 0002:00000078       __imp_GetSystemTimeAsFileTime 000000018002e078     kernel32:KERNEL32.dll
 0002:00000080       __imp_InitializeSListHead  000000018002e080     kernel32:KERNEL32.dll
 0002:00000088       __imp_RtlPcToFileHeader    000000018002e088     kernel32:KERNEL32.dll
 0002:00000090       __imp_EncodePointer        000000018002e090     kernel32:KERNEL32.dll
 0002:00000098       __imp_RaiseException       000000018002e098     kernel32:KERNEL32.dll
 0002:000000a0       __imp_RtlUnwindEx          000000018002e0a0     kernel32:KERNEL32.dll
 0002:000000a8       __imp_InterlockedFlushSList 000000018002e0a8     kernel32:KERNEL32.dll
 0002:000000b0       __imp_GetLastError         000000018002e0b0     kernel32:KERNEL32.dll
 0002:000000b8       __imp_SetLastError         000000018002e0b8     kernel32:KERNEL32.dll
 0002:000000c0       __imp_EnterCriticalSection 000000018002e0c0     kernel32:KERNEL32.dll
 0002:000000c8       __imp_LeaveCriticalSection 000000018002e0c8     kernel32:KERNEL32.dll
[...]
 0004:00001c98       $pdata$strncpy_s           000000018004ac98     libucrt:strncpy_s.obj
 0004:00001ca4       $pdata$strpbrk             000000018004aca4     libucrt:strpbrk.obj
 0004:00001cb0       $pdata$_mbsdec_l           000000018004acb0     libucrt:mbsdec.obj
 0004:00001cbc       $pdata$?initialize_multibyte@@YAHXZ 000000018004acbc     libucrt:multibyte_initializer.obj
 0004:00001cc8       $pdata$_msize              000000018004acc8     libucrt:msize.obj
 0004:00001cd4       $pdata$_realloc_base       000000018004acd4     libucrt:realloc_base.obj
 0004:00001ce0       $pdata$fegetenv            000000018004ace0     libucrt:fegetenv.obj
 0004:00001cec       $pdata$fesetenv            000000018004acec     libucrt:fesetenv.obj
 0004:00001cf8       $pdata$feholdexcept        000000018004acf8     libucrt:feholdexcept.obj
 0004:00001d10       $pdata$??$common_lseek@_J@@YA_JH_JH@Z 000000018004ad10     libucrt:lseek.obj
 0004:00001d1c       $pdata$??$common_lseek_nolock@_J@@YA_JH_JH@Z 000000018004ad1c     libucrt:lseek.obj
 0004:00001d28       $pdata$__acrt_stdio_allocate_buffer_nolock 000000018004ad28     libucrt:_getbuf.obj
 0004:00001d34       $pdata$_fclose_nolock      000000018004ad34     libucrt:fclose.obj
 0004:00001d40       $pdata$fclose              000000018004ad40     libucrt:fclose.obj
 0004:00001d4c       $pdata$_putwch_nolock      000000018004ad4c     libucrt:putwch.obj
 0004:00001d58       $pdata$_getfpcontrolword   000000018004ad58     libucrt:_fenvutils.obj
 0004:00001d64       $pdata$_getfpstatusword    000000018004ad64     libucrt:_fenvutils.obj
 0004:00001d70       $pdata$_setfpstatusword    000000018004ad70     libucrt:_fenvutils.obj
 0004:00001d7c       $pdata$_clearfp            000000018004ad7c     libucrt:ieee.obj
 0004:00001d88       $pdata$common_control87    000000018004ad88     libucrt:ieee.obj
 0004:00001d94       $pdata$_call_matherr       000000018004ad94     libucrt:libm_error.obj
 0004:00001da0       $pdata$_exception_enabled  000000018004ada0     libucrt:libm_error.obj
 0004:00001dac       $pdata$_handle_error       000000018004adac     libucrt:libm_error.obj
 0004:00001db8       $pdata$_handle_errorf      000000018004adb8     libucrt:libm_error.obj
 0004:00001dc4       $pdata$__acrt_initialize_fma3 000000018004adc4     libucrt:fma3_available.obj
 0004:00001dd0       $pdata$_log10_special      000000018004add0     libucrt:log_special.obj
 0004:00001ddc       $pdata$_log_special_common 000000018004addc     libucrt:log_special.obj
 0004:00001de8       $pdata$??$?RV<lambda_bfedae4ebbf01fab1bb6dcc6a9e276e0>@@AEAV<lambda_2fe9b910cf3cbf4a0ab98a02ba45b3ec>@@V<lambda_237c231691f317818eb88cc1d5d642d6>@@@?$__crt_seh_guarded_call@H@@QEAAH$$QEAV<lambda_bfedae4ebbf01fab1bb6dcc6a9e276e0>@@AEAV<lambda_2fe9b910cf3cbf4a0ab98a02ba45b3ec>@@$$QEAV<lambda_237c231691f317818eb88cc1d5d642d6>@@@Z 000000018004ade8     libucrt:close.obj
 0004:00001df4       $pdata$_close              000000018004adf4     libucrt:close.obj
 0004:00001e00       $pdata$_close_nolock       000000018004ae00     libucrt:close.obj
 0004:00001e0c       $pdata$__dcrt_lowio_initialize_console_output 000000018004ae0c     libucrt:initcon.obj
 0004:00001e18       $pdata$__dcrt_terminate_console_output 000000018004ae18     libucrt:initcon.obj
 0004:00001e30       $pdata$_raise_exc          000000018004ae30     libucrt:fpexcept.obj
 0004:00001e3c       $pdata$_raise_exc_ex       000000018004ae3c     libucrt:fpexcept.obj
 0004:00001e48       $pdata$_raise_excf         000000018004ae48     libucrt:fpexcept.obj
 0004:00001e54       $pdata$_set_errno_from_matherr 000000018004ae54     libucrt:fpexcept.obj
 0004:00001e60       $pdata$_clrfp              000000018004ae60     libucrt:fpctrl.obj
 0004:00001e6c       $pdata$_ctrlfp             000000018004ae6c     libucrt:fpctrl.obj
 0004:00001e78       $pdata$_set_statfp         000000018004ae78     libucrt:fpctrl.obj
 0004:00001e84       $pdata$_statfp             000000018004ae84     libucrt:fpctrl.obj
 0004:00001e90       $pdata$?DloadAcquireSectionWriteAccess@@YAXXZ 000000018004ae90     DelayImp:delayhlp.obj
 0004:00001e9c       $pdata$?DloadGetSRWLockFunctionPointers@@YAEXZ 000000018004ae9c     DelayImp:delayhlp.obj
 0004:00001ea8       $pdata$?DloadMakePermanentImageCommit@@YAXPEAX_K@Z 000000018004aea8     DelayImp:delayhlp.obj
 0004:00001eb4       $pdata$?DloadObtainSection@@YAPEAXPEAK0@Z 000000018004aeb4     DelayImp:delayhlp.obj
 0004:00001ec0       $pdata$?DloadProtectSection@@YAXKPEAK@Z 000000018004aec0     DelayImp:delayhlp.obj
 0004:00001ecc       $pdata$?DloadReleaseSectionWriteAccess@@YAXXZ 000000018004aecc     DelayImp:delayhlp.obj
 0004:00001ed8       $pdata$__delayLoadHelper2  000000018004aed8     DelayImp:delayhlp.obj
 0004:00001ee4       $pdata$_IsNonwritableInCurrentImage 000000018004aee4     LIBCMT:pesect.obj
 0004:00001ef0       $pdata$__GSHandlerCheck    000000018004aef0     LIBCMT:_gshandler_.obj
 0004:00001efc       $pdata$__GSHandlerCheckCommon 000000018004aefc     LIBCMT:_gshandler_.obj
 0004:00001f14       $pdata$strrchr             000000018004af14     libvcruntime:strrchr.obj
 0004:00001f2c       $pdata$?doStep$omp$1@RVOSimulator@RVO@@QEAAXXZ 000000018004af2c     RVOSimulator.obj
 0004:00001f38       $pdata$2$?doStep$omp$1@RVOSimulator@RVO@@QEAAXXZ 000000018004af38     RVOSimulator.obj
 0004:00001f44       $pdata$3$?doStep$omp$1@RVOSimulator@RVO@@QEAAXXZ 000000018004af44     RVOSimulator.obj
 0004:00001f50       $pdata$?doStep$omp$2@RVOSimulator@RVO@@QEAAXXZ 000000018004af50     RVOSimulator.obj
 0004:00001f5c       $pdata$sqrtf               000000018004af5c     libucrt:sqrtf.obj
 0004:00001f74       $pdata$?dtor$0@?0??SWIGV8_SetPrivateData@@YAXV?$Local@VObject@v8@@@v8@@PEAXPEAUswig_type_info@@H@Z@4HA 000000018004af74     rvo2_wrap.obj
 0004:00001f80       $pdata$?dtor$1@?0??_wrap_new_RVOSimulator__SWIG_0@@YAXAEBV?$FunctionCallbackInfo@VValue@v8@@@v8@@AEAVV8ErrorHandler@@@Z@4HA 000000018004af80     rvo2_wrap.obj
 0004:00001f8c       $pdata$?dtor$1@?0??_wrap_new_RVOSimulator__SWIG_1@@YAXAEBV?$FunctionCallbackInfo@VValue@v8@@@v8@@AEAVV8ErrorHandler@@@Z@4HA 000000018004af8c     rvo2_wrap.obj
 0004:00001f98       $pdata$?dtor$1@?0??_wrap_new_RVOSimulator__SWIG_2@@YAXAEBV?$FunctionCallbackInfo@VValue@v8@@@v8@@AEAVV8ErrorHandler@@@Z@4HA 000000018004af98     rvo2_wrap.obj
 0004:00001fa4       $pdata$?dtor$1@?0??_wrap_new_vectorvector__SWIG_1@@YAXAEBV?$FunctionCallbackInfo@VValue@v8@@@v8@@AEAVV8ErrorHandler@@@Z@4HA 000000018004afa4     rvo2_wrap.obj
 0004:00001fa4       $pdata$?dtor$1@?0??_wrap_new_vectord__SWIG_1@@YAXAEBV?$FunctionCallbackInfo@VValue@v8@@@v8@@AEAVV8ErrorHandler@@@Z@4HA 000000018004afa4     rvo2_wrap.obj
 0004:00001fa4       $pdata$?dtor$1@?0??_wrap_new_vectori__SWIG_1@@YAXAEBV?$FunctionCallbackInfo@VValue@v8@@@v8@@AEAVV8ErrorHandler@@@Z@4HA 000000018004afa4     rvo2_wrap.obj
 0004:00001fa4       $pdata$?dtor$1@?0??_wrap_new_vectorline__SWIG_1@@YAXAEBV?$FunctionCallbackInfo@VValue@v8@@@v8@@AEAVV8ErrorHandler@@@Z@4HA 000000018004afa4     rvo2_wrap.obj
 0004:00001fb0       $pdata$?catch$1@?0??_wrap_vectori_get@@YAXAEBV?$FunctionCallbackInfo@VValue@v8@@@v8@@@Z@4HA 000000018004afb0     rvo2_wrap.obj
 0004:00001fbc       $pdata$?catch$1@?0??_wrap_vectori_set@@YAXAEBV?$FunctionCallbackInfo@VValue@v8@@@v8@@@Z@4HA 000000018004afbc     rvo2_wrap.obj
 0004:00001fc8       $pdata$?catch$1@?0??_wrap_vectord_get@@YAXAEBV?$FunctionCallbackInfo@VValue@v8@@@v8@@@Z@4HA 000000018004afc8     rvo2_wrap.obj
 0004:00001fd4       $pdata$?catch$1@?0??_wrap_vectord_set@@YAXAEBV?$FunctionCallbackInfo@VValue@v8@@@v8@@@Z@4HA 000000018004afd4     rvo2_wrap.obj
 0004:00001fe0       $pdata$?catch$1@?0??_wrap_vectorline_get@@YAXAEBV?$FunctionCallbackInfo@VValue@v8@@@v8@@@Z@4HA 000000018004afe0     rvo2_wrap.obj
 0004:00001fec       $pdata$?catch$1@?0??_wrap_vectorline_set@@YAXAEBV?$FunctionCallbackInfo@VValue@v8@@@v8@@@Z@4HA 000000018004afec     rvo2_wrap.obj
 0004:00001ff8       $pdata$?catch$1@?0??_wrap_vectorvector_get@@YAXAEBV?$FunctionCallbackInfo@VValue@v8@@@v8@@@Z@4HA 000000018004aff8     rvo2_wrap.obj
 0004:00002004       $pdata$?catch$1@?0??_wrap_vectorvector_set@@YAXAEBV?$FunctionCallbackInfo@VValue@v8@@@v8@@@Z@4HA 000000018004b004     rvo2_wrap.obj
 0004:00002010       $pdata$__scrt_is_nonwritable_in_current_image$filt$0 000000018004b010     LIBCMT:utility.obj
 0004:0000201c       $pdata$?fin$0@?0??dllmain_crt_process_attach@@YAHQEAUHINSTANCE__@@QEAX@Z@4HA 000000018004b01c     LIBCMT:dll_dllmain.obj
 0004:00002028       $pdata$?fin$0@?0??dllmain_crt_process_detach@@YAH_N@Z@4HA 000000018004b028     LIBCMT:dll_dllmain.obj
 0004:00002034       $pdata$?filt$0@?0??dllmain_dispatch@@YAHQEAUHINSTANCE__@@KQEAX@Z@4HA 000000018004b034     LIBCMT:dll_dllmain.obj
 0004:00002040       $pdata$__CxxCallCatchBlock$filt$0 000000018004b040     libvcruntime:frame.obj
 0004:0000204c       $pdata$__CxxCallCatchBlock$fin$1 000000018004b04c     libvcruntime:frame.obj
 0004:00002058       $pdata$__DestructExceptionObject$filt$0 000000018004b058     libvcruntime:frame.obj
 0004:00002064       $pdata$__FrameUnwindToState$filt$0 000000018004b064     libvcruntime:frame.obj
 0004:00002070       $pdata$__FrameUnwindToState$fin$1 000000018004b070     libvcruntime:frame.obj
 0004:0000207c       $pdata$_CallSETranslator$filt$0 000000018004b07c     libvcruntime:trnsctrl.obj
 0004:00002088       $pdata$_query_new_handler$fin$0 000000018004b088     libucrt:new_handler.obj
 0004:00002094       $pdata$?filt$0@?0??common_exit@@YAXHW4_crt_exit_cleanup_mode@@W4_crt_exit_return_mode@@@Z@4HA 000000018004b094     libucrt:exit.obj
 0004:000020a0       $pdata$?fin$1@?0??common_exit@@YAXHW4_crt_exit_cleanup_mode@@W4_crt_exit_return_mode@@@Z@4HA 000000018004b0a0     libucrt:exit.obj
 0004:000020ac       $pdata$?fin$0@?0???$?RV<lambda_e24bbb7b643b32fcea6fa61b31d4c984>@@AEAV<lambda_275893d493268fdec8709772e3fcec0e>@@V<lambda_9d71df4d7cf3f480f8d633942495c3b0>@@@?$__crt_seh_guarded_call@H@@QEAAH$$QEAV<lambda_e24bbb7b643b32fcea6fa61b31d4c984>@@AEAV<lambda_275893d493268fdec8709772e3fcec0e>@@$$QEAV<lambda_9d71df4d7cf3f480f8d633942495c3b0>@@@Z@4HA 000000018004b0ac     libucrt:onexit.obj
 0004:000020b8       $pdata$?fin$0@?0???$?RV<lambda_b8c45f8f788dd370798f47cfe8ac3a86>@@AEAV<lambda_4e60a939b0d047cfe11ddc22648dfba9>@@V<lambda_332c3edc96d0294ec56c57d38c1cdfd5>@@@?$__crt_seh_guarded_call@H@@QEAAH$$QEAV<lambda_b8c45f8f788dd370798f47cfe8ac3a86>@@AEAV<lambda_4e60a939b0d047cfe11ddc22648dfba9>@@$$QEAV<lambda_332c3edc96d0294ec56c57d38c1cdfd5>@@@Z@4HA 000000018004b0b8     libucrt:onexit.obj
 0004:000020b8       $pdata$?fin$0@?0???$?RV<lambda_99476a1ad63dd22509b5d3e65b0ffc95>@@AEAV<lambda_ad1ced32f4ac17aa236e5ef05d6b3b7c>@@V<lambda_f7424dd8d45958661754dc4f2697e9c3>@@@?$__crt_seh_guarded_call@X@@QEAAX$$QEAV<lambda_99476a1ad63dd22509b5d3e65b0ffc95>@@AEAV<lambda_ad1ced32f4ac17aa236e5ef05d6b3b7c>@@$$QEAV<lambda_f7424dd8d45958661754dc4f2697e9c3>@@@Z@4HA 000000018004b0b8     libucrt:mbctype.obj
 0004:000020b8       $pdata$?fin$0@?0???$?RV<lambda_5e887d1dcbef67a5eb4283622ba103bf>@@AEAV<lambda_4466841279450cc726390878d4a41900>@@V<lambda_341c25c0346d94847f1f3c463c57e077>@@@?$__crt_seh_guarded_call@X@@QEAAX$$QEAV<lambda_5e887d1dcbef67a5eb4283622ba103bf>@@AEAV<lambda_4466841279450cc726390878d4a41900>@@$$QEAV<lambda_341c25c0346d94847f1f3c463c57e077>@@@Z@4HA 000000018004b0b8     libucrt:per_thread_data.obj
 0004:000020b8       $pdata$?fin$0@?0???$?RV<lambda_c36588078e9f5dfd39652860aa6b3aaf>@@AEAV<lambda_ec61778202f4f5fc7e7711acc23c3bca>@@V<lambda_dc9d2797ccde5d239b4a0efae8ebd7db>@@@?$__crt_seh_guarded_call@P6AXH@Z@@QEAAP6AXH@Z$$QEAV<lambda_c36588078e9f5dfd39652860aa6b3aaf>@@AEAV<lambda_ec61778202f4f5fc7e7711acc23c3bca>@@$$QEAV<lambda_dc9d2797ccde5d239b4a0efae8ebd7db>@@@Z@4HA 000000018004b0b8     libucrt:signal.obj
 0004:000020b8       $pdata$?fin$0@?0???$?RV<lambda_72d1df2b273a38828b1ce30cbf4cdab5>@@AEAV<lambda_876a65b173b8412d3a47c70a915b0cf4>@@V<lambda_41932305e351933ebe8f8be3ed8bb5dc>@@@?$__crt_seh_guarded_call@X@@QEAAX$$QEAV<lambda_72d1df2b273a38828b1ce30cbf4cdab5>@@AEAV<lambda_876a65b173b8412d3a47c70a915b0cf4>@@$$QEAV<lambda_41932305e351933ebe8f8be3ed8bb5dc>@@@Z@4HA 000000018004b0b8     libucrt:per_thread_data.obj
 0004:000020b8       $pdata$?fin$0@?0???$?RV<lambda_fb3a7dec4e47f37f22dae91bb15c9095>@@AEAV<lambda_698284760c8add0bfb0756c19673e34b>@@V<lambda_dfb8eca1e75fef3034a8fb18dd509707>@@@?$__crt_seh_guarded_call@X@@QEAAX$$QEAV<lambda_fb3a7dec4e47f37f22dae91bb15c9095>@@AEAV<lambda_698284760c8add0bfb0756c19673e34b>@@$$QEAV<lambda_dfb8eca1e75fef3034a8fb18dd509707>@@@Z@4HA 000000018004b0b8     libucrt:per_thread_data.obj
 0004:000020b8       $pdata$?fin$0@?0???$?RV<lambda_46352004c1216016012b18bd6f87e700>@@AEAV<lambda_3bd07e1a1191394380780325891bf33f>@@V<lambda_334532d3f185bcaa59b5be82d7d22bff>@@@?$__crt_seh_guarded_call@X@@QEAAX$$QEAV<lambda_46352004c1216016012b18bd6f87e700>@@AEAV<lambda_3bd07e1a1191394380780325891bf33f>@@$$QEAV<lambda_334532d3f185bcaa59b5be82d7d22bff>@@@Z@4HA 000000018004b0b8     libucrt:per_thread_data.obj
 0004:000020c4       $pdata$__acrt_update_thread_locale_data$fin$0 000000018004b0c4     libucrt:locale_refcounting.obj
 0004:000020c4       $pdata$__acrt_uninitialize_locale$fin$0 000000018004b0c4     libucrt:wsetlocale.obj
 0004:000020d0       $pdata$__acrt_lowio_ensure_fh_exists$fin$0 000000018004b0d0     libucrt:osfinfo.obj
 0004:000020d0       $pdata$__acrt_initialize_lowio$fin$0 000000018004b0d0     libucrt:ioinit.obj
 0004:000020dc       $pdata$common_flush_all$fin$0 000000018004b0dc     libucrt:fflush.obj
 0004:000020e8       $pdata$common_flush_all$fin$1 000000018004b0e8     libucrt:fflush.obj
 0004:000020f4       $pdata$fclose$fin$0        000000018004b0f4     libucrt:fclose.obj
 0004:000020f4       $pdata$fflush$fin$0        000000018004b0f4     libucrt:fflush.obj
 0004:00002100       $pdata$?fin$0@?0???$?RV<lambda_7b91131dde12e1c3dfc74ff76b3f2eac>@@AEAV<lambda_dd75445284c072d0bd3768540cc698fa>@@V<lambda_16bc4ecb55b4718497c16bceaea2ceaf>@@@?$__crt_seh_guarded_call@H@@QEAAH$$QEAV<lambda_7b91131dde12e1c3dfc74ff76b3f2eac>@@AEAV<lambda_dd75445284c072d0bd3768540cc698fa>@@$$QEAV<lambda_16bc4ecb55b4718497c16bceaea2ceaf>@@@Z@4HA 000000018004b100     libucrt:output.obj
 0004:00002100       $pdata$?fin$0@?0???$?RV<lambda_7a5ef57ff966f610505f1d28a3d40618>@@AEAV<lambda_b721fa326cdb32351d23dfa67958c160>@@V<lambda_5e0fb27672408a07956fe59e48ccb2aa>@@@?$__crt_seh_guarded_call@H@@QEAAH$$QEAV<lambda_7a5ef57ff966f610505f1d28a3d40618>@@AEAV<lambda_b721fa326cdb32351d23dfa67958c160>@@$$QEAV<lambda_5e0fb27672408a07956fe59e48ccb2aa>@@@Z@4HA 000000018004b100     libucrt:setvbuf.obj
 0004:0000210c       $pdata$raise$fin$0         000000018004b10c     libucrt:signal.obj
 0004:00002118       $pdata$__acrt_update_thread_multibyte_data$fin$0 000000018004b118     libucrt:mbctype.obj
 0004:00002124       $pdata$_fcloseall$fin$0    000000018004b124     libucrt:closeall.obj
 0004:00002130       $pdata$?fin$0@?0???$?RV<lambda_b521505b218e5242e90febf6bfebc422>@@AEAV<lambda_6978c1fb23f02e42e1d9e99668cc68aa>@@V<lambda_314360699dd331753a4119843814e9a7>@@@?$__crt_seh_guarded_call@H@@QEAAH$$QEAV<lambda_b521505b218e5242e90febf6bfebc422>@@AEAV<lambda_6978c1fb23f02e42e1d9e99668cc68aa>@@$$QEAV<lambda_314360699dd331753a4119843814e9a7>@@@Z@4HA 000000018004b130     libucrt:commit.obj
 0004:00002130       $pdata$?fin$0@?0???$?RV<lambda_bfedae4ebbf01fab1bb6dcc6a9e276e0>@@AEAV<lambda_2fe9b910cf3cbf4a0ab98a02ba45b3ec>@@V<lambda_237c231691f317818eb88cc1d5d642d6>@@@?$__crt_seh_guarded_call@H@@QEAAH$$QEAV<lambda_bfedae4ebbf01fab1bb6dcc6a9e276e0>@@AEAV<lambda_2fe9b910cf3cbf4a0ab98a02ba45b3ec>@@$$QEAV<lambda_237c231691f317818eb88cc1d5d642d6>@@@Z@4HA 000000018004b130     libucrt:close.obj
 0004:0000213c       $pdata$_write$fin$0        000000018004b13c     libucrt:write.obj
 0004:0000213c       $pdata$?fin$0@?0???$common_lseek@_J@@YA_JH_JH@Z@4HA 000000018004b13c     libucrt:lseek.obj
 0004:00002148       $pdata$common_control87$filt$0 000000018004b148     libucrt:ieee.obj
 0004:00002148       $pdata$_ctrlfp$filt$0      000000018004b148     libucrt:fpctrl.obj
 0004:00002154       $pdata$_IsNonwritableInCurrentImage$filt$0 000000018004b154     LIBCMT:pesect.obj
 0004:00002160       $pdata$??__FSWIGV8_SWIGTYPE_Proxy_class_templ@@YAXXZ 000000018004b160     rvo2_wrap.obj
 0004:0000216c       $pdata$??__F_exports_Vector2_clientData@@YAXXZ 000000018004b16c     rvo2_wrap.obj
 0004:00002178       $pdata$??__F_exports_Agent_clientData@@YAXXZ 000000018004b178     rvo2_wrap.obj
 0004:00002184       $pdata$??__F_exports_Obstacle_clientData@@YAXXZ 000000018004b184     rvo2_wrap.obj
 0004:00002190       $pdata$??__F_exports_KdTree_clientData@@YAXXZ 000000018004b190     rvo2_wrap.obj
 0004:0000219c       $pdata$??__F_exports_Line_clientData@@YAXXZ 000000018004b19c     rvo2_wrap.obj
 0004:000021a8       $pdata$??__F_exports_RVOSimulator_clientData@@YAXXZ 000000018004b1a8     rvo2_wrap.obj
 0004:000021b4       $pdata$??__F_exports_vectori_clientData@@YAXXZ 000000018004b1b4     rvo2_wrap.obj
 0004:000021c0       $pdata$??__F_exports_vectord_clientData@@YAXXZ 000000018004b1c0     rvo2_wrap.obj
 0004:000021cc       $pdata$??__F_exports_vectorline_clientData@@YAXXZ 000000018004b1cc     rvo2_wrap.obj
 0004:000021d8       $pdata$??__F_exports_vectorvector_clientData@@YAXXZ 000000018004b1d8     rvo2_wrap.obj
 0005:00000000       __guard_fids__             000000018004c000     libucrt:initialization.obj
 0005:00000060       __guard_fids___acrt_initialize_ptd 000000018004c060     libucrt:per_thread_data.obj
 0005:00000064       __guard_fids___acrt_show_wide_message_box 000000018004c064     libucrt:crtmbox.obj
 0005:00000068       __guard_fids_??$expand_argument_wildcards@D@@YAHQEAD0AEAV?$argument_list@D@?A0xca0879c4@@@Z 000000018004c068     libucrt:argv_wildcards.obj
 0005:0000006c       __guard_fids__             000000018004c06c     libucrt:stdio_initializer.obj
 0005:00000070       __guard_fids__             000000018004c070     libucrt:stdio_initializer.obj
 0005:00000074       __guard_fids__             000000018004c074     libucrt:locale_initializer.obj
 0005:00000078       __guard_fids__             000000018004c078     libucrt:multibyte_initializer.obj
 0005:0000007c       __guard_fids__             000000018004c07c     libucrt:fma3_initializer.obj
 0005:00000080       __guard_fids__             000000018004c080     libucrt:console_output_initializer.obj
 0005:00000084       __guard_fids__             000000018004c084     libcpmt:xthrow.obj
 0005:0000008c       __guard_fids__             000000018004c08c     libcpmt:xthrow.obj
 0005:00000094       __guard_fids__             000000018004c094     libcpmt:xthrow.obj
 0005:0000009c       __guard_fids__             000000018004c09c     libcpmt:xthrow.obj
 0005:000000a4       __guard_fids__             000000018004c0a4     libcpmt:xthrow.obj
 0005:000000ac       __guard_fids__             000000018004c0ac     LIBCMT:std_type_info_static.obj
 0005:000000b0       __guard_fids_?dllmain_crt_process_attach@@YAHQEAUHINSTANCE__@@QEAX@Z 000000018004c0b0     LIBCMT:dll_dllmain.obj
 0005:000000b8       __guard_fids_?dllmain_dispatch@@YAHQEAUHINSTANCE__@@KQEAX@Z 000000018004c0b8     LIBCMT:dll_dllmain.obj
 0005:000000bc       __guard_fids__             000000018004c0bc     LIBCMT:throw_bad_alloc.obj
 0005:000000c4       __guard_fids__             000000018004c0c4     LIBCMT:guard_support.obj
 0005:000000c8       __guard_fids__             000000018004c0c8     libvcruntime:frame.obj
 0005:000000cc       __guard_fids__             000000018004c0cc     libvcruntime:frame.obj
 0005:000000d4       __guard_fids___vcrt_initialize_ptd 000000018004c0d4     libvcruntime:per_thread_data.obj
 0005:000000d8       __guard_fids__UnwindNestedFrames 000000018004c0d8     libvcruntime:trnsctrl.obj
 0006:00000060       $R000000                   000000018004d060     * linker generated manifest res *

 Exports

  ordinal    name

        1    _register_rvo2_
